[2026-03-08 01:07:18,632: INFO/MainProcess] Connected to redis://localhost:6379/0
[2026-03-08 01:07:18,639: INFO/MainProcess] mingle: searching for neighbors
[2026-03-08 01:07:19,664: INFO/MainProcess] mingle: all alone
[2026-03-08 01:07:19,744: INFO/MainProcess] celery@seth-virtual-machine ready.
[2026-03-19 16:59:40,602: INFO/MainProcess] Connected to redis://localhost:6379/0
[2026-03-19 16:59:40,608: INFO/MainProcess] mingle: searching for neighbors
[2026-03-19 16:59:41,624: INFO/MainProcess] mingle: all alone
[2026-03-19 16:59:41,651: INFO/MainProcess] celery@seth-virtual-machine ready.
[2026-03-19 16:59:41,657: INFO/MainProcess] Task monitoring.tasks.collect_device_metrics[48681207-ff67-4eb0-a5f2-7b1ca6d7857d] received
[2026-03-19 16:59:41,681: INFO/ForkPoolWorker-3] Task monitoring.tasks.collect_device_metrics[48681207-ff67-4eb0-a5f2-7b1ca6d7857d] succeeded in 0.022642122999968706s: {'success': False, 'error': 'Device with id 2 not found'}
[2026-03-19 18:04:38,868: INFO/MainProcess] Task configs.tasks.backup_all_devices_configs[5d2f1983-fb7b-4f5a-a6a1-3b0157ecbc9d] received
[2026-03-19 18:05:05,371: INFO/ForkPoolWorker-3] Connected (version 1.99, client DOPRA-1.5)
[2026-03-19 18:05:06,504: INFO/ForkPoolWorker-3] Authentication (password) successful!
[2026-03-19 18:05:11,966: INFO/ForkPoolWorker-3] Connected (version 1.99, client DOPRA-1.5)
[2026-03-19 18:05:13,277: INFO/ForkPoolWorker-3] Authentication (password) successful!
[2026-03-19 18:05:17,391: INFO/ForkPoolWorker-3] Task configs.tasks.backup_all_devices_configs[5d2f1983-fb7b-4f5a-a6a1-3b0157ecbc9d] succeeded in 38.51943093799855s: {'success': True, 'total_devices': 3, 'success_count': 1, 'failure_count': 2}
[2026-03-19 19:43:34,138: INFO/MainProcess] Task configs.tasks.execute_config_task[f20c9032-9cb6-4e89-9564-86ad95107fff] received
[2026-03-19 19:43:34,730: INFO/ForkPoolWorker-3] Task configs.tasks.execute_config_task[f20c9032-9cb6-4e89-9564-86ad95107fff] succeeded in 0.44072510299884016s: {'success': False, 'error': 'Task with id 1 not found'}
[2026-03-19 19:43:39,972: INFO/MainProcess] Task configs.tasks.execute_config_task[39faa63f-6ae6-491d-9301-b9fc0dd94f1e] received
[2026-03-19 19:43:39,986: INFO/ForkPoolWorker-3] Task configs.tasks.execute_config_task[39faa63f-6ae6-491d-9301-b9fc0dd94f1e] succeeded in 0.010235061999992467s: {'success': False, 'error': 'Task with id 1 not found'}
[2026-03-19 20:10:11,911: INFO/MainProcess] Task monitoring.tasks.collect_device_metrics[46eb0295-cacf-4915-a25d-78c3eccc26b3] received
[2026-03-19 20:10:12,264: INFO/ForkPoolWorker-3] Task monitoring.tasks.collect_device_metrics[46eb0295-cacf-4915-a25d-78c3eccc26b3] succeeded in 0.241952886000945s: {'success': True, 'device_id': 1, 'stored_count': 0, 'alerts_count': 0}
[2026-03-19 20:10:17,735: INFO/MainProcess] Task monitoring.tasks.collect_device_metrics[c49a09a9-a666-4d53-ae51-a9f069da395c] received
[2026-03-19 20:10:17,744: INFO/ForkPoolWorker-3] Task monitoring.tasks.collect_device_metrics[c49a09a9-a666-4d53-ae51-a9f069da395c] succeeded in 0.00825159300075029s: {'success': True, 'device_id': 1, 'stored_count': 0, 'alerts_count': 0}
[2026-03-19 20:31:56,687: INFO/MainProcess] Task monitoring.tasks.collect_device_metrics[24b23b53-c2fa-4c11-8982-0edc1e8243b9] received
[2026-03-19 20:31:56,698: INFO/ForkPoolWorker-3] Task monitoring.tasks.collect_device_metrics[24b23b53-c2fa-4c11-8982-0edc1e8243b9] succeeded in 0.009270352995372377s: {'success': True, 'device_id': 1, 'stored_count': 0, 'alerts_count': 0}
[2026-03-19 20:46:50,470: INFO/MainProcess] Task monitoring.tasks.collect_device_metrics[9945dafa-9d65-471e-bd40-91a6bc85a664] received
[2026-03-19 20:46:50,481: INFO/ForkPoolWorker-3] Task monitoring.tasks.collect_device_metrics[9945dafa-9d65-471e-bd40-91a6bc85a664] succeeded in 0.0094911129999673s: {'success': True, 'device_id': 1, 'stored_count': 0, 'alerts_count': 0}
[2026-03-19 21:12:26,820: INFO/MainProcess] Task monitoring.tasks.collect_device_metrics[26ecfa78-fddd-4243-97e9-f46eec66e908] received
[2026-03-19 21:12:26,845: INFO/ForkPoolWorker-3] Task monitoring.tasks.collect_device_metrics[26ecfa78-fddd-4243-97e9-f46eec66e908] succeeded in 0.022516003999044187s: {'success': True, 'device_id': 1, 'stored_count': 0, 'alerts_count': 0}
[2026-03-19 22:31:32,501: INFO/MainProcess] Task monitoring.tasks.collect_device_metrics[eb3e3204-ce86-43da-aa97-33f0b810554d] received
[2026-03-19 22:31:32,531: INFO/ForkPoolWorker-3] Task monitoring.tasks.collect_device_metrics[eb3e3204-ce86-43da-aa97-33f0b810554d] succeeded in 0.01493063799716765s: {'success': True, 'device_id': 1, 'stored_count': 0, 'alerts_count': 0}
[2026-03-19 22:31:45,967: INFO/MainProcess] Task monitoring.tasks.collect_device_metrics[e6a4e073-3074-4a74-9b9f-1b7d776ee965] received
[2026-03-19 22:31:45,981: INFO/ForkPoolWorker-3] Task monitoring.tasks.collect_device_metrics[e6a4e073-3074-4a74-9b9f-1b7d776ee965] succeeded in 0.010475950002728496s: {'success': True, 'device_id': 1, 'stored_count': 0, 'alerts_count': 0}
[2026-03-19 22:40:04,694: INFO/MainProcess] Task monitoring.tasks.collect_device_metrics[c2ae04a5-e1b7-4185-8ed3-8abc7d572774] received
[2026-03-19 22:40:04,707: INFO/ForkPoolWorker-3] Task monitoring.tasks.collect_device_metrics[c2ae04a5-e1b7-4185-8ed3-8abc7d572774] succeeded in 0.010549184000410605s: {'success': True, 'device_id': 1, 'stored_count': 0, 'alerts_count': 0}
[2026-03-19 23:02:56,803: INFO/MainProcess] Task monitoring.tasks.collect_device_metrics[fb3b1ceb-fa21-40df-81bf-d2fdc9d486f6] received
[2026-03-19 23:02:56,826: INFO/ForkPoolWorker-3] Task monitoring.tasks.collect_device_metrics[fb3b1ceb-fa21-40df-81bf-d2fdc9d486f6] succeeded in 0.021004468995670322s: {'success': True, 'device_id': 1, 'stored_count': 0, 'alerts_count': 0}
[2026-03-19 23:21:21,912: INFO/MainProcess] Task monitoring.tasks.collect_device_metrics[e57f31f2-de88-4788-9683-b52d792545c0] received
[2026-03-19 23:21:21,935: INFO/ForkPoolWorker-3] Task monitoring.tasks.collect_device_metrics[e57f31f2-de88-4788-9683-b52d792545c0] succeeded in 0.021275073995639104s: {'success': True, 'device_id': 1, 'stored_count': 0, 'alerts_count': 0}
[2026-03-19 23:29:33,267: INFO/MainProcess] Task monitoring.tasks.collect_device_metrics[cd47bbf0-753f-4b24-afde-a66d607432a5] received
[2026-03-19 23:29:33,302: INFO/ForkPoolWorker-3] Task monitoring.tasks.collect_device_metrics[cd47bbf0-753f-4b24-afde-a66d607432a5] succeeded in 0.017541071996674873s: {'success': True, 'device_id': 1, 'stored_count': 0, 'alerts_count': 0}
[2026-03-19 23:42:25,321: INFO/MainProcess] Task monitoring.tasks.collect_device_metrics[50933b8f-051a-427e-84c0-ccabc7340022] received
[2026-03-19 23:42:25,333: INFO/ForkPoolWorker-3] Task monitoring.tasks.collect_device_metrics[50933b8f-051a-427e-84c0-ccabc7340022] succeeded in 0.010182075995544437s: {'success': True, 'device_id': 1, 'stored_count': 0, 'alerts_count': 0}
[2026-03-27 17:48:41,232: INFO/MainProcess] Connected to redis://localhost:6379/0
[2026-03-27 17:48:41,238: INFO/MainProcess] mingle: searching for neighbors
[2026-03-27 17:48:42,284: INFO/MainProcess] mingle: all alone
[2026-03-27 17:48:42,325: INFO/MainProcess] celery@seth-virtual-machine ready.
[2026-03-27 17:48:45,261: INFO/MainProcess] Events of group {task} enabled by remote.
[2026-03-27 17:49:33,713: INFO/MainProcess] Task devices.tasks.check_device_online[aaaae8aa-1ae0-48f3-b7ac-d6dce82ae7ed] received
[2026-03-27 17:49:33,723: INFO/MainProcess] Task monitoring.tasks.collect_all_online_devices_metrics[c204a235-e0fa-4845-8b05-0f6edb60c156] received
[2026-03-27 17:49:33,727: INFO/MainProcess] Task configs.tasks.execute_scheduled_backup[3bcf1ba8-60de-4731-add3-ec8eff3ba20b] received
[2026-03-27 17:49:33,783: INFO/ForkPoolWorker-4] Task configs.tasks.execute_scheduled_backup[3bcf1ba8-60de-4731-add3-ec8eff3ba20b] succeeded in 0.053214088000459014s: {'success': True, 'message': '当前无到期的备份任务', 'triggered_count': 0}
[2026-03-27 17:49:33,794: INFO/MainProcess] Task monitoring.tasks.collect_device_metrics[a6186efd-f107-4dc5-80eb-64ed4d33fd5d] received
[2026-03-27 17:49:33,795: INFO/ForkPoolWorker-1] Task monitoring.tasks.collect_all_online_devices_metrics[c204a235-e0fa-4845-8b05-0f6edb60c156] succeeded in 0.06630671399943822s: {'success': True, 'devices_count': 1, 'results': [{'device_id': 1, 'device_name': 'router1'}]}
[2026-03-27 17:49:35,788: INFO/ForkPoolWorker-3] Task devices.tasks.check_device_online[aaaae8aa-1ae0-48f3-b7ac-d6dce82ae7ed] succeeded in 2.072438986000634s: {'success': True, 'total_devices': 7, 'online_count': 1, 'offline_devices': 0, 'offline_ips': []}
[2026-03-27 17:49:36,945: INFO/ForkPoolWorker-4] Connected (version 2.0, client Comware-7.1.064)
[2026-03-27 17:49:37,072: INFO/ForkPoolWorker-4] Authentication (password) successful!
[2026-03-27 17:49:39,930: INFO/ForkPoolWorker-4] Task monitoring.tasks.collect_device_metrics[a6186efd-f107-4dc5-80eb-64ed4d33fd5d] succeeded in 6.134088638998946s: {'success': True, 'device_id': 1, 'stored_count': 42, 'alerts_count': 0}
[2026-03-27 17:49:40,877: INFO/MainProcess] Task devices.tasks.check_device_online[44578471-cb48-437a-b0e5-d0f064d6efb7] received
[2026-03-27 17:49:40,917: INFO/MainProcess] Task monitoring.tasks.collect_all_online_devices_metrics[8f88915f-10cf-474f-a855-5558b44ed913] received
[2026-03-27 17:49:40,924: INFO/MainProcess] Task configs.tasks.execute_scheduled_backup[43f6e7a2-3e6c-4ee7-b0b2-d084b6b06d0a] received
[2026-03-27 17:49:40,949: INFO/ForkPoolWorker-1] Task monitoring.tasks.collect_all_online_devices_metrics[8f88915f-10cf-474f-a855-5558b44ed913] succeeded in 0.029052019001028384s: {'success': True, 'devices_count': 1, 'results': [{'device_id': 1, 'device_name': 'router1'}]}
[2026-03-27 17:49:40,949: INFO/MainProcess] Task monitoring.tasks.collect_device_metrics[874eaabb-3aaf-45a1-afd2-606eed13bb51] received
[2026-03-27 17:49:40,957: INFO/ForkPoolWorker-4] Task configs.tasks.execute_scheduled_backup[43f6e7a2-3e6c-4ee7-b0b2-d084b6b06d0a] succeeded in 0.03045323199876293s: {'success': True, 'message': '当前无到期的备份任务', 'triggered_count': 0}
[2026-03-27 17:49:42,927: INFO/ForkPoolWorker-3] Task devices.tasks.check_device_online[44578471-cb48-437a-b0e5-d0f064d6efb7] succeeded in 2.048316035001335s: {'success': True, 'total_devices': 7, 'online_count': 1, 'offline_devices': 0, 'offline_ips': []}
[2026-03-27 17:49:43,765: INFO/ForkPoolWorker-1] Connected (version 2.0, client Comware-7.1.064)
[2026-03-27 17:49:43,845: INFO/ForkPoolWorker-1] Authentication (password) successful!
[2026-03-27 17:49:46,314: INFO/ForkPoolWorker-1] Task monitoring.tasks.collect_device_metrics[874eaabb-3aaf-45a1-afd2-606eed13bb51] succeeded in 5.3619502909987204s: {'success': True, 'device_id': 1, 'stored_count': 42, 'alerts_count': 0}
[2026-03-27 17:50:33,713: INFO/MainProcess] Task devices.tasks.check_device_online[b9476e59-6ab8-4a65-aa42-8de0c67b0a98] received
[2026-03-27 17:50:33,725: INFO/MainProcess] Task monitoring.tasks.collect_all_online_devices_metrics[e57c7b62-5390-48af-ac00-eba2bbfa98cd] received
[2026-03-27 17:50:33,729: INFO/MainProcess] Task configs.tasks.execute_scheduled_backup[24c763c6-766e-4f4a-95e4-645f276ec4f4] received
[2026-03-27 17:50:33,761: INFO/ForkPoolWorker-1] Task monitoring.tasks.collect_all_online_devices_metrics[e57c7b62-5390-48af-ac00-eba2bbfa98cd] succeeded in 0.032638139000482624s: {'success': True, 'devices_count': 1, 'results': [{'device_id': 1, 'device_name': 'router1'}]}
[2026-03-27 17:50:33,762: INFO/MainProcess] Task monitoring.tasks.collect_device_metrics[e34e6917-cced-4948-83fc-b70a741bf838] received
[2026-03-27 17:50:33,771: INFO/ForkPoolWorker-4] Task configs.tasks.execute_scheduled_backup[24c763c6-766e-4f4a-95e4-645f276ec4f4] succeeded in 0.03792201900068903s: {'success': True, 'message': '当前无到期的备份任务', 'triggered_count': 0}
[2026-03-27 17:50:35,766: INFO/ForkPoolWorker-3] Task devices.tasks.check_device_online[b9476e59-6ab8-4a65-aa42-8de0c67b0a98] succeeded in 2.050633848000871s: {'success': True, 'total_devices': 7, 'online_count': 1, 'offline_devices': 0, 'offline_ips': []}
[2026-03-27 17:50:36,481: INFO/ForkPoolWorker-1] Connected (version 2.0, client Comware-7.1.064)
[2026-03-27 17:50:36,560: INFO/ForkPoolWorker-1] Authentication (password) successful!
[2026-03-27 17:50:39,294: INFO/ForkPoolWorker-1] Task monitoring.tasks.collect_device_metrics[e34e6917-cced-4948-83fc-b70a741bf838] succeeded in 5.52746666800158s: {'success': True, 'device_id': 1, 'stored_count': 42, 'alerts_count': 0}
[2026-03-27 17:50:40,880: INFO/MainProcess] Task devices.tasks.check_device_online[e6b3cbd2-7d46-42eb-a341-cea6a025c9eb] received
[2026-03-27 17:50:40,916: INFO/MainProcess] Task monitoring.tasks.collect_all_online_devices_metrics[396b99a9-2ced-4608-895b-2d15887dc69a] received
[2026-03-27 17:50:40,924: INFO/MainProcess] Task configs.tasks.execute_scheduled_backup[cb9ae80c-eea2-4b1d-841b-642f9581dde4] received
[2026-03-27 17:50:40,953: INFO/MainProcess] Task monitoring.tasks.collect_device_metrics[fd0e4b15-4010-4ffe-ac9b-cd4eee840fc8] received
[2026-03-27 17:50:40,953: INFO/ForkPoolWorker-1] Task monitoring.tasks.collect_all_online_devices_metrics[396b99a9-2ced-4608-895b-2d15887dc69a] succeeded in 0.033597851999729755s: {'success': True, 'devices_count': 1, 'results': [{'device_id': 1, 'device_name': 'router1'}]}
[2026-03-27 17:50:40,959: INFO/ForkPoolWorker-4] Task configs.tasks.execute_scheduled_backup[cb9ae80c-eea2-4b1d-841b-642f9581dde4] succeeded in 0.03211335600099119s: {'success': True, 'message': '当前无到期的备份任务', 'triggered_count': 0}
[2026-03-27 17:50:42,933: INFO/ForkPoolWorker-3] Task devices.tasks.check_device_online[e6b3cbd2-7d46-42eb-a341-cea6a025c9eb] succeeded in 2.049940147999223s: {'success': True, 'total_devices': 7, 'online_count': 1, 'offline_devices': 0, 'offline_ips': []}
[2026-03-27 17:50:43,649: INFO/ForkPoolWorker-1] Connected (version 2.0, client Comware-7.1.064)
[2026-03-27 17:50:43,724: INFO/ForkPoolWorker-1] Authentication (password) successful!
[2026-03-27 17:50:46,144: INFO/ForkPoolWorker-1] Task monitoring.tasks.collect_device_metrics[fd0e4b15-4010-4ffe-ac9b-cd4eee840fc8] succeeded in 5.187889247001294s: {'success': True, 'device_id': 1, 'stored_count': 42, 'alerts_count': 0}
[2026-03-27 17:50:58,324: INFO/MainProcess] Task monitoring.tasks.collect_device_metrics[e461f502-f3fc-4146-b1db-ef7247b9d4e9] received
[2026-03-27 17:51:01,089: INFO/ForkPoolWorker-3] Connected (version 2.0, client Comware-7.1.064)
[2026-03-27 17:51:01,160: INFO/ForkPoolWorker-3] Authentication (password) successful!
[2026-03-27 17:51:02,521: INFO/MainProcess] Task monitoring.tasks.collect_device_metrics[c8b2e4b4-d2b5-454f-a080-0808f4718980] received
[2026-03-27 17:51:03,754: INFO/ForkPoolWorker-3] Task monitoring.tasks.collect_device_metrics[e461f502-f3fc-4146-b1db-ef7247b9d4e9] succeeded in 5.4279059680011414s: {'success': True, 'device_id': 1, 'stored_count': 42, 'alerts_count': 0}
[2026-03-27 17:51:05,099: INFO/ForkPoolWorker-1] Connected (version 2.0, client Comware-7.1.064)
[2026-03-27 17:51:05,174: INFO/ForkPoolWorker-1] Authentication (password) successful!
[2026-03-27 17:51:06,753: INFO/MainProcess] Task monitoring.tasks.collect_device_metrics[f84cdb01-3fb6-462a-9410-ea3258a6eb56] received
[2026-03-27 17:51:07,815: INFO/ForkPoolWorker-1] Task monitoring.tasks.collect_device_metrics[c8b2e4b4-d2b5-454f-a080-0808f4718980] succeeded in 5.2912316040001315s: {'success': True, 'device_id': 1, 'stored_count': 42, 'alerts_count': 0}
[2026-03-27 17:51:09,388: INFO/ForkPoolWorker-3] Connected (version 2.0, client Comware-7.1.064)
[2026-03-27 17:51:09,457: INFO/ForkPoolWorker-3] Authentication (password) successful!
[2026-03-27 17:51:13,549: INFO/ForkPoolWorker-3] Task monitoring.tasks.collect_device_metrics[f84cdb01-3fb6-462a-9410-ea3258a6eb56] succeeded in 6.7899598730000434s: {'success': True, 'device_id': 1, 'stored_count': 42, 'alerts_count': 0}
[2026-03-27 17:51:33,725: INFO/MainProcess] Task monitoring.tasks.collect_all_online_devices_metrics[b23d3fdf-d2bd-4abf-a656-ed465f4ba78e] received
[2026-03-27 17:51:33,770: INFO/MainProcess] Task monitoring.tasks.collect_device_metrics[db819f65-9934-497d-84c6-38016baa2c7c] received
[2026-03-27 17:51:33,770: INFO/ForkPoolWorker-3] Task monitoring.tasks.collect_all_online_devices_metrics[b23d3fdf-d2bd-4abf-a656-ed465f4ba78e] succeeded in 0.042450414000995806s: {'success': True, 'devices_count': 1, 'results': [{'device_id': 1, 'device_name': 'router1'}]}
[2026-03-27 17:51:36,408: INFO/ForkPoolWorker-1] Connected (version 2.0, client Comware-7.1.064)
[2026-03-27 17:51:36,496: INFO/ForkPoolWorker-1] Authentication (password) successful!
[2026-03-27 17:51:38,950: INFO/ForkPoolWorker-1] Task monitoring.tasks.collect_device_metrics[db819f65-9934-497d-84c6-38016baa2c7c] succeeded in 5.177759158001209s: {'success': True, 'device_id': 1, 'stored_count': 42, 'alerts_count': 0}
[2026-03-27 17:51:40,881: INFO/MainProcess] Task devices.tasks.check_device_online[2df9fc28-bff4-4dfb-ad93-3c6ea254a095] received
[2026-03-27 17:51:40,950: INFO/MainProcess] Task configs.tasks.execute_scheduled_backup[94db1f9f-9536-43a3-95bb-d376a7e2d65d] received
[2026-03-27 17:51:40,990: INFO/ForkPoolWorker-1] Task configs.tasks.execute_scheduled_backup[94db1f9f-9536-43a3-95bb-d376a7e2d65d] succeeded in 0.03624335499989684s: {'success': True, 'message': '当前无到期的备份任务', 'triggered_count': 0}
[2026-03-27 17:51:42,936: INFO/ForkPoolWorker-3] Task devices.tasks.check_device_online[2df9fc28-bff4-4dfb-ad93-3c6ea254a095] succeeded in 2.052338592999149s: {'success': True, 'total_devices': 7, 'online_count': 1, 'offline_devices': 0, 'offline_ips': []}
[2026-03-27 17:52:33,715: INFO/MainProcess] Task devices.tasks.check_device_online[8e04cc5d-07de-4b93-a0ac-4ca183aab988] received
[2026-03-27 17:52:33,733: INFO/MainProcess] Task configs.tasks.execute_scheduled_backup[9c66ec3a-ace0-4fef-bf2d-fdc9224de6b7] received
[2026-03-27 17:52:33,771: INFO/ForkPoolWorker-1] Task configs.tasks.execute_scheduled_backup[9c66ec3a-ace0-4fef-bf2d-fdc9224de6b7] succeeded in 0.03517442399970605s: {'success': True, 'message': '当前无到期的备份任务', 'triggered_count': 0}
[2026-03-27 17:52:35,775: INFO/ForkPoolWorker-3] Task devices.tasks.check_device_online[8e04cc5d-07de-4b93-a0ac-4ca183aab988] succeeded in 2.0576732130011806s: {'success': True, 'total_devices': 7, 'online_count': 1, 'offline_devices': 0, 'offline_ips': []}
[2026-03-27 17:52:40,919: INFO/MainProcess] Task monitoring.tasks.collect_all_online_devices_metrics[654097c1-ab94-4b12-b7af-4a9cff7358aa] received
[2026-03-27 17:52:40,956: INFO/MainProcess] Task configs.tasks.execute_scheduled_backup[2b9be0d4-8b1d-470c-a39e-8794448851b1] received
[2026-03-27 17:52:40,956: INFO/ForkPoolWorker-3] Task monitoring.tasks.collect_all_online_devices_metrics[654097c1-ab94-4b12-b7af-4a9cff7358aa] succeeded in 0.033813790998465265s: {'success': True, 'devices_count': 1, 'results': [{'device_id': 1, 'device_name': 'router1'}]}
[2026-03-27 17:52:41,007: INFO/ForkPoolWorker-3] Task configs.tasks.execute_scheduled_backup[2b9be0d4-8b1d-470c-a39e-8794448851b1] succeeded in 0.046513327999491594s: {'success': True, 'message': '当前无到期的备份任务', 'triggered_count': 0}
[2026-03-27 17:53:11,171: INFO/MainProcess] Task ipmanagement.tasks.scan_all_subnets[9079bb2e-017f-4167-89fd-d5fb29824eed] received
[2026-03-27 17:53:11,203: INFO/MainProcess] Task ipmanagement.tasks.scan_subnet_task[04c5083a-e762-462e-bb99-e6384ffe32ef] received
[2026-03-27 17:53:11,205: INFO/ForkPoolWorker-3] Queued scan for subnet 10.20.2.0/24, task_id: 720
[2026-03-27 17:53:11,209: INFO/MainProcess] Task ipmanagement.tasks.scan_subnet_task[5cd1689b-4546-4318-a026-10c8e6f7b55c] received
[2026-03-27 17:53:11,217: INFO/ForkPoolWorker-3] Queued scan for subnet 172.16.1.0/24, task_id: 723
[2026-03-27 17:53:11,222: INFO/MainProcess] Task ipmanagement.tasks.scan_subnet_task[66b5d412-2666-4014-ae72-607a269f829c] received
[2026-03-27 17:53:11,234: INFO/ForkPoolWorker-3] Queued scan for subnet 172.16.2.0/24, task_id: 725
[2026-03-27 17:53:11,244: INFO/ForkPoolWorker-1] Starting scan for subnet 172.16.1.0/24, total IPs: 254
[2026-03-27 17:53:11,248: INFO/ForkPoolWorker-3] Queued scan for subnet 192.168.50.0/24, task_id: 726
[2026-03-27 17:53:11,249: INFO/MainProcess] Task ipmanagement.tasks.scan_subnet_task[b8cc6707-9229-44e2-b4e0-4e2470169cda] received
[2026-03-27 17:53:11,258: INFO/ForkPoolWorker-3] Queued scan for subnet 22.22.22.0/24, task_id: 727
[2026-03-27 17:53:11,258: INFO/ForkPoolWorker-3] Queued 5 subnet scans
[2026-03-27 17:53:11,261: INFO/ForkPoolWorker-3] Task ipmanagement.tasks.scan_all_subnets[9079bb2e-017f-4167-89fd-d5fb29824eed] succeeded in 0.08713788200111594s: {'total_subnets': 5, 'queued_tasks': 5}
[2026-03-27 17:53:11,277: INFO/ForkPoolWorker-4] Starting scan for subnet 172.16.2.0/24, total IPs: 254
[2026-03-27 17:53:11,309: INFO/ForkPoolWorker-3] Starting scan for subnet 192.168.50.0/24, total IPs: 254
[2026-03-27 17:53:11,321: INFO/ForkPoolWorker-2] Starting scan for subnet 192.168.50.0/24, total IPs: 254
[2026-03-27 17:53:33,728: INFO/MainProcess] Task monitoring.tasks.collect_all_online_devices_metrics[3e2dd6f7-883b-4253-ab65-40fe4a143224] received
[2026-03-27 17:53:40,931: INFO/MainProcess] Task devices.tasks.check_device_online[117b2c7a-ab91-44ce-96fe-981ab17e4b5c] received
[2026-03-27 17:54:33,735: INFO/MainProcess] Task monitoring.tasks.collect_all_online_devices_metrics[84c3cd8a-e953-49d3-9dc0-f643a37f4315] received
[2026-03-27 17:54:40,931: INFO/MainProcess] Task monitoring.tasks.collect_all_online_devices_metrics[22109a48-b90d-40c8-9e3d-97ec218a4005] received
[2026-03-27 17:54:40,957: INFO/MainProcess] Task configs.tasks.execute_scheduled_backup[13a5be47-4865-42a9-947b-bfea86e345cf] received
[2026-03-27 17:55:33,730: INFO/MainProcess] Task monitoring.tasks.collect_all_online_devices_metrics[e0ab074a-df7e-4379-aa92-9de9b600c20c] received
[2026-03-27 17:55:40,938: INFO/MainProcess] Task devices.tasks.check_device_online[c1c4a50f-0110-44c7-bdad-38f3c8f23f06] received
[2026-03-27 17:56:33,747: INFO/MainProcess] Task monitoring.tasks.collect_all_online_devices_metrics[3b150130-9fdd-4b27-a180-e6a3730f26a7] received
[2026-03-27 17:56:40,935: INFO/MainProcess] Task monitoring.tasks.collect_all_online_devices_metrics[a867aabf-8a7b-48a7-8e89-8040076f633a] received
[2026-03-27 17:56:40,939: INFO/MainProcess] Task devices.tasks.check_device_online[1275aae2-cda0-407f-a811-bcc811b78dcf] received
[2026-03-27 17:56:40,956: INFO/MainProcess] Task configs.tasks.execute_scheduled_backup[88ac8f63-c759-4208-9b39-18cea363a716] received
[2026-03-27 17:57:33,744: INFO/MainProcess] Task devices.tasks.check_device_online[518fd7b6-17d3-48fa-a001-657e52f94d7e] received
[2026-03-27 17:57:33,752: INFO/MainProcess] Task configs.tasks.execute_scheduled_backup[066a2909-70bf-4788-995b-0591cf8addd0] received
[2026-03-27 17:57:40,934: INFO/MainProcess] Task monitoring.tasks.collect_all_online_devices_metrics[d2fd2d6b-893b-4692-b0ca-4d44a5f1af28] received
[2026-03-27 17:57:40,940: INFO/MainProcess] Task devices.tasks.check_device_online[b973c9f8-ea8c-4e4c-bcc5-5659778b05c4] received
[2026-03-27 17:57:40,959: INFO/MainProcess] Task configs.tasks.execute_scheduled_backup[0a644e4b-89fb-4da6-9d02-56f1fef1227a] received
[2026-03-27 17:57:54,561: INFO/ForkPoolWorker-3] Scan completed for 192.168.50.0/24: 6/254 hosts alive
[2026-03-27 17:57:54,564: INFO/ForkPoolWorker-2] Scan completed for 192.168.50.0/24: 7/254 hosts alive
[2026-03-27 17:57:54,986: INFO/ForkPoolWorker-3] Task ipmanagement.tasks.scan_subnet_task[b8cc6707-9229-44e2-b4e0-4e2470169cda] succeeded in 283.72071607s: {'task_id': 726, 'cidr': '192.168.50.0/24', 'alive_count': 6, 'alive_hosts': [{'ip': '192.168.50.1', 'alive': True, 'hostname': None, 'response_time': 0.304, 'method': 'ICMP'}, {'ip': '192.168.50.2', 'alive': True, 'hostname': None, 'response_time': 0.226, 'method': 'ICMP'}, {'ip': '192.168.50.13', 'alive': True, 'hostname': None, 'response_time': 0.397, 'method': 'ICMP'}, {'ip': '192.168.50.100', 'alive': True, 'hostname': None, 'response_time': 1.93, 'method': 'ICMP'}, {'ip': '192.168.50.132', 'alive': True, 'hostname': None, 'response_time': 0.011, 'method': 'ICMP'}, {'ip': '192.168.50.134', 'alive': True, 'hostname': None, 'response_time': 0.452, 'method': 'ICMP'}]}
[2026-03-27 17:57:54,998: INFO/ForkPoolWorker-2] Task ipmanagement.tasks.scan_subnet_task[66b5d412-2666-4014-ae72-607a269f829c] succeeded in 283.76053817499997s: {'task_id': 722, 'cidr': '192.168.50.0/24', 'alive_count': 7, 'alive_hosts': [{'ip': '192.168.50.1', 'alive': True, 'hostname': None, 'response_time': 0.678, 'method': 'ICMP'}, {'ip': '192.168.50.2', 'alive': True, 'hostname': None, 'response_time': 0.253, 'method': 'ICMP'}, {'ip': '192.168.50.13', 'alive': True, 'hostname': None, 'response_time': 0.514, 'method': 'ICMP'}, {'ip': '192.168.50.100', 'alive': True, 'hostname': None, 'response_time': 1.79, 'method': 'ICMP'}, {'ip': '192.168.50.132', 'alive': True, 'hostname': None, 'response_time': 0.008, 'method': 'ICMP'}, {'ip': '192.168.50.134', 'alive': True, 'hostname': None, 'response_time': 0.472, 'method': 'ICMP'}, {'ip': '192.168.50.213', 'alive': True, 'hostname': None, 'response_time': 1048.5, 'open_port': 22, 'method': 'TCP'}]}
[2026-03-27 17:57:55,019: INFO/MainProcess] Task monitoring.tasks.collect_device_metrics[006440d2-6fea-4627-9d0c-d56a47e65338] received
[2026-03-27 17:57:55,021: INFO/ForkPoolWorker-3] Task monitoring.tasks.collect_all_online_devices_metrics[3e2dd6f7-883b-4253-ab65-40fe4a143224] succeeded in 0.029556098001194187s: {'success': True, 'devices_count': 1, 'results': [{'device_id': 1, 'device_name': 'router1'}]}
[2026-03-27 17:57:55,057: INFO/ForkPoolWorker-3] Task monitoring.tasks.collect_all_online_devices_metrics[84c3cd8a-e953-49d3-9dc0-f643a37f4315] succeeded in 0.03327634099878196s: {'success': True, 'devices_count': 1, 'results': [{'device_id': 1, 'device_name': 'router1'}]}
[2026-03-27 17:57:55,061: INFO/MainProcess] Task monitoring.tasks.collect_device_metrics[d2d367c5-e5ad-4b0f-ba2d-b37fe67c32d0] received
[2026-03-27 17:57:55,097: INFO/MainProcess] Task monitoring.tasks.collect_device_metrics[eac28ecf-a334-4035-8c34-7b909a6f886e] received
[2026-03-27 17:57:55,098: INFO/ForkPoolWorker-3] Task monitoring.tasks.collect_all_online_devices_metrics[22109a48-b90d-40c8-9e3d-97ec218a4005] succeeded in 0.031789388000106555s: {'success': True, 'devices_count': 1, 'results': [{'device_id': 1, 'device_name': 'router1'}]}
[2026-03-27 17:57:55,134: INFO/ForkPoolWorker-3] Task configs.tasks.execute_scheduled_backup[13a5be47-4865-42a9-947b-bfea86e345cf] succeeded in 0.02981860200088704s: {'success': True, 'message': '当前无到期的备份任务', 'triggered_count': 0}
[2026-03-27 17:57:55,174: INFO/MainProcess] Task monitoring.tasks.collect_device_metrics[934e7f61-2df5-4e25-921b-85398e15db7c] received
[2026-03-27 17:57:55,176: INFO/ForkPoolWorker-3] Task monitoring.tasks.collect_all_online_devices_metrics[e0ab074a-df7e-4379-aa92-9de9b600c20c] succeeded in 0.03664294300142501s: {'success': True, 'devices_count': 1, 'results': [{'device_id': 1, 'device_name': 'router1'}]}
[2026-03-27 17:57:57,056: INFO/ForkPoolWorker-2] Task devices.tasks.check_device_online[117b2c7a-ab91-44ce-96fe-981ab17e4b5c] succeeded in 2.05276033500013s: {'success': True, 'total_devices': 7, 'online_count': 1, 'offline_devices': 0, 'offline_ips': []}
[2026-03-27 17:57:57,098: INFO/ForkPoolWorker-2] Task monitoring.tasks.collect_all_online_devices_metrics[3b150130-9fdd-4b27-a180-e6a3730f26a7] succeeded in 0.0385724259995186s: {'success': True, 'devices_count': 1, 'results': [{'device_id': 1, 'device_name': 'router1'}]}
[2026-03-27 17:57:57,098: INFO/MainProcess] Task monitoring.tasks.collect_device_metrics[6230868b-480e-4787-8bf3-0cef70ccd290] received
[2026-03-27 17:57:57,145: INFO/MainProcess] Task monitoring.tasks.collect_device_metrics[da853a34-bed6-4183-8c64-33f42f8bfc5c] received
[2026-03-27 17:57:57,146: INFO/ForkPoolWorker-2] Task monitoring.tasks.collect_all_online_devices_metrics[a867aabf-8a7b-48a7-8e89-8040076f633a] succeeded in 0.043823572999826865s: {'success': True, 'devices_count': 1, 'results': [{'device_id': 1, 'device_name': 'router1'}]}
[2026-03-27 17:57:57,232: INFO/ForkPoolWorker-3] Task devices.tasks.check_device_online[c1c4a50f-0110-44c7-bdad-38f3c8f23f06] succeeded in 2.0476501470002404s: {'success': True, 'total_devices': 7, 'online_count': 1, 'offline_devices': 0, 'offline_ips': []}
[2026-03-27 17:57:57,262: INFO/ForkPoolWorker-3] Task configs.tasks.execute_scheduled_backup[88ac8f63-c759-4208-9b39-18cea363a716] succeeded in 0.02712238599997363s: {'success': True, 'message': '当前无到期的备份任务', 'triggered_count': 0}
[2026-03-27 17:57:59,200: INFO/ForkPoolWorker-2] Task devices.tasks.check_device_online[1275aae2-cda0-407f-a811-bcc811b78dcf] succeeded in 2.050516792000053s: {'success': True, 'total_devices': 7, 'online_count': 1, 'offline_devices': 0, 'offline_ips': []}
[2026-03-27 17:57:59,233: INFO/ForkPoolWorker-2] Task configs.tasks.execute_scheduled_backup[066a2909-70bf-4788-995b-0591cf8addd0] succeeded in 0.030298353000034695s: {'success': True, 'message': '当前无到期的备份任务', 'triggered_count': 0}
[2026-03-27 17:57:59,275: INFO/MainProcess] Task monitoring.tasks.collect_device_metrics[fdd9b8bb-320e-445f-9ce0-a9fdd54d3da7] received
[2026-03-27 17:57:59,280: INFO/ForkPoolWorker-2] Task monitoring.tasks.collect_all_online_devices_metrics[d2fd2d6b-893b-4692-b0ca-4d44a5f1af28] succeeded in 0.04367927800012694s: {'success': True, 'devices_count': 1, 'results': [{'device_id': 1, 'device_name': 'router1'}]}
[2026-03-27 17:57:59,317: INFO/ForkPoolWorker-3] Task devices.tasks.check_device_online[518fd7b6-17d3-48fa-a001-657e52f94d7e] succeeded in 2.0516063859995484s: {'success': True, 'total_devices': 7, 'online_count': 1, 'offline_devices': 0, 'offline_ips': []}
[2026-03-27 17:57:59,360: INFO/ForkPoolWorker-3] Task configs.tasks.execute_scheduled_backup[0a644e4b-89fb-4da6-9d02-56f1fef1227a] succeeded in 0.03785722199972952s: {'success': True, 'message': '当前无到期的备份任务', 'triggered_count': 0}
[2026-03-27 17:58:01,336: INFO/ForkPoolWorker-2] Task devices.tasks.check_device_online[b973c9f8-ea8c-4e4c-bcc5-5659778b05c4] succeeded in 2.0531486449999647s: {'success': True, 'total_devices': 7, 'online_count': 1, 'offline_devices': 0, 'offline_ips': []}
[2026-03-27 17:58:02,484: INFO/ForkPoolWorker-3] Connected (version 2.0, client Comware-7.1.064)
[2026-03-27 17:58:02,627: INFO/ForkPoolWorker-3] Authentication (password) successful!
[2026-03-27 17:58:04,807: INFO/ForkPoolWorker-2] Connected (version 2.0, client Comware-7.1.064)
[2026-03-27 17:58:04,979: INFO/ForkPoolWorker-2] Authentication (password) successful!
[2026-03-27 17:58:05,797: INFO/ForkPoolWorker-3] Task monitoring.tasks.collect_device_metrics[006440d2-6fea-4627-9d0c-d56a47e65338] succeeded in 6.434758486000646s: {'success': True, 'device_id': 1, 'stored_count': 42, 'alerts_count': 0}
[2026-03-27 17:58:07,942: INFO/ForkPoolWorker-2] Task monitoring.tasks.collect_device_metrics[d2d367c5-e5ad-4b0f-ba2d-b37fe67c32d0] succeeded in 6.599915692999275s: {'success': True, 'device_id': 1, 'stored_count': 42, 'alerts_count': 0}
[2026-03-27 17:58:08,830: INFO/ForkPoolWorker-3] Connected (version 2.0, client Comware-7.1.064)
[2026-03-27 17:58:08,960: INFO/ForkPoolWorker-3] Authentication (password) successful!
[2026-03-27 17:58:10,824: INFO/ForkPoolWorker-2] Connected (version 2.0, client Comware-7.1.064)
[2026-03-27 17:58:10,965: INFO/ForkPoolWorker-2] Authentication (password) successful!
[2026-03-27 17:58:11,565: INFO/ForkPoolWorker-3] Task monitoring.tasks.collect_device_metrics[eac28ecf-a334-4035-8c34-7b909a6f886e] succeeded in 5.764874434000376s: {'success': True, 'device_id': 1, 'stored_count': 42, 'alerts_count': 0}
[2026-03-27 17:58:13,762: INFO/ForkPoolWorker-2] Task monitoring.tasks.collect_device_metrics[934e7f61-2df5-4e25-921b-85398e15db7c] succeeded in 5.816758667000613s: {'success': True, 'device_id': 1, 'stored_count': 42, 'alerts_count': 0}
[2026-03-27 17:58:14,416: INFO/ForkPoolWorker-3] Connected (version 2.0, client Comware-7.1.064)
[2026-03-27 17:58:14,497: INFO/ForkPoolWorker-3] Authentication (password) successful!
[2026-03-27 17:58:16,701: INFO/ForkPoolWorker-2] Connected (version 2.0, client Comware-7.1.064)
[2026-03-27 17:58:16,842: INFO/ForkPoolWorker-2] Authentication (password) successful!
[2026-03-27 17:58:17,239: INFO/ForkPoolWorker-3] Task monitoring.tasks.collect_device_metrics[6230868b-480e-4787-8bf3-0cef70ccd290] succeeded in 5.670989950000148s: {'success': True, 'device_id': 1, 'stored_count': 42, 'alerts_count': 0}
[2026-03-27 17:58:19,661: INFO/ForkPoolWorker-2] Task monitoring.tasks.collect_device_metrics[da853a34-bed6-4183-8c64-33f42f8bfc5c] succeeded in 5.896352706000471s: {'success': True, 'device_id': 1, 'stored_count': 42, 'alerts_count': 0}
[2026-03-27 17:58:20,205: INFO/ForkPoolWorker-3] Connected (version 2.0, client Comware-7.1.064)
[2026-03-27 17:58:20,288: INFO/ForkPoolWorker-3] Authentication (password) successful!
[2026-03-27 17:58:22,805: INFO/ForkPoolWorker-3] Task monitoring.tasks.collect_device_metrics[fdd9b8bb-320e-445f-9ce0-a9fdd54d3da7] succeeded in 5.562857177001206s: {'success': True, 'device_id': 1, 'stored_count': 42, 'alerts_count': 0}
[2026-03-27 17:58:33,745: INFO/MainProcess] Task devices.tasks.check_device_online[efdf69a4-3574-4ced-a799-88b08f4a074b] received
[2026-03-27 17:58:33,748: INFO/MainProcess] Task monitoring.tasks.collect_all_online_devices_metrics[3899beed-eb3a-4372-a3a9-5f496632bd29] received
[2026-03-27 17:58:33,756: INFO/MainProcess] Task configs.tasks.execute_scheduled_backup[4f17f4f6-b001-481f-afb5-6be57bb573ad] received
[2026-03-27 17:58:33,778: INFO/ForkPoolWorker-2] Task monitoring.tasks.collect_all_online_devices_metrics[3899beed-eb3a-4372-a3a9-5f496632bd29] succeeded in 0.02836926800046058s: {'success': True, 'devices_count': 1, 'results': [{'device_id': 1, 'device_name': 'router1'}]}
[2026-03-27 17:58:33,780: INFO/MainProcess] Task monitoring.tasks.collect_device_metrics[8041543b-c186-47be-8449-f3fdf415d170] received
[2026-03-27 17:58:33,829: INFO/ForkPoolWorker-2] Task configs.tasks.execute_scheduled_backup[4f17f4f6-b001-481f-afb5-6be57bb573ad] succeeded in 0.03812599599950772s: {'success': True, 'message': '当前无到期的备份任务', 'triggered_count': 0}
[2026-03-27 17:58:35,804: INFO/ForkPoolWorker-3] Task devices.tasks.check_device_online[efdf69a4-3574-4ced-a799-88b08f4a074b] succeeded in 2.0549467810014903s: {'success': True, 'total_devices': 7, 'online_count': 1, 'offline_devices': 0, 'offline_ips': []}
[2026-03-27 17:58:36,649: INFO/ForkPoolWorker-2] Connected (version 2.0, client Comware-7.1.064)
[2026-03-27 17:58:36,759: INFO/ForkPoolWorker-2] Authentication (password) successful!
[2026-03-27 17:58:39,462: INFO/ForkPoolWorker-2] Task monitoring.tasks.collect_device_metrics[8041543b-c186-47be-8449-f3fdf415d170] succeeded in 5.623821332999796s: {'success': True, 'device_id': 1, 'stored_count': 42, 'alerts_count': 0}
[2026-03-27 17:58:40,980: INFO/MainProcess] Task configs.tasks.execute_scheduled_backup[40d1efcc-1953-42e8-bbf1-09be3a4d59b5] received
[2026-03-27 17:58:40,985: INFO/MainProcess] Task monitoring.tasks.collect_all_online_devices_metrics[7e59349c-183f-4843-80b8-dfb29d05c72f] received
[2026-03-27 17:58:40,992: INFO/MainProcess] Task devices.tasks.check_device_online[849ac4ca-6071-4d73-a72c-3b56c29f7531] received
[2026-03-27 17:58:41,007: INFO/ForkPoolWorker-3] Task configs.tasks.execute_scheduled_backup[40d1efcc-1953-42e8-bbf1-09be3a4d59b5] succeeded in 0.02363293700000213s: {'success': True, 'message': '当前无到期的备份任务', 'triggered_count': 0}
[2026-03-27 17:58:41,015: INFO/MainProcess] Task monitoring.tasks.collect_device_metrics[1b64fa8a-d6fc-4b3d-92ab-c4e9a43fe2d5] received
[2026-03-27 17:58:41,016: INFO/ForkPoolWorker-2] Task monitoring.tasks.collect_all_online_devices_metrics[7e59349c-183f-4843-80b8-dfb29d05c72f] succeeded in 0.02821032700012438s: {'success': True, 'devices_count': 1, 'results': [{'device_id': 1, 'device_name': 'router1'}]}
[2026-03-27 17:58:43,062: INFO/ForkPoolWorker-3] Task devices.tasks.check_device_online[849ac4ca-6071-4d73-a72c-3b56c29f7531] succeeded in 2.050860659999671s: {'success': True, 'total_devices': 7, 'online_count': 1, 'offline_devices': 0, 'offline_ips': []}
[2026-03-27 17:58:43,653: INFO/ForkPoolWorker-2] Connected (version 2.0, client Comware-7.1.064)
[2026-03-27 17:58:43,764: INFO/ForkPoolWorker-2] Authentication (password) successful!
[2026-03-27 17:58:46,291: INFO/ForkPoolWorker-2] Task monitoring.tasks.collect_device_metrics[1b64fa8a-d6fc-4b3d-92ab-c4e9a43fe2d5] succeeded in 5.271661414999471s: {'success': True, 'device_id': 1, 'stored_count': 42, 'alerts_count': 0}
[2026-03-27 17:59:15,780: INFO/ForkPoolWorker-1] Scan completed for 172.16.1.0/24: 0/254 hosts alive
[2026-03-27 17:59:15,828: INFO/ForkPoolWorker-4] Scan completed for 172.16.2.0/24: 0/254 hosts alive
[2026-03-27 17:59:16,163: INFO/ForkPoolWorker-1] Task ipmanagement.tasks.scan_subnet_task[04c5083a-e762-462e-bb99-e6384ffe32ef] succeeded in 364.9563431840015s: {'task_id': 719, 'cidr': '172.16.1.0/24', 'alive_count': 0, 'alive_hosts': []}
[2026-03-27 17:59:16,217: INFO/ForkPoolWorker-4] Task ipmanagement.tasks.scan_subnet_task[5cd1689b-4546-4318-a026-10c8e6f7b55c] succeeded in 364.999384191s: {'task_id': 721, 'cidr': '172.16.2.0/24', 'alive_count': 0, 'alive_hosts': []}
[2026-03-27 17:59:32,358: INFO/MainProcess] Task monitoring.tasks.collect_device_metrics[39f41a8d-78e6-4d0f-846e-911dfac3d73f] received
[2026-03-27 17:59:33,750: INFO/MainProcess] Task monitoring.tasks.collect_all_online_devices_metrics[7cfb1a8e-c281-4670-a3e3-65830c943908] received
[2026-03-27 17:59:33,784: INFO/MainProcess] Task monitoring.tasks.collect_device_metrics[cfb82478-bab3-44da-bd62-85ea8d16ad4b] received
[2026-03-27 17:59:33,784: INFO/ForkPoolWorker-1] Task monitoring.tasks.collect_all_online_devices_metrics[7cfb1a8e-c281-4670-a3e3-65830c943908] succeeded in 0.028809391002141638s: {'success': True, 'devices_count': 1, 'results': [{'device_id': 1, 'device_name': 'router1'}]}
[2026-03-27 17:59:35,011: INFO/ForkPoolWorker-3] Connected (version 2.0, client Comware-7.1.064)
[2026-03-27 17:59:35,131: INFO/ForkPoolWorker-3] Authentication (password) successful!
[2026-03-27 17:59:36,554: INFO/ForkPoolWorker-1] Connected (version 2.0, client Comware-7.1.064)
[2026-03-27 17:59:36,698: INFO/ForkPoolWorker-1] Authentication (password) successful!
[2026-03-27 17:59:37,727: INFO/ForkPoolWorker-3] Task monitoring.tasks.collect_device_metrics[39f41a8d-78e6-4d0f-846e-911dfac3d73f] succeeded in 5.366196849998232s: {'success': True, 'device_id': 1, 'stored_count': 42, 'alerts_count': 0}
[2026-03-27 17:59:39,066: INFO/ForkPoolWorker-1] Task monitoring.tasks.collect_device_metrics[cfb82478-bab3-44da-bd62-85ea8d16ad4b] succeeded in 5.279455306001182s: {'success': True, 'device_id': 1, 'stored_count': 42, 'alerts_count': 0}
[2026-03-27 17:59:40,857: INFO/MainProcess] Task monitoring.tasks.collect_device_metrics[f8d2de82-2a82-44e9-87cc-5f72c1c9b2b9] received
[2026-03-27 17:59:40,985: INFO/MainProcess] Task monitoring.tasks.collect_all_online_devices_metrics[d4f915bf-62cb-416d-bec1-e39c8fc5d374] received
[2026-03-27 17:59:41,022: INFO/MainProcess] Task monitoring.tasks.collect_device_metrics[7c34e789-8876-4993-a772-384912efde1b] received
[2026-03-27 17:59:41,022: INFO/ForkPoolWorker-1] Task monitoring.tasks.collect_all_online_devices_metrics[d4f915bf-62cb-416d-bec1-e39c8fc5d374] succeeded in 0.033521896999445744s: {'success': True, 'devices_count': 1, 'results': [{'device_id': 1, 'device_name': 'router1'}]}
[2026-03-27 17:59:43,626: INFO/ForkPoolWorker-3] Connected (version 2.0, client Comware-7.1.064)
[2026-03-27 17:59:43,706: INFO/ForkPoolWorker-3] Authentication (password) successful!
[2026-03-27 17:59:43,904: INFO/ForkPoolWorker-1] Connected (version 2.0, client Comware-7.1.064)
[2026-03-27 17:59:44,006: INFO/ForkPoolWorker-1] Authentication (password) successful!
[2026-03-27 17:59:47,656: INFO/ForkPoolWorker-3] Task monitoring.tasks.collect_device_metrics[f8d2de82-2a82-44e9-87cc-5f72c1c9b2b9] succeeded in 6.79750937100107s: {'success': True, 'device_id': 1, 'stored_count': 42, 'alerts_count': 0}
[2026-03-27 17:59:48,163: INFO/ForkPoolWorker-1] Task monitoring.tasks.collect_device_metrics[7c34e789-8876-4993-a772-384912efde1b] succeeded in 7.137136706001911s: {'success': True, 'device_id': 1, 'stored_count': 42, 'alerts_count': 0}
[2026-03-27 18:00:00,016: INFO/MainProcess] Task devices.tasks.scheduled_device_discovery[fb7ea99e-edc0-4e57-b21d-1c1987dbb52a] received
[2026-03-27 18:00:00,038: INFO/ForkPoolWorker-3] Task devices.tasks.scheduled_device_discovery[fb7ea99e-edc0-4e57-b21d-1c1987dbb52a] succeeded in 0.019851824999932433s: {'success': True, 'seed_device': '192.168.50.100'}
[2026-03-27 18:00:00,043: INFO/MainProcess] Task devices.tasks.scan_lldp_task[9e5c3cd5-419c-41d1-8806-d132a26d9ced] received
[2026-03-27 18:00:01,246: WARNING/ForkPoolWorker-3] 警告: scapy库未安装，无法进行LLDP发现
[2026-03-27 18:00:01,247: INFO/ForkPoolWorker-3] Task devices.tasks.scan_lldp_task[9e5c3cd5-419c-41d1-8806-d132a26d9ced] succeeded in 1.2017993570007093s: {'success': True, 'discovered_count': 0}
[2026-03-27 18:00:33,750: INFO/MainProcess] Task monitoring.tasks.collect_all_online_devices_metrics[290aff36-9402-459e-ab27-db873ea2b4a6] received
[2026-03-27 18:00:33,789: INFO/MainProcess] Task monitoring.tasks.collect_device_metrics[43548ce3-d900-40fe-bf41-6e117844dee9] received
[2026-03-27 18:00:33,789: INFO/ForkPoolWorker-3] Task monitoring.tasks.collect_all_online_devices_metrics[290aff36-9402-459e-ab27-db873ea2b4a6] succeeded in 0.03539219200320076s: {'success': True, 'devices_count': 1, 'results': [{'device_id': 1, 'device_name': 'router1'}]}
[2026-03-27 18:00:36,448: INFO/ForkPoolWorker-3] Connected (version 2.0, client Comware-7.1.064)
[2026-03-27 18:00:36,532: INFO/ForkPoolWorker-3] Authentication (password) successful!
[2026-03-27 18:00:38,977: INFO/ForkPoolWorker-3] Task monitoring.tasks.collect_device_metrics[43548ce3-d900-40fe-bf41-6e117844dee9] succeeded in 5.184634026001731s: {'success': True, 'device_id': 1, 'stored_count': 42, 'alerts_count': 0}
[2026-03-27 18:00:40,988: INFO/MainProcess] Task monitoring.tasks.collect_all_online_devices_metrics[7eea51f1-49e9-4b50-b951-2a724d8134a4] received
[2026-03-27 18:00:41,033: INFO/MainProcess] Task monitoring.tasks.collect_device_metrics[67fffee1-3168-4228-9e8a-f35b24059255] received
[2026-03-27 18:00:41,034: INFO/ForkPoolWorker-3] Task monitoring.tasks.collect_all_online_devices_metrics[7eea51f1-49e9-4b50-b951-2a724d8134a4] succeeded in 0.0386075759997766s: {'success': True, 'devices_count': 1, 'results': [{'device_id': 1, 'device_name': 'router1'}]}
[2026-03-27 18:00:43,720: INFO/ForkPoolWorker-1] Connected (version 2.0, client Comware-7.1.064)
[2026-03-27 18:00:43,800: INFO/ForkPoolWorker-1] Authentication (password) successful!
[2026-03-27 18:00:46,240: INFO/ForkPoolWorker-1] Task monitoring.tasks.collect_device_metrics[67fffee1-3168-4228-9e8a-f35b24059255] succeeded in 5.203995709001902s: {'success': True, 'device_id': 1, 'stored_count': 42, 'alerts_count': 0}
[2026-03-27 18:01:31,175: INFO/MainProcess] Task ipmanagement.tasks.scan_all_subnets[f08ca72f-0665-47f5-b3cc-399b6e6e486e] received
[2026-03-27 18:01:31,207: INFO/ForkPoolWorker-3] Queued scan for subnet 10.20.2.0/24, task_id: 728
[2026-03-27 18:01:31,212: INFO/ForkPoolWorker-3] Queued scan for subnet 172.16.1.0/24, task_id: 729
[2026-03-27 18:01:31,213: INFO/MainProcess] Task ipmanagement.tasks.scan_subnet_task[b4ccf829-bce3-4a12-a08c-a6f44752aa66] received
[2026-03-27 18:01:31,217: INFO/ForkPoolWorker-3] Queued scan for subnet 172.16.2.0/24, task_id: 731
[2026-03-27 18:01:31,220: INFO/MainProcess] Task ipmanagement.tasks.scan_subnet_task[770fdbc3-b5a7-4224-aa1f-1ef146055440] received
[2026-03-27 18:01:31,224: INFO/ForkPoolWorker-3] Queued scan for subnet 192.168.50.0/24, task_id: 733
[2026-03-27 18:01:31,224: INFO/MainProcess] Task ipmanagement.tasks.scan_subnet_task[be022ea9-6a8e-4f89-9dc8-de0fc5d7484b] received
[2026-03-27 18:01:31,233: INFO/ForkPoolWorker-3] Queued scan for subnet 22.22.22.0/24, task_id: 736
[2026-03-27 18:01:31,233: INFO/ForkPoolWorker-3] Queued 5 subnet scans
[2026-03-27 18:01:31,238: INFO/ForkPoolWorker-3] Task ipmanagement.tasks.scan_all_subnets[f08ca72f-0665-47f5-b3cc-399b6e6e486e] succeeded in 0.06157695100046112s: {'total_subnets': 5, 'queued_tasks': 5}
[2026-03-27 18:01:31,239: INFO/MainProcess] Task ipmanagement.tasks.scan_subnet_task[5bfdf9c5-7125-464a-850c-c86c7ae0c231] received
[2026-03-27 18:01:31,259: INFO/ForkPoolWorker-1] Starting scan for subnet 172.16.1.0/24, total IPs: 254
[2026-03-27 18:01:31,283: INFO/ForkPoolWorker-2] Starting scan for subnet 192.168.50.0/24, total IPs: 254
[2026-03-27 18:01:31,289: INFO/ForkPoolWorker-4] Starting scan for subnet 172.16.2.0/24, total IPs: 254
[2026-03-27 18:01:31,305: INFO/ForkPoolWorker-3] Starting scan for subnet 192.168.50.0/24, total IPs: 254
[2026-03-27 18:01:33,745: INFO/MainProcess] Task devices.tasks.check_device_online[b1b022f5-5190-45a7-ba60-1b88ffc6e0e9] received
[2026-03-27 18:01:33,757: INFO/MainProcess] Task configs.tasks.execute_scheduled_backup[a835967d-b32b-4c9d-9e20-e41b6252b0f2] received
[2026-03-27 18:01:40,989: INFO/MainProcess] Task monitoring.tasks.collect_all_online_devices_metrics[6b08d773-7554-4162-bc6c-8c46abe25d63] received
[2026-03-27 18:02:33,751: INFO/MainProcess] Task monitoring.tasks.collect_all_online_devices_metrics[6dca4ba8-54e3-4f0d-8b30-df8f83c22f9f] received
[2026-03-27 18:02:40,990: INFO/MainProcess] Task monitoring.tasks.collect_all_online_devices_metrics[e96d71ae-a387-47a7-8ffb-34d22156b84f] received
[2026-03-27 18:03:33,747: INFO/MainProcess] Task devices.tasks.check_device_online[26d51568-90f7-4496-88ad-cbb3e8beb147] received
[2026-03-27 18:03:33,769: INFO/MainProcess] Task configs.tasks.execute_scheduled_backup[6ed51456-7e1f-43f3-aa9d-37a362ff9669] received
[2026-03-27 18:03:41,041: INFO/MainProcess] Task monitoring.tasks.collect_all_online_devices_metrics[f7fb0ac0-7d28-4d4a-a295-fcde515f7497] received
[2026-03-27 18:04:33,755: INFO/MainProcess] Task monitoring.tasks.collect_all_online_devices_metrics[811214c2-950e-4072-9f2a-259d5878482c] received
[2026-03-27 18:04:41,035: INFO/MainProcess] Task configs.tasks.execute_scheduled_backup[8e1ea8f9-9fa8-45c9-af10-589702e271dc] received
[2026-03-27 18:04:41,041: INFO/MainProcess] Task monitoring.tasks.collect_all_online_devices_metrics[110c1484-fa03-4eac-a772-9e2a12305885] received
[2026-03-27 18:04:41,048: INFO/MainProcess] Task devices.tasks.check_device_online[d8672712-602e-47a4-b6f0-eddf74c172a4] received
[2026-03-27 18:05:33,754: INFO/MainProcess] Task monitoring.tasks.collect_all_online_devices_metrics[614ea1fc-3556-488b-8be5-5ae6c36d379c] received
[2026-03-27 18:05:41,033: INFO/MainProcess] Task configs.tasks.execute_scheduled_backup[08f25b5d-7d33-4df6-9e52-b802b278a691] received
[2026-03-27 18:05:41,045: INFO/MainProcess] Task monitoring.tasks.collect_all_online_devices_metrics[0a94ce21-b9f9-4d51-a0a0-71af2a10a471] received
[2026-03-27 18:05:41,049: INFO/MainProcess] Task devices.tasks.check_device_online[586ddf20-c4cf-4eec-8222-489c2c10db82] received
[2026-03-27 18:06:14,659: INFO/ForkPoolWorker-2] Scan completed for 192.168.50.0/24: 7/254 hosts alive
[2026-03-27 18:06:14,663: INFO/ForkPoolWorker-3] Scan completed for 192.168.50.0/24: 7/254 hosts alive
[2026-03-27 18:06:14,731: ERROR/ForkPoolWorker-2] Task ipmanagement.tasks.scan_subnet_task[be022ea9-6a8e-4f89-9dc8-de0fc5d7484b] raised unexpected: IntegrityError('null value in column "hostname" of relation "ipmanagement_allocationlog" violates not-null constraint\nDETAIL:  Failing row contains (89, 192.168.50.34, null, scan_discover, {"status": "available", "hostname": ""}, {"status": "allocated", "hostname": ""}, 2026-03-27 10:06:14.716667+00, 扫描发现，响应时间: 1069.54ms, null).\n')
Traceback (most recent call last):
  File "/opt/network_management/venv/lib/python3.10/site-packages/django/db/backends/utils.py", line 89, in _execute
    return self.cursor.execute(sql, params)
psycopg2.errors.NotNullViolation: null value in column "hostname" of relation "ipmanagement_allocationlog" violates not-null constraint
DETAIL:  Failing row contains (89, 192.168.50.34, null, scan_discover, {"status": "available", "hostname": ""}, {"status": "allocated", "hostname": ""}, 2026-03-27 10:06:14.716667+00, 扫描发现，响应时间: 1069.54ms, null).


The above exception was the direct cause of the following exception:

Traceback (most recent call last):
  File "/opt/network_management/venv/lib/python3.10/site-packages/celery/app/trace.py", line 479, in trace_task
    R = retval = fun(*args, **kwargs)
  File "/opt/network_management/venv/lib/python3.10/site-packages/celery/app/trace.py", line 779, in __protected_call__
    return self.run(*args, **kwargs)
  File "/opt/network_management/ipmanagement/tasks.py", line 36, in scan_subnet_task
    service.sync_scan_results(task.subnet_id, all_results)
  File "/opt/network_management/ipmanagement/services.py", line 685, in sync_scan_results
    AllocationLog.objects.create(
  File "/opt/network_management/venv/lib/python3.10/site-packages/django/db/models/manager.py", line 87, in manager_method
    return getattr(self.get_queryset(), name)(*args, **kwargs)
  File "/opt/network_management/venv/lib/python3.10/site-packages/django/db/models/query.py", line 660, in create
    obj.save(force_insert=True, using=self.db)
  File "/opt/network_management/venv/lib/python3.10/site-packages/django/db/models/base.py", line 814, in save
    self.save_base(
  File "/opt/network_management/venv/lib/python3.10/site-packages/django/db/models/base.py", line 877, in save_base
    updated = self._save_table(
  File "/opt/network_management/venv/lib/python3.10/site-packages/django/db/models/base.py", line 1020, in _save_table
