[2026-03-27 18:36:39,120: INFO/ForkPoolWorker-1] Task monitoring.tasks.collect_device_metrics[abb2bfe7-f310-4471-bb57-9555010aa387] succeeded in 5.144984142996691s: {'success': True, 'device_id': 1, 'stored_count': 43, 'alerts_count': 0}
[2026-03-27 18:36:41,368: INFO/MainProcess] Task devices.tasks.check_device_online[a2102186-edbb-4c45-9a99-a6adc6a5185a] received
[2026-03-27 18:36:41,381: INFO/MainProcess] Task monitoring.tasks.collect_all_online_devices_metrics[47705473-4c8f-4bac-b563-8318fca4951c] received
[2026-03-27 18:36:41,414: INFO/MainProcess] Task monitoring.tasks.collect_device_metrics[3bf89f29-ca24-4029-afda-7ae15c252bed] received
[2026-03-27 18:36:41,417: INFO/ForkPoolWorker-1] Task monitoring.tasks.collect_all_online_devices_metrics[47705473-4c8f-4bac-b563-8318fca4951c] succeeded in 0.034711935000814265s: {'success': True, 'devices_count': 2, 'results': [{'device_id': 1, 'device_name': 'router1'}, {'device_id': 9, 'device_name': 'scan-test'}]}
[2026-03-27 18:36:41,448: INFO/ForkPoolWorker-4] Task monitoring.tasks.collect_device_metrics[3bf89f29-ca24-4029-afda-7ae15c252bed] succeeded in 0.029905471001256956s: {'success': True, 'device_id': 9, 'stored_count': 0, 'alerts_count': 0}
[2026-03-27 18:36:43,419: INFO/ForkPoolWorker-3] Task devices.tasks.check_device_online[a2102186-edbb-4c45-9a99-a6adc6a5185a] succeeded in 2.0478195880023122s: {'success': True, 'total_devices': 7, 'online_count': 2, 'offline_devices': 0, 'offline_ips': []}
[2026-03-27 18:37:33,940: INFO/MainProcess] Task monitoring.tasks.collect_all_online_devices_metrics[81fe788d-87bb-4188-880f-6738cfd0e583] received
[2026-03-27 18:37:33,971: INFO/MainProcess] Task monitoring.tasks.collect_device_metrics[2f903d4b-8072-4c41-acb2-60e2da98417c] received
[2026-03-27 18:37:33,977: INFO/ForkPoolWorker-3] Task monitoring.tasks.collect_all_online_devices_metrics[81fe788d-87bb-4188-880f-6738cfd0e583] succeeded in 0.03495610499885515s: {'success': True, 'devices_count': 2, 'results': [{'device_id': 1, 'device_name': 'router1'}, {'device_id': 9, 'device_name': 'scan-test'}]}
[2026-03-27 18:37:36,610: INFO/ForkPoolWorker-1] Connected (version 2.0, client Comware-7.1.064)
[2026-03-27 18:37:36,696: INFO/ForkPoolWorker-1] Authentication (password) successful!
[2026-03-27 18:37:39,234: INFO/ForkPoolWorker-1] Task monitoring.tasks.collect_device_metrics[2f903d4b-8072-4c41-acb2-60e2da98417c] succeeded in 5.259331727000244s: {'success': True, 'device_id': 1, 'stored_count': 43, 'alerts_count': 0}
[2026-03-27 18:37:41,370: INFO/MainProcess] Task devices.tasks.check_device_online[6c872fa2-f66a-4ab1-9b4a-95850cd53a30] received
[2026-03-27 18:37:41,381: INFO/MainProcess] Task monitoring.tasks.collect_all_online_devices_metrics[ef10f7ac-f36e-4ec8-a6a6-50b9ae017095] received
[2026-03-27 18:37:41,414: INFO/ForkPoolWorker-1] Task monitoring.tasks.collect_all_online_devices_metrics[ef10f7ac-f36e-4ec8-a6a6-50b9ae017095] succeeded in 0.029837437999958638s: {'success': True, 'devices_count': 2, 'results': [{'device_id': 1, 'device_name': 'router1'}, {'device_id': 9, 'device_name': 'scan-test'}]}
[2026-03-27 18:37:41,415: INFO/MainProcess] Task monitoring.tasks.collect_device_metrics[003fea0d-0af6-4911-bc77-bcba0cca5549] received
[2026-03-27 18:37:41,447: INFO/ForkPoolWorker-1] Task monitoring.tasks.collect_device_metrics[003fea0d-0af6-4911-bc77-bcba0cca5549] succeeded in 0.027577155000471976s: {'success': True, 'device_id': 9, 'stored_count': 0, 'alerts_count': 0}
[2026-03-27 18:37:43,414: INFO/ForkPoolWorker-3] Task devices.tasks.check_device_online[6c872fa2-f66a-4ab1-9b4a-95850cd53a30] succeeded in 2.04254175999813s: {'success': True, 'total_devices': 7, 'online_count': 2, 'offline_devices': 0, 'offline_ips': []}
[2026-03-27 18:38:33,968: INFO/MainProcess] Task monitoring.tasks.collect_all_online_devices_metrics[93a7b974-26c0-4daa-8e67-bcc291e8de13] received
[2026-03-27 18:38:34,004: INFO/MainProcess] Task monitoring.tasks.collect_device_metrics[6090290d-418e-43dc-af7d-5b4a005baec2] received
[2026-03-27 18:38:34,007: INFO/ForkPoolWorker-3] Task monitoring.tasks.collect_all_online_devices_metrics[93a7b974-26c0-4daa-8e67-bcc291e8de13] succeeded in 0.03530765899995458s: {'success': True, 'devices_count': 2, 'results': [{'device_id': 1, 'device_name': 'router1'}, {'device_id': 9, 'device_name': 'scan-test'}]}
[2026-03-27 18:38:36,692: INFO/ForkPoolWorker-1] Connected (version 2.0, client Comware-7.1.064)
[2026-03-27 18:38:36,806: INFO/ForkPoolWorker-1] Authentication (password) successful!
[2026-03-27 18:38:39,529: INFO/ForkPoolWorker-1] Task monitoring.tasks.collect_device_metrics[6090290d-418e-43dc-af7d-5b4a005baec2] succeeded in 5.520456703998207s: {'success': True, 'device_id': 1, 'stored_count': 43, 'alerts_count': 0}
[2026-03-27 18:38:41,440: INFO/MainProcess] Task devices.tasks.check_device_online[36201a68-f97b-4c72-a6c0-dee7f6ababfe] received
[2026-03-27 18:38:41,449: INFO/MainProcess] Task monitoring.tasks.collect_all_online_devices_metrics[9016b8e1-1054-4f1a-8c62-74f00f2dfb49] received
[2026-03-27 18:38:41,488: INFO/MainProcess] Task monitoring.tasks.collect_device_metrics[00fcb853-9d5f-44a2-8d52-7fab7cd4991e] received
[2026-03-27 18:38:41,488: INFO/ForkPoolWorker-1] Task monitoring.tasks.collect_all_online_devices_metrics[9016b8e1-1054-4f1a-8c62-74f00f2dfb49] succeeded in 0.036410314998647664s: {'success': True, 'devices_count': 2, 'results': [{'device_id': 1, 'device_name': 'router1'}, {'device_id': 9, 'device_name': 'scan-test'}]}
[2026-03-27 18:38:41,524: INFO/ForkPoolWorker-1] Task monitoring.tasks.collect_device_metrics[00fcb853-9d5f-44a2-8d52-7fab7cd4991e] succeeded in 0.030305492000479717s: {'success': True, 'device_id': 9, 'stored_count': 0, 'alerts_count': 0}
[2026-03-27 18:38:43,495: INFO/ForkPoolWorker-3] Task devices.tasks.check_device_online[36201a68-f97b-4c72-a6c0-dee7f6ababfe] succeeded in 2.0516101959983644s: {'success': True, 'total_devices': 7, 'online_count': 2, 'offline_devices': 0, 'offline_ips': []}
[2026-03-27 18:38:44,049: INFO/MainProcess] Task devices.tasks.check_device_online[e43e0b02-fbc3-467e-a7b9-e6634e4b8e4d] received
[2026-03-27 18:38:46,092: INFO/ForkPoolWorker-3] Task devices.tasks.check_device_online[e43e0b02-fbc3-467e-a7b9-e6634e4b8e4d] succeeded in 2.0406658249994507s: {'success': True, 'total_devices': 7, 'online_count': 2, 'offline_devices': 0, 'offline_ips': []}
[2026-03-27 18:39:33,969: INFO/MainProcess] Task monitoring.tasks.collect_all_online_devices_metrics[07135283-6298-4ed6-80b6-8719801e7f15] received
[2026-03-27 18:39:33,996: INFO/MainProcess] Task monitoring.tasks.collect_device_metrics[8c0c0dba-ea02-477e-b8f4-ca6110b6ee9e] received
[2026-03-27 18:39:33,998: INFO/ForkPoolWorker-3] Task monitoring.tasks.collect_all_online_devices_metrics[07135283-6298-4ed6-80b6-8719801e7f15] succeeded in 0.02652764799859142s: {'success': True, 'devices_count': 2, 'results': [{'device_id': 1, 'device_name': 'router1'}, {'device_id': 9, 'device_name': 'scan-test'}]}
[2026-03-27 18:39:36,531: INFO/ForkPoolWorker-1] Connected (version 2.0, client Comware-7.1.064)
[2026-03-27 18:39:36,610: INFO/ForkPoolWorker-1] Authentication (password) successful!
[2026-03-27 18:39:38,962: INFO/ForkPoolWorker-1] Task monitoring.tasks.collect_device_metrics[8c0c0dba-ea02-477e-b8f4-ca6110b6ee9e] succeeded in 4.961800521999976s: {'success': True, 'device_id': 1, 'stored_count': 43, 'alerts_count': 0}
[2026-03-27 18:39:41,448: INFO/MainProcess] Task configs.tasks.execute_scheduled_backup[853d97f3-e95d-4994-9416-c5a711392dc9] received
[2026-03-27 18:39:41,479: INFO/ForkPoolWorker-3] Task configs.tasks.execute_scheduled_backup[853d97f3-e95d-4994-9416-c5a711392dc9] succeeded in 0.029586885000753682s: {'success': True, 'message': '当前无到期的备份任务', 'triggered_count': 0}
[2026-03-27 18:39:41,488: INFO/MainProcess] Task monitoring.tasks.collect_device_metrics[a8dcfbf8-b6e8-474b-bcf6-c3cda420cd19] received
[2026-03-27 18:39:44,058: INFO/MainProcess] Task devices.tasks.check_device_online[96d39152-a8d3-40c0-87bd-21f54602bba1] received
[2026-03-27 18:39:44,137: INFO/ForkPoolWorker-3] Connected (version 2.0, client Comware-7.1.064)
[2026-03-27 18:39:44,213: INFO/ForkPoolWorker-3] Authentication (password) successful!
[2026-03-27 18:39:46,105: INFO/ForkPoolWorker-1] Task devices.tasks.check_device_online[96d39152-a8d3-40c0-87bd-21f54602bba1] succeeded in 2.0440297259992803s: {'success': True, 'total_devices': 7, 'online_count': 2, 'offline_devices': 0, 'offline_ips': []}
[2026-03-27 18:39:46,560: INFO/ForkPoolWorker-3] Task monitoring.tasks.collect_device_metrics[a8dcfbf8-b6e8-474b-bcf6-c3cda420cd19] succeeded in 5.066501317000075s: {'success': True, 'device_id': 1, 'stored_count': 43, 'alerts_count': 0}
[2026-03-27 18:39:50,527: INFO/ForkPoolWorker-2] Scan completed for 192.168.50.0/24: 7/254 hosts alive
[2026-03-27 18:39:50,911: INFO/ForkPoolWorker-2] Task ipmanagement.tasks.scan_subnet_task[9327a3d6-5ef0-4afe-92be-86dc00188942] succeeded in 284.51577284700033s: {'task_id': 775, 'cidr': '192.168.50.0/24', 'alive_count': 7, 'alive_hosts': [{'ip': '192.168.50.2', 'alive': True, 'hostname': None, 'response_time': 0.448, 'method': 'ICMP'}, {'ip': '192.168.50.1', 'alive': True, 'hostname': None, 'response_time': 0.652, 'method': 'ICMP'}, {'ip': '192.168.50.13', 'alive': True, 'hostname': None, 'response_time': 0.694, 'method': 'ICMP'}, {'ip': '192.168.50.71', 'alive': True, 'hostname': None, 'response_time': 1069.29, 'open_port': 3389, 'method': 'TCP'}, {'ip': '192.168.50.100', 'alive': True, 'hostname': None, 'response_time': 0.689, 'method': 'ICMP'}, {'ip': '192.168.50.132', 'alive': True, 'hostname': None, 'response_time': 0.031, 'method': 'ICMP'}, {'ip': '192.168.50.134', 'alive': True, 'hostname': None, 'response_time': 0.294, 'method': 'ICMP'}]}
[2026-03-27 18:40:34,015: INFO/MainProcess] Task monitoring.tasks.collect_all_online_devices_metrics[47f67d25-c538-4222-a1b4-a3a375609280] received
[2026-03-27 18:40:34,045: INFO/MainProcess] Task monitoring.tasks.collect_device_metrics[025fc4ee-31ca-4bb6-a24a-89cc3c84c86f] received
[2026-03-27 18:40:34,047: INFO/ForkPoolWorker-3] Task monitoring.tasks.collect_all_online_devices_metrics[47f67d25-c538-4222-a1b4-a3a375609280] succeeded in 0.028814932997192955s: {'success': True, 'devices_count': 2, 'results': [{'device_id': 1, 'device_name': 'router1'}, {'device_id': 9, 'device_name': 'scan-test'}]}
[2026-03-27 18:40:36,668: INFO/ForkPoolWorker-1] Connected (version 2.0, client Comware-7.1.064)
[2026-03-27 18:40:36,759: INFO/ForkPoolWorker-1] Authentication (password) successful!
[2026-03-27 18:40:39,409: INFO/ForkPoolWorker-1] Task monitoring.tasks.collect_device_metrics[025fc4ee-31ca-4bb6-a24a-89cc3c84c86f] succeeded in 5.361362766001548s: {'success': True, 'device_id': 1, 'stored_count': 43, 'alerts_count': 0}
[2026-03-27 18:40:41,440: INFO/MainProcess] Task devices.tasks.check_device_online[53688a51-fb22-443c-8d4b-569b5f338809] received
[2026-03-27 18:40:41,455: INFO/MainProcess] Task monitoring.tasks.collect_all_online_devices_metrics[5185d7f8-d41e-476b-9913-c507549353ba] received
[2026-03-27 18:40:41,489: INFO/ForkPoolWorker-1] Task monitoring.tasks.collect_all_online_devices_metrics[5185d7f8-d41e-476b-9913-c507549353ba] succeeded in 0.031535898000583984s: {'success': True, 'devices_count': 2, 'results': [{'device_id': 1, 'device_name': 'router1'}, {'device_id': 9, 'device_name': 'scan-test'}]}
[2026-03-27 18:40:41,490: INFO/MainProcess] Task monitoring.tasks.collect_device_metrics[1bc7a33f-cb4a-463e-8ca0-9469eebb3c16] received
[2026-03-27 18:40:41,514: INFO/ForkPoolWorker-1] Task monitoring.tasks.collect_device_metrics[1bc7a33f-cb4a-463e-8ca0-9469eebb3c16] succeeded in 0.02192442700106767s: {'success': True, 'device_id': 9, 'stored_count': 0, 'alerts_count': 0}
[2026-03-27 18:40:43,485: INFO/ForkPoolWorker-3] Task devices.tasks.check_device_online[53688a51-fb22-443c-8d4b-569b5f338809] succeeded in 2.0430498969981272s: {'success': True, 'total_devices': 7, 'online_count': 2, 'offline_devices': 0, 'offline_ips': []}
[2026-03-27 18:40:44,058: INFO/MainProcess] Task devices.tasks.check_device_online[80e1b9f7-d819-4fea-9f91-378b3ebe2a3d] received
[2026-03-27 18:40:46,105: INFO/ForkPoolWorker-3] Task devices.tasks.check_device_online[80e1b9f7-d819-4fea-9f91-378b3ebe2a3d] succeeded in 2.0456033049995312s: {'success': True, 'total_devices': 7, 'online_count': 2, 'offline_devices': 0, 'offline_ips': []}
[2026-03-27 18:41:34,047: INFO/MainProcess] Task monitoring.tasks.collect_all_online_devices_metrics[d2e141bc-f845-4a25-8cf4-6e9461eb2bbb] received
[2026-03-27 18:41:34,081: INFO/MainProcess] Task monitoring.tasks.collect_device_metrics[58ce9dc1-66c0-4e62-947a-346345b32482] received
[2026-03-27 18:41:34,085: INFO/ForkPoolWorker-3] Task monitoring.tasks.collect_all_online_devices_metrics[d2e141bc-f845-4a25-8cf4-6e9461eb2bbb] succeeded in 0.03462143999786349s: {'success': True, 'devices_count': 2, 'results': [{'device_id': 1, 'device_name': 'router1'}, {'device_id': 9, 'device_name': 'scan-test'}]}
[2026-03-27 18:41:36,722: INFO/ForkPoolWorker-1] Connected (version 2.0, client Comware-7.1.064)
[2026-03-27 18:41:36,802: INFO/ForkPoolWorker-1] Authentication (password) successful!
[2026-03-27 18:41:39,168: INFO/ForkPoolWorker-1] Task monitoring.tasks.collect_device_metrics[58ce9dc1-66c0-4e62-947a-346345b32482] succeeded in 5.0849989719972655s: {'success': True, 'device_id': 1, 'stored_count': 43, 'alerts_count': 0}
[2026-03-27 18:41:41,440: INFO/MainProcess] Task devices.tasks.check_device_online[f59653fe-ef5e-4365-8482-99602bf4979c] received
[2026-03-27 18:41:41,455: INFO/MainProcess] Task monitoring.tasks.collect_all_online_devices_metrics[7f7496b1-ca92-4f1f-a282-03ab775b48d5] received
[2026-03-27 18:41:41,493: INFO/MainProcess] Task monitoring.tasks.collect_device_metrics[62936df7-61df-4376-b7c5-e2e473b68d7b] received
[2026-03-27 18:41:41,494: INFO/ForkPoolWorker-1] Task monitoring.tasks.collect_all_online_devices_metrics[7f7496b1-ca92-4f1f-a282-03ab775b48d5] succeeded in 0.03597955700024613s: {'success': True, 'devices_count': 2, 'results': [{'device_id': 1, 'device_name': 'router1'}, {'device_id': 9, 'device_name': 'scan-test'}]}
[2026-03-27 18:41:41,525: INFO/ForkPoolWorker-1] Task monitoring.tasks.collect_device_metrics[62936df7-61df-4376-b7c5-e2e473b68d7b] succeeded in 0.028164043997094268s: {'success': True, 'device_id': 9, 'stored_count': 0, 'alerts_count': 0}
[2026-03-27 18:41:43,493: INFO/ForkPoolWorker-3] Task devices.tasks.check_device_online[f59653fe-ef5e-4365-8482-99602bf4979c] succeeded in 2.050949064003362s: {'success': True, 'total_devices': 7, 'online_count': 2, 'offline_devices': 0, 'offline_ips': []}
[2026-03-27 18:42:34,055: INFO/MainProcess] Task configs.tasks.execute_scheduled_backup[1fbe931b-a7c4-4e74-91ec-b715e9136c3c] received
[2026-03-27 18:42:34,081: INFO/MainProcess] Task monitoring.tasks.collect_device_metrics[c347fe2b-c1f0-4bde-b03e-66ba77ac0b42] received
[2026-03-27 18:42:34,086: INFO/ForkPoolWorker-3] Task configs.tasks.execute_scheduled_backup[1fbe931b-a7c4-4e74-91ec-b715e9136c3c] succeeded in 0.029038233999017393s: {'success': True, 'message': '当前无到期的备份任务', 'triggered_count': 0}
[2026-03-27 18:42:34,111: INFO/ForkPoolWorker-1] Task monitoring.tasks.collect_device_metrics[c347fe2b-c1f0-4bde-b03e-66ba77ac0b42] succeeded in 0.026781816999573493s: {'success': True, 'device_id': 9, 'stored_count': 0, 'alerts_count': 0}
[2026-03-27 18:42:41,443: INFO/MainProcess] Task devices.tasks.check_device_online[de623670-04ad-4d37-8a1c-713854bc48f1] received
[2026-03-27 18:42:41,456: INFO/MainProcess] Task monitoring.tasks.collect_all_online_devices_metrics[6179163c-d8a6-4e18-aa53-1c0f2817180f] received
[2026-03-27 18:42:41,495: INFO/MainProcess] Task monitoring.tasks.collect_device_metrics[625f36d0-6dff-4977-816a-faf08dcc5c45] received
[2026-03-27 18:42:41,496: INFO/ForkPoolWorker-1] Task monitoring.tasks.collect_all_online_devices_metrics[6179163c-d8a6-4e18-aa53-1c0f2817180f] succeeded in 0.03791728299984243s: {'success': True, 'devices_count': 2, 'results': [{'device_id': 1, 'device_name': 'router1'}, {'device_id': 9, 'device_name': 'scan-test'}]}
[2026-03-27 18:42:41,522: INFO/ForkPoolWorker-4] Task monitoring.tasks.collect_device_metrics[625f36d0-6dff-4977-816a-faf08dcc5c45] succeeded in 0.025199152001732728s: {'success': True, 'device_id': 9, 'stored_count': 0, 'alerts_count': 0}
[2026-03-27 18:42:43,504: INFO/ForkPoolWorker-3] Task devices.tasks.check_device_online[de623670-04ad-4d37-8a1c-713854bc48f1] succeeded in 2.0590710600008606s: {'success': True, 'total_devices': 7, 'online_count': 2, 'offline_devices': 0, 'offline_ips': []}
[2026-03-27 18:42:44,061: INFO/MainProcess] Task devices.tasks.check_device_online[f7224c6a-abb8-471d-9e2d-37d1f64106e8] received
[2026-03-27 18:42:46,112: INFO/ForkPoolWorker-3] Task devices.tasks.check_device_online[f7224c6a-abb8-471d-9e2d-37d1f64106e8] succeeded in 2.0488274060007825s: {'success': True, 'total_devices': 7, 'online_count': 2, 'offline_devices': 0, 'offline_ips': []}
[2026-03-27 18:43:11,177: INFO/MainProcess] Task ipmanagement.tasks.scan_all_subnets[f881a246-6545-4712-aee9-f90263af19e0] received
[2026-03-27 18:43:11,206: INFO/ForkPoolWorker-3] Queued scan for subnet 10.20.2.0/24, task_id: 779
[2026-03-27 18:43:11,206: INFO/MainProcess] Task ipmanagement.tasks.scan_subnet_task[1725bff9-bb8d-442a-a0c3-9d28cfaaa1a0] received
[2026-03-27 18:43:11,210: INFO/MainProcess] Task ipmanagement.tasks.scan_subnet_task[1d795b33-2f67-451e-80ad-5c6231c22489] received
[2026-03-27 18:43:11,211: INFO/ForkPoolWorker-3] Queued scan for subnet 172.16.1.0/24, task_id: 781
[2026-03-27 18:43:11,215: INFO/ForkPoolWorker-3] Queued scan for subnet 172.16.2.0/24, task_id: 783
[2026-03-27 18:43:11,221: INFO/MainProcess] Task ipmanagement.tasks.scan_subnet_task[1facef22-1d6c-408e-838b-1866f695a2c6] received
[2026-03-27 18:43:11,231: INFO/ForkPoolWorker-3] Queued scan for subnet 192.168.50.0/24, task_id: 785
[2026-03-27 18:43:11,235: INFO/MainProcess] Task ipmanagement.tasks.scan_subnet_task[81f40623-e0af-4a5f-8db6-0eb90bb2bd23] received
[2026-03-27 18:43:11,253: INFO/ForkPoolWorker-3] Queued scan for subnet 22.22.22.0/24, task_id: 787
[2026-03-27 18:43:11,253: INFO/ForkPoolWorker-3] Queued 5 subnet scans
[2026-03-27 18:43:11,253: INFO/ForkPoolWorker-1] Starting scan for subnet 10.20.2.0/24, total IPs: 254
[2026-03-27 18:43:11,265: INFO/ForkPoolWorker-3] Task ipmanagement.tasks.scan_all_subnets[f881a246-6545-4712-aee9-f90263af19e0] succeeded in 0.08633685400127433s: {'total_subnets': 5, 'queued_tasks': 5}
[2026-03-27 18:43:11,277: INFO/ForkPoolWorker-4] Starting scan for subnet 172.16.1.0/24, total IPs: 254
[2026-03-27 18:43:11,289: INFO/ForkPoolWorker-2] Starting scan for subnet 172.16.2.0/24, total IPs: 254
[2026-03-27 18:43:11,327: INFO/ForkPoolWorker-3] Starting scan for subnet 192.168.50.0/24, total IPs: 254
[2026-03-27 18:43:34,057: INFO/MainProcess] Task monitoring.tasks.collect_all_online_devices_metrics[22fcc470-0262-4af9-851b-74654683fff4] received
[2026-03-27 18:43:41,460: INFO/MainProcess] Task devices.tasks.check_device_online[7f46de88-b276-43ff-9f85-b8395a31b29b] received
[2026-03-27 18:43:41,468: INFO/MainProcess] Task monitoring.tasks.collect_all_online_devices_metrics[44abc4b6-b483-4fa7-afea-2cca986dae2e] received
[2026-03-27 18:43:44,107: INFO/MainProcess] Task devices.tasks.check_device_online[242255a0-727d-47af-ae9f-bad4661c0cd6] received
[2026-03-27 18:44:34,064: INFO/MainProcess] Task monitoring.tasks.collect_all_online_devices_metrics[340cffb7-020f-47af-97b4-fe15402849a9] received
[2026-03-27 18:44:41,466: INFO/MainProcess] Task configs.tasks.execute_scheduled_backup[59ebfb5c-3415-486a-b09f-394a15d500b7] received
[2026-03-27 18:45:34,080: INFO/MainProcess] Task configs.tasks.execute_scheduled_backup[e544eb41-82f3-4c57-84fa-e396367e9a07] received
[2026-03-27 18:45:41,465: INFO/MainProcess] Task configs.tasks.execute_scheduled_backup[4ef29dfe-27c5-4837-ab09-69462b0e44f1] received
[2026-03-27 18:46:34,089: INFO/MainProcess] Task configs.tasks.execute_scheduled_backup[346dac49-15f2-4be1-860a-69050c5b2eff] received
[2026-03-27 18:46:41,463: INFO/MainProcess] Task devices.tasks.check_device_online[b4dc81b8-0a95-4960-ab5d-beab44888226] received
[2026-03-27 18:46:41,472: INFO/MainProcess] Task monitoring.tasks.collect_all_online_devices_metrics[9ebeb3c0-c595-4046-979a-bc489e9749ca] received
[2026-03-27 18:47:34,121: INFO/MainProcess] Task configs.tasks.execute_scheduled_backup[57389452-8093-41fa-85f4-e8f968580108] received
[2026-03-27 18:47:41,463: INFO/MainProcess] Task devices.tasks.check_device_online[e8ab6346-0fbf-47f4-b102-c1dcda4a3c26] received
[2026-03-27 18:47:41,469: INFO/MainProcess] Task configs.tasks.execute_scheduled_backup[5baa16ad-dce1-43b7-b286-8fce6a7b64fc] received
[2026-03-27 18:47:41,473: INFO/MainProcess] Task monitoring.tasks.collect_all_online_devices_metrics[446ecaed-b2b3-4a22-b3d5-cfdf051a61ee] received
[2026-03-27 18:47:44,114: INFO/MainProcess] Task devices.tasks.check_device_online[35959288-b43f-4b1c-abd4-6cebc9f4f38a] received
[2026-03-27 18:47:54,369: INFO/ForkPoolWorker-3] Scan completed for 192.168.50.0/24: 7/254 hosts alive
[2026-03-27 18:47:54,490: ERROR/ForkPoolWorker-3] Task ipmanagement.tasks.scan_subnet_task[81f40623-e0af-4a5f-8db6-0eb90bb2bd23] raised unexpected: IntegrityError('null value in column "hostname" of relation "ipmanagement_allocationlog" violates not-null constraint\nDETAIL:  Failing row contains (93, 192.168.50.68, null, scan_discover, {"status": "available", "hostname": ""}, {"status": "allocated", "hostname": ""}, 2026-03-27 10:47:54.476605+00, 扫描发现，响应时间: 1070.31ms, null).\n')
Traceback (most recent call last):
  File "/opt/network_management/venv/lib/python3.10/site-packages/django/db/backends/utils.py", line 89, in _execute
    return self.cursor.execute(sql, params)
psycopg2.errors.NotNullViolation: null value in column "hostname" of relation "ipmanagement_allocationlog" violates not-null constraint
DETAIL:  Failing row contains (93, 192.168.50.68, null, scan_discover, {"status": "available", "hostname": ""}, {"status": "allocated", "hostname": ""}, 2026-03-27 10:47:54.476605+00, 扫描发现，响应时间: 1070.31ms, null).


The above exception was the direct cause of the following exception:

Traceback (most recent call last):
  File "/opt/network_management/venv/lib/python3.10/site-packages/celery/app/trace.py", line 479, in trace_task
    R = retval = fun(*args, **kwargs)
  File "/opt/network_management/venv/lib/python3.10/site-packages/celery/app/trace.py", line 779, in __protected_call__
    return self.run(*args, **kwargs)
  File "/opt/network_management/ipmanagement/tasks.py", line 36, in scan_subnet_task
    service.sync_scan_results(task.subnet_id, all_results)
  File "/opt/network_management/ipmanagement/services.py", line 685, in sync_scan_results
    AllocationLog.objects.create(
  File "/opt/network_management/venv/lib/python3.10/site-packages/django/db/models/manager.py", line 87, in manager_method
    return getattr(self.get_queryset(), name)(*args, **kwargs)
  File "/opt/network_management/venv/lib/python3.10/site-packages/django/db/models/query.py", line 660, in create
    obj.save(force_insert=True, using=self.db)
  File "/opt/network_management/venv/lib/python3.10/site-packages/django/db/models/base.py", line 814, in save
    self.save_base(
  File "/opt/network_management/venv/lib/python3.10/site-packages/django/db/models/base.py", line 877, in save_base
    updated = self._save_table(
  File "/opt/network_management/venv/lib/python3.10/site-packages/django/db/models/base.py", line 1020, in _save_table
    results = self._do_insert(
  File "/opt/network_management/venv/lib/python3.10/site-packages/django/db/models/base.py", line 1061, in _do_insert
    return manager._insert(
  File "/opt/network_management/venv/lib/python3.10/site-packages/django/db/models/manager.py", line 87, in manager_method
    return getattr(self.get_queryset(), name)(*args, **kwargs)
  File "/opt/network_management/venv/lib/python3.10/site-packages/django/db/models/query.py", line 1810, in _insert
    return query.get_compiler(using=using).execute_sql(returning_fields)
  File "/opt/network_management/venv/lib/python3.10/site-packages/django/db/models/sql/compiler.py", line 1822, in execute_sql
    cursor.execute(sql, params)
  File "/opt/network_management/venv/lib/python3.10/site-packages/django/db/backends/utils.py", line 102, in execute
    return super().execute(sql, params)
  File "/opt/network_management/venv/lib/python3.10/site-packages/django/db/backends/utils.py", line 67, in execute
    return self._execute_with_wrappers(
  File "/opt/network_management/venv/lib/python3.10/site-packages/django/db/backends/utils.py", line 80, in _execute_with_wrappers
    return executor(sql, params, many, context)
  File "/opt/network_management/venv/lib/python3.10/site-packages/django/db/backends/utils.py", line 84, in _execute
    with self.db.wrap_database_errors:
  File "/opt/network_management/venv/lib/python3.10/site-packages/django/db/utils.py", line 91, in __exit__
    raise dj_exc_value.with_traceback(traceback) from exc_value
  File "/opt/network_management/venv/lib/python3.10/site-packages/django/db/backends/utils.py", line 89, in _execute
    return self.cursor.execute(sql, params)
django.db.utils.IntegrityError: null value in column "hostname" of relation "ipmanagement_allocationlog" violates not-null constraint
DETAIL:  Failing row contains (93, 192.168.50.68, null, scan_discover, {"status": "available", "hostname": ""}, {"status": "allocated", "hostname": ""}, 2026-03-27 10:47:54.476605+00, 扫描发现，响应时间: 1070.31ms, null).

[2026-03-27 18:47:54,528: INFO/MainProcess] Task monitoring.tasks.collect_device_metrics[75cc255b-35d4-4078-b2c2-c5b864bbc2e1] received
[2026-03-27 18:47:54,531: INFO/ForkPoolWorker-3] Task monitoring.tasks.collect_all_online_devices_metrics[22fcc470-0262-4af9-851b-74654683fff4] succeeded in 0.03847237700028927s: {'success': True, 'devices_count': 2, 'results': [{'device_id': 1, 'device_name': 'router1'}, {'device_id': 9, 'device_name': 'scan-test'}]}
[2026-03-27 18:47:54,538: INFO/MainProcess] Task monitoring.tasks.collect_device_metrics[55b03ce0-864f-40eb-b5bc-d2021cafd158] received
[2026-03-27 18:47:56,583: INFO/ForkPoolWorker-3] Task devices.tasks.check_device_online[7f46de88-b276-43ff-9f85-b8395a31b29b] succeeded in 2.0493885670002783s: {'success': True, 'total_devices': 7, 'online_count': 2, 'offline_devices': 0, 'offline_ips': []}
[2026-03-27 18:47:56,616: INFO/ForkPoolWorker-3] Task monitoring.tasks.collect_all_online_devices_metrics[44abc4b6-b483-4fa7-afea-2cca986dae2e] succeeded in 0.030443431001913268s: {'success': True, 'devices_count': 2, 'results': [{'device_id': 1, 'device_name': 'router1'}, {'device_id': 9, 'device_name': 'scan-test'}]}
[2026-03-27 18:47:56,616: INFO/MainProcess] Task monitoring.tasks.collect_device_metrics[63aba01a-03a5-4bae-a17d-d374cb11dbf7] received
[2026-03-27 18:47:58,669: INFO/ForkPoolWorker-3] Task devices.tasks.check_device_online[242255a0-727d-47af-ae9f-bad4661c0cd6] succeeded in 2.0466730070002086s: {'success': True, 'total_devices': 7, 'online_count': 2, 'offline_devices': 0, 'offline_ips': []}
[2026-03-27 18:47:58,699: INFO/MainProcess] Task monitoring.tasks.collect_device_metrics[31e29971-30e6-4c18-87fd-c900445bff50] received
[2026-03-27 18:47:58,702: INFO/MainProcess] Task monitoring.tasks.collect_device_metrics[5ad52aaa-b1c8-4afb-ad46-c6bfec8f1482] received
[2026-03-27 18:47:58,703: INFO/ForkPoolWorker-3] Task monitoring.tasks.collect_all_online_devices_metrics[340cffb7-020f-47af-97b4-fe15402849a9] succeeded in 0.0313780440010305s: {'success': True, 'devices_count': 2, 'results': [{'device_id': 1, 'device_name': 'router1'}, {'device_id': 9, 'device_name': 'scan-test'}]}
[2026-03-27 18:47:58,737: INFO/ForkPoolWorker-3] Task configs.tasks.execute_scheduled_backup[59ebfb5c-3415-486a-b09f-394a15d500b7] succeeded in 0.03064194200123893s: {'success': True, 'message': '当前无到期的备份任务', 'triggered_count': 0}
[2026-03-27 18:47:58,773: INFO/ForkPoolWorker-3] Task configs.tasks.execute_scheduled_backup[e544eb41-82f3-4c57-84fa-e396367e9a07] succeeded in 0.031874039999820525s: {'success': True, 'message': '当前无到期的备份任务', 'triggered_count': 0}
[2026-03-27 18:47:58,808: INFO/ForkPoolWorker-3] Task configs.tasks.execute_scheduled_backup[4ef29dfe-27c5-4837-ab09-69462b0e44f1] succeeded in 0.03219324699966819s: {'success': True, 'message': '当前无到期的备份任务', 'triggered_count': 0}
[2026-03-27 18:47:58,842: INFO/ForkPoolWorker-3] Task configs.tasks.execute_scheduled_backup[346dac49-15f2-4be1-860a-69050c5b2eff] succeeded in 0.030457924996881047s: {'success': True, 'message': '当前无到期的备份任务', 'triggered_count': 0}
[2026-03-27 18:48:00,902: INFO/ForkPoolWorker-3] Task devices.tasks.check_device_online[b4dc81b8-0a95-4960-ab5d-beab44888226] succeeded in 2.056946472999698s: {'success': True, 'total_devices': 7, 'online_count': 2, 'offline_devices': 0, 'offline_ips': []}
[2026-03-27 18:48:00,934: INFO/MainProcess] Task monitoring.tasks.collect_device_metrics[1e344108-8319-4c90-9fc7-bebda8a5282a] received
[2026-03-27 18:48:00,937: INFO/ForkPoolWorker-3] Task monitoring.tasks.collect_all_online_devices_metrics[9ebeb3c0-c595-4046-979a-bc489e9749ca] succeeded in 0.031072958001459483s: {'success': True, 'devices_count': 2, 'results': [{'device_id': 1, 'device_name': 'router1'}, {'device_id': 9, 'device_name': 'scan-test'}]}
[2026-03-27 18:48:00,941: INFO/MainProcess] Task monitoring.tasks.collect_device_metrics[1fc2bab5-ad40-40c4-a621-c5222eb798a5] received
[2026-03-27 18:48:00,975: INFO/ForkPoolWorker-3] Task configs.tasks.execute_scheduled_backup[57389452-8093-41fa-85f4-e8f968580108] succeeded in 0.032552446999034146s: {'success': True, 'message': '当前无到期的备份任务', 'triggered_count': 0}
[2026-03-27 18:48:03,020: INFO/ForkPoolWorker-3] Task devices.tasks.check_device_online[e8ab6346-0fbf-47f4-b102-c1dcda4a3c26] succeeded in 2.0421138819983753s: {'success': True, 'total_devices': 7, 'online_count': 2, 'offline_devices': 0, 'offline_ips': []}
[2026-03-27 18:48:03,057: INFO/ForkPoolWorker-3] Task configs.tasks.execute_scheduled_backup[5baa16ad-dce1-43b7-b286-8fce6a7b64fc] succeeded in 0.030823668999801157s: {'success': True, 'message': '当前无到期的备份任务', 'triggered_count': 0}
[2026-03-27 18:48:03,091: INFO/MainProcess] Task monitoring.tasks.collect_device_metrics[09a7b1d7-44f8-4e28-9167-cb4eaaf1fb42] received
[2026-03-27 18:48:03,093: INFO/ForkPoolWorker-3] Task monitoring.tasks.collect_all_online_devices_metrics[446ecaed-b2b3-4a22-b3d5-cfdf051a61ee] succeeded in 0.03154966000147397s: {'success': True, 'devices_count': 2, 'results': [{'device_id': 1, 'device_name': 'router1'}, {'device_id': 9, 'device_name': 'scan-test'}]}
[2026-03-27 18:48:03,096: INFO/MainProcess] Task monitoring.tasks.collect_device_metrics[dced56f4-04a4-49ec-8eee-1c8939c443e6] received
[2026-03-27 18:48:05,146: INFO/ForkPoolWorker-3] Task devices.tasks.check_device_online[35959288-b43f-4b1c-abd4-6cebc9f4f38a] succeeded in 2.048250142001052s: {'success': True, 'total_devices': 7, 'online_count': 2, 'offline_devices': 0, 'offline_ips': []}
[2026-03-27 18:48:08,106: INFO/ForkPoolWorker-3] Connected (version 2.0, client Comware-7.1.064)
[2026-03-27 18:48:08,224: INFO/ForkPoolWorker-3] Authentication (password) successful!
[2026-03-27 18:48:11,118: INFO/ForkPoolWorker-3] Task monitoring.tasks.collect_device_metrics[75cc255b-35d4-4078-b2c2-c5b864bbc2e1] succeeded in 5.967663497998728s: {'success': True, 'device_id': 1, 'stored_count': 44, 'alerts_count': 0}
[2026-03-27 18:48:11,148: INFO/ForkPoolWorker-3] Task monitoring.tasks.collect_device_metrics[55b03ce0-864f-40eb-b5bc-d2021cafd158] succeeded in 0.026783092998812208s: {'success': True, 'device_id': 9, 'stored_count': 0, 'alerts_count': 0}
[2026-03-27 18:48:11,178: INFO/ForkPoolWorker-3] Task monitoring.tasks.collect_device_metrics[63aba01a-03a5-4bae-a17d-d374cb11dbf7] succeeded in 0.026352052998845465s: {'success': True, 'device_id': 9, 'stored_count': 0, 'alerts_count': 0}
[2026-03-27 18:48:13,793: INFO/ForkPoolWorker-3] Connected (version 2.0, client Comware-7.1.064)
[2026-03-27 18:48:13,853: INFO/ForkPoolWorker-3] Authentication (password) successful!
[2026-03-27 18:48:16,208: INFO/ForkPoolWorker-3] Task monitoring.tasks.collect_device_metrics[31e29971-30e6-4c18-87fd-c900445bff50] succeeded in 5.0235102949991415s: {'success': True, 'device_id': 1, 'stored_count': 44, 'alerts_count': 0}
[2026-03-27 18:48:16,239: INFO/ForkPoolWorker-3] Task monitoring.tasks.collect_device_metrics[5ad52aaa-b1c8-4afb-ad46-c6bfec8f1482] succeeded in 0.028487920000770828s: {'success': True, 'device_id': 9, 'stored_count': 0, 'alerts_count': 0}
[2026-03-27 18:48:18,801: INFO/ForkPoolWorker-3] Connected (version 2.0, client Comware-7.1.064)
[2026-03-27 18:48:18,877: INFO/ForkPoolWorker-3] Authentication (password) successful!
[2026-03-27 18:48:21,219: INFO/ForkPoolWorker-3] Task monitoring.tasks.collect_device_metrics[1e344108-8319-4c90-9fc7-bebda8a5282a] succeeded in 4.977129753999179s: {'success': True, 'device_id': 1, 'stored_count': 44, 'alerts_count': 0}
[2026-03-27 18:48:21,250: INFO/ForkPoolWorker-3] Task monitoring.tasks.collect_device_metrics[1fc2bab5-ad40-40c4-a621-c5222eb798a5] succeeded in 0.027944426001340616s: {'success': True, 'device_id': 9, 'stored_count': 0, 'alerts_count': 0}
[2026-03-27 18:48:23,950: INFO/ForkPoolWorker-3] Connected (version 2.0, client Comware-7.1.064)
[2026-03-27 18:48:24,025: INFO/ForkPoolWorker-3] Authentication (password) successful!
[2026-03-27 18:48:26,353: INFO/ForkPoolWorker-3] Task monitoring.tasks.collect_device_metrics[09a7b1d7-44f8-4e28-9167-cb4eaaf1fb42] succeeded in 5.100191731002269s: {'success': True, 'device_id': 1, 'stored_count': 44, 'alerts_count': 0}
[2026-03-27 18:48:26,384: INFO/ForkPoolWorker-3] Task monitoring.tasks.collect_device_metrics[dced56f4-04a4-49ec-8eee-1c8939c443e6] succeeded in 0.02786843499779934s: {'success': True, 'device_id': 9, 'stored_count': 0, 'alerts_count': 0}
[2026-03-27 18:48:34,113: INFO/MainProcess] Task monitoring.tasks.collect_all_online_devices_metrics[302c4905-fb2d-4007-95b2-625608861614] received
[2026-03-27 18:48:34,130: INFO/MainProcess] Task configs.tasks.execute_scheduled_backup[f039cfad-5042-41b2-b02b-3f266ddedbac] received
[2026-03-27 18:48:34,138: INFO/MainProcess] Task monitoring.tasks.collect_device_metrics[6ea850c2-5fe2-4fe3-b6f2-aaf0e787de7c] received
[2026-03-27 18:48:34,139: INFO/ForkPoolWorker-3] Task monitoring.tasks.collect_all_online_devices_metrics[302c4905-fb2d-4007-95b2-625608861614] succeeded in 0.023918429000332253s: {'success': True, 'devices_count': 2, 'results': [{'device_id': 1, 'device_name': 'router1'}, {'device_id': 9, 'device_name': 'scan-test'}]}
[2026-03-27 18:48:34,140: INFO/MainProcess] Task monitoring.tasks.collect_device_metrics[b776c4e4-6a92-43b0-bff4-190e841f7279] received
[2026-03-27 18:48:34,170: INFO/ForkPoolWorker-3] Task configs.tasks.execute_scheduled_backup[f039cfad-5042-41b2-b02b-3f266ddedbac] succeeded in 0.028966755999135785s: {'success': True, 'message': '当前无到期的备份任务', 'triggered_count': 0}
[2026-03-27 18:48:36,722: INFO/ForkPoolWorker-3] Connected (version 2.0, client Comware-7.1.064)
[2026-03-27 18:48:36,798: INFO/ForkPoolWorker-3] Authentication (password) successful!
[2026-03-27 18:48:39,196: INFO/ForkPoolWorker-3] Task monitoring.tasks.collect_device_metrics[6ea850c2-5fe2-4fe3-b6f2-aaf0e787de7c] succeeded in 5.023246542001289s: {'success': True, 'device_id': 1, 'stored_count': 44, 'alerts_count': 0}
[2026-03-27 18:48:39,223: INFO/ForkPoolWorker-3] Task monitoring.tasks.collect_device_metrics[b776c4e4-6a92-43b0-bff4-190e841f7279] succeeded in 0.023433341997588286s: {'success': True, 'device_id': 9, 'stored_count': 0, 'alerts_count': 0}
[2026-03-27 18:48:41,525: INFO/MainProcess] Task devices.tasks.check_device_online[b4b3a7b3-8750-4dfd-a514-cfdd54839276] received
[2026-03-27 18:48:41,528: INFO/MainProcess] Task configs.tasks.execute_scheduled_backup[443df2a8-79d6-4525-9244-df50757a39db] received
[2026-03-27 18:48:41,533: INFO/MainProcess] Task monitoring.tasks.collect_all_online_devices_metrics[00b69f0b-cdb5-4651-ab7d-3ac0976d73c2] received
[2026-03-27 18:48:43,571: INFO/ForkPoolWorker-3] Task devices.tasks.check_device_online[b4b3a7b3-8750-4dfd-a514-cfdd54839276] succeeded in 2.0436872330028564s: {'success': True, 'total_devices': 7, 'online_count': 2, 'offline_devices': 0, 'offline_ips': []}
[2026-03-27 18:48:43,604: INFO/ForkPoolWorker-3] Task configs.tasks.execute_scheduled_backup[443df2a8-79d6-4525-9244-df50757a39db] succeeded in 0.031054633000167087s: {'success': True, 'message': '当前无到期的备份任务', 'triggered_count': 0}
[2026-03-27 18:48:43,637: INFO/MainProcess] Task monitoring.tasks.collect_device_metrics[1349f4bc-9ffe-4638-bfcf-d46ea388de1f] received
[2026-03-27 18:48:43,640: INFO/MainProcess] Task monitoring.tasks.collect_device_metrics[4d93f7d9-134b-425e-9fd7-9d2da130c25a] received
[2026-03-27 18:48:43,640: INFO/ForkPoolWorker-3] Task monitoring.tasks.collect_all_online_devices_metrics[00b69f0b-cdb5-4651-ab7d-3ac0976d73c2] succeeded in 0.0324917860016285s: {'success': True, 'devices_count': 2, 'results': [{'device_id': 1, 'device_name': 'router1'}, {'device_id': 9, 'device_name': 'scan-test'}]}
[2026-03-27 18:48:44,172: INFO/MainProcess] Task devices.tasks.check_device_online[ca301592-68f7-40ff-991e-724f9bbe5874] received
[2026-03-27 18:48:46,233: INFO/ForkPoolWorker-3] Connected (version 2.0, client Comware-7.1.064)
[2026-03-27 18:48:46,303: INFO/ForkPoolWorker-3] Authentication (password) successful!
[2026-03-27 18:48:48,620: INFO/ForkPoolWorker-3] Task monitoring.tasks.collect_device_metrics[1349f4bc-9ffe-4638-bfcf-d46ea388de1f] succeeded in 4.9762480550016335s: {'success': True, 'device_id': 1, 'stored_count': 44, 'alerts_count': 0}
[2026-03-27 18:48:48,649: INFO/ForkPoolWorker-3] Task monitoring.tasks.collect_device_metrics[4d93f7d9-134b-425e-9fd7-9d2da130c25a] succeeded in 0.026073810000525555s: {'success': True, 'device_id': 9, 'stored_count': 0, 'alerts_count': 0}
[2026-03-27 18:48:50,692: INFO/ForkPoolWorker-3] Task devices.tasks.check_device_online[ca301592-68f7-40ff-991e-724f9bbe5874] succeeded in 2.0391934759973083s: {'success': True, 'total_devices': 7, 'online_count': 2, 'offline_devices': 0, 'offline_ips': []}
[2026-03-27 18:49:15,756: INFO/ForkPoolWorker-1] Scan completed for 10.20.2.0/24: 1/254 hosts alive
[2026-03-27 18:49:15,762: INFO/ForkPoolWorker-4] Scan completed for 172.16.1.0/24: 0/254 hosts alive
[2026-03-27 18:49:15,771: INFO/ForkPoolWorker-2] Scan completed for 172.16.2.0/24: 0/254 hosts alive
[2026-03-27 18:49:16,158: INFO/ForkPoolWorker-2] Task ipmanagement.tasks.scan_subnet_task[1facef22-1d6c-408e-838b-1866f695a2c6] succeeded in 364.9308100119997s: {'task_id': 782, 'cidr': '172.16.2.0/24', 'alive_count': 0, 'alive_hosts': []}
[2026-03-27 18:49:16,253: INFO/ForkPoolWorker-1] Task ipmanagement.tasks.scan_subnet_task[1725bff9-bb8d-442a-a0c3-9d28cfaaa1a0] succeeded in 365.0429994039987s: {'task_id': 778, 'cidr': '10.20.2.0/24', 'alive_count': 1, 'alive_hosts': [{'ip': '10.20.2.1', 'alive': True, 'hostname': None, 'response_time': 1.48, 'method': 'ICMP'}]}
[2026-03-27 18:49:16,360: INFO/ForkPoolWorker-4] Task ipmanagement.tasks.scan_subnet_task[1d795b33-2f67-451e-80ad-5c6231c22489] succeeded in 365.1454342319994s: {'task_id': 780, 'cidr': '172.16.1.0/24', 'alive_count': 0, 'alive_hosts': []}
[2026-03-27 18:49:16,494: INFO/MainProcess] Task monitoring.tasks.collect_device_metrics[1724980a-906f-4f08-814e-d81f31aad32c] received
[2026-03-27 18:49:16,527: INFO/ForkPoolWorker-3] Task monitoring.tasks.collect_device_metrics[1724980a-906f-4f08-814e-d81f31aad32c] succeeded in 0.029321952002646867s: {'success': True, 'device_id': 9, 'stored_count': 0, 'alerts_count': 0}
[2026-03-27 18:49:18,545: INFO/MainProcess] Task monitoring.tasks.collect_device_metrics[5f5a38b8-8708-4c1c-8dc3-36156a288ad7] received
[2026-03-27 18:49:18,576: INFO/MainProcess] Task monitoring.tasks.collect_device_metrics[e1b908eb-7f37-40b0-b555-f8f923290b0f] received
[2026-03-27 18:49:20,672: INFO/MainProcess] Task monitoring.tasks.collect_device_metrics[0fdd5c7c-3d03-4255-b362-a859428325d5] received
[2026-03-27 18:49:20,725: INFO/ForkPoolWorker-4] Task monitoring.tasks.collect_device_metrics[0fdd5c7c-3d03-4255-b362-a859428325d5] succeeded in 0.043988949997583404s: {'success': True, 'device_id': 9, 'stored_count': 0, 'alerts_count': 0}
[2026-03-27 18:49:20,731: INFO/MainProcess] Task monitoring.tasks.collect_device_metrics[fb25029d-090d-46ec-a75c-57c580c572ca] received
[2026-03-27 18:49:20,772: INFO/ForkPoolWorker-4] Task monitoring.tasks.collect_device_metrics[fb25029d-090d-46ec-a75c-57c580c572ca] succeeded in 0.030104536999715492s: {'success': True, 'device_id': 9, 'stored_count': 0, 'alerts_count': 0}
[2026-03-27 18:49:21,293: INFO/ForkPoolWorker-1] Connected (version 2.0, client Comware-7.1.064)
[2026-03-27 18:49:21,369: INFO/ForkPoolWorker-1] Authentication (password) successful!
[2026-03-27 18:49:21,424: INFO/ForkPoolWorker-3] Connected (version 2.0, client Comware-7.1.064)
[2026-03-27 18:49:21,494: INFO/ForkPoolWorker-3] Authentication (password) successful!
[2026-03-27 18:49:26,328: INFO/ForkPoolWorker-1] Task monitoring.tasks.collect_device_metrics[e1b908eb-7f37-40b0-b555-f8f923290b0f] succeeded in 7.7476033180028026s: {'success': True, 'device_id': 1, 'stored_count': 44, 'alerts_count': 0}
[2026-03-27 18:49:26,743: INFO/ForkPoolWorker-3] Task monitoring.tasks.collect_device_metrics[5f5a38b8-8708-4c1c-8dc3-36156a288ad7] succeeded in 8.193989911000244s: {'success': True, 'device_id': 1, 'stored_count': 44, 'alerts_count': 0}
[2026-03-27 18:49:34,115: INFO/MainProcess] Task monitoring.tasks.collect_all_online_devices_metrics[3b64bd72-4fb0-4951-aa35-ad475a31253b] received
[2026-03-27 18:49:34,147: INFO/MainProcess] Task monitoring.tasks.collect_device_metrics[1ab76702-b547-43ed-80bd-a49c498745f7] received
[2026-03-27 18:49:34,149: INFO/ForkPoolWorker-3] Task monitoring.tasks.collect_all_online_devices_metrics[3b64bd72-4fb0-4951-aa35-ad475a31253b] succeeded in 0.03127426599894534s: {'success': True, 'devices_count': 2, 'results': [{'device_id': 1, 'device_name': 'router1'}, {'device_id': 9, 'device_name': 'scan-test'}]}
[2026-03-27 18:49:36,734: INFO/ForkPoolWorker-1] Connected (version 2.0, client Comware-7.1.064)
[2026-03-27 18:49:36,805: INFO/ForkPoolWorker-1] Authentication (password) successful!
[2026-03-27 18:49:39,131: INFO/ForkPoolWorker-1] Task monitoring.tasks.collect_device_metrics[1ab76702-b547-43ed-80bd-a49c498745f7] succeeded in 4.979861083997093s: {'success': True, 'device_id': 1, 'stored_count': 44, 'alerts_count': 0}
[2026-03-27 18:49:41,528: INFO/MainProcess] Task devices.tasks.check_device_online[516a80a5-d15b-4b4d-bf83-efd3a68f8ff7] received
[2026-03-27 18:49:41,538: INFO/MainProcess] Task monitoring.tasks.collect_all_online_devices_metrics[e9e386d6-5d7c-42cd-86d0-6f8cf430fd11] received
[2026-03-27 18:49:41,574: INFO/MainProcess] Task monitoring.tasks.collect_device_metrics[6e5b8c2b-994f-4c7f-9ffa-d2e788dbcb01] received
[2026-03-27 18:49:41,574: INFO/ForkPoolWorker-1] Task monitoring.tasks.collect_all_online_devices_metrics[e9e386d6-5d7c-42cd-86d0-6f8cf430fd11] succeeded in 0.03384604399980162s: {'success': True, 'devices_count': 2, 'results': [{'device_id': 1, 'device_name': 'router1'}, {'device_id': 9, 'device_name': 'scan-test'}]}
[2026-03-27 18:49:41,602: INFO/ForkPoolWorker-4] Task monitoring.tasks.collect_device_metrics[6e5b8c2b-994f-4c7f-9ffa-d2e788dbcb01] succeeded in 0.026466455001354916s: {'success': True, 'device_id': 9, 'stored_count': 0, 'alerts_count': 0}
[2026-03-27 18:49:43,578: INFO/ForkPoolWorker-3] Task devices.tasks.check_device_online[516a80a5-d15b-4b4d-bf83-efd3a68f8ff7] succeeded in 2.046696544999577s: {'success': True, 'total_devices': 7, 'online_count': 2, 'offline_devices': 0, 'offline_ips': []}
[2026-03-27 18:50:34,145: INFO/MainProcess] Task configs.tasks.execute_scheduled_backup[52603ef5-f249-4723-acd2-46617781d202] received
[2026-03-27 18:50:34,176: INFO/ForkPoolWorker-3] Task configs.tasks.execute_scheduled_backup[52603ef5-f249-4723-acd2-46617781d202] succeeded in 0.028202219000377227s: {'success': True, 'message': '当前无到期的备份任务', 'triggered_count': 0}
[2026-03-27 18:50:34,177: INFO/MainProcess] Task monitoring.tasks.collect_device_metrics[02233553-71f2-41d6-b3cf-2a8db0c21b58] received
[2026-03-27 18:50:34,205: INFO/ForkPoolWorker-3] Task monitoring.tasks.collect_device_metrics[02233553-71f2-41d6-b3cf-2a8db0c21b58] succeeded in 0.023014479000266874s: {'success': True, 'device_id': 9, 'stored_count': 0, 'alerts_count': 0}
[2026-03-27 18:50:41,534: INFO/MainProcess] Task configs.tasks.execute_scheduled_backup[b8fda1a2-3786-437b-b76f-10a5e99a7e37] received
[2026-03-27 18:50:41,562: INFO/ForkPoolWorker-3] Task configs.tasks.execute_scheduled_backup[b8fda1a2-3786-437b-b76f-10a5e99a7e37] succeeded in 0.025546619999659015s: {'success': True, 'message': '当前无到期的备份任务', 'triggered_count': 0}
[2026-03-27 18:50:41,570: INFO/MainProcess] Task monitoring.tasks.collect_device_metrics[5ade6c60-e8b2-43dd-942d-5b565c0a79b4] received
[2026-03-27 18:50:44,243: INFO/ForkPoolWorker-3] Connected (version 2.0, client Comware-7.1.064)
[2026-03-27 18:50:44,368: INFO/ForkPoolWorker-3] Authentication (password) successful!
[2026-03-27 18:50:46,686: INFO/ForkPoolWorker-3] Task monitoring.tasks.collect_device_metrics[5ade6c60-e8b2-43dd-942d-5b565c0a79b4] succeeded in 5.113734470000054s: {'success': True, 'device_id': 1, 'stored_count': 44, 'alerts_count': 0}
[2026-03-27 18:51:31,181: INFO/MainProcess] Task ipmanagement.tasks.scan_all_subnets[06c989a6-d979-4d29-86b8-45fd07385c76] received
[2026-03-27 18:51:31,212: INFO/ForkPoolWorker-3] Queued scan for subnet 10.20.2.0/24, task_id: 789
[2026-03-27 18:51:31,212: INFO/MainProcess] Task ipmanagement.tasks.scan_subnet_task[91f5a321-e66f-4a6b-b0fe-62b907202149] received
[2026-03-27 18:51:31,216: INFO/ForkPoolWorker-3] Queued scan for subnet 172.16.1.0/24, task_id: 791
[2026-03-27 18:51:31,218: INFO/MainProcess] Task ipmanagement.tasks.scan_subnet_task[bf036b4e-bee8-44df-9cc7-5f7239858519] received
[2026-03-27 18:51:31,223: INFO/ForkPoolWorker-3] Queued scan for subnet 172.16.2.0/24, task_id: 793
[2026-03-27 18:51:31,224: INFO/MainProcess] Task ipmanagement.tasks.scan_subnet_task[37cb3324-2997-4270-abd5-6ddc68f8ddd9] received
[2026-03-27 18:51:31,233: INFO/MainProcess] Task ipmanagement.tasks.scan_subnet_task[0f1a83b6-c3d9-4428-a86e-a1d5319a0e38] received
[2026-03-27 18:51:31,236: INFO/ForkPoolWorker-3] Queued scan for subnet 192.168.50.0/24, task_id: 795
[2026-03-27 18:51:31,254: INFO/ForkPoolWorker-3] Queued scan for subnet 22.22.22.0/24, task_id: 797
[2026-03-27 18:51:31,256: INFO/ForkPoolWorker-3] Queued 5 subnet scans
[2026-03-27 18:51:31,256: INFO/MainProcess] Task ipmanagement.tasks.scan_subnet_task[b9817186-a6ac-4f6e-987d-01bda3314c41] received
[2026-03-27 18:51:31,257: INFO/ForkPoolWorker-3] Task ipmanagement.tasks.scan_all_subnets[06c989a6-d979-4d29-86b8-45fd07385c76] succeeded in 0.07302942600290407s: {'total_subnets': 5, 'queued_tasks': 5}
[2026-03-27 18:51:31,263: INFO/ForkPoolWorker-1] Starting scan for subnet 10.20.2.0/24, total IPs: 254
[2026-03-27 18:51:31,273: INFO/ForkPoolWorker-2] Starting scan for subnet 172.16.2.0/24, total IPs: 254
[2026-03-27 18:51:31,283: INFO/ForkPoolWorker-4] Starting scan for subnet 172.16.1.0/24, total IPs: 254
[2026-03-27 18:51:31,319: INFO/ForkPoolWorker-3] Starting scan for subnet 192.168.50.0/24, total IPs: 254
[2026-03-27 18:51:34,156: INFO/MainProcess] Task monitoring.tasks.collect_all_online_devices_metrics[a6d659dd-7e72-4f17-8cda-f3191040375f] received
[2026-03-27 18:51:41,536: INFO/MainProcess] Task configs.tasks.execute_scheduled_backup[a91260e6-768f-4230-a40a-9881870304ba] received
[2026-03-27 18:51:44,172: INFO/MainProcess] Task devices.tasks.check_device_online[8bd61a92-a8ac-4f72-907d-7cfb7bf4bd83] received
[2026-03-27 18:52:34,156: INFO/MainProcess] Task monitoring.tasks.collect_all_online_devices_metrics[9883f3d4-216d-4e8e-80c6-4267df7f5ba8] received
[2026-03-27 18:52:41,537: INFO/MainProcess] Task configs.tasks.execute_scheduled_backup[77263403-f83f-4c79-9e76-1ec1b4b6f8f4] received
[2026-03-27 18:53:34,183: INFO/MainProcess] Task configs.tasks.execute_scheduled_backup[feb41bb3-75ff-42f7-8ffb-7421821c2bce] received
[2026-03-27 18:53:41,578: INFO/MainProcess] Task devices.tasks.check_device_online[9d67a9ce-2549-4ac0-8678-8afd7a08730b] received
[2026-03-27 18:53:41,590: INFO/MainProcess] Task monitoring.tasks.collect_all_online_devices_metrics[b4e31dee-2fa9-4b77-9e99-3b833912bf4a] received
[2026-03-27 18:53:44,213: INFO/MainProcess] Task devices.tasks.check_device_online[8d90a2ee-1152-42f0-a4fe-e786cfee45b3] received
[2026-03-27 18:54:34,181: INFO/MainProcess] Task monitoring.tasks.collect_all_online_devices_metrics[7b4b38bf-51ef-474b-8fcf-55a83ee13d18] received
[2026-03-27 18:54:41,578: INFO/MainProcess] Task devices.tasks.check_device_online[f1353508-f874-4d7b-ac0a-d9e0d2db743a] received
[2026-03-27 18:54:41,589: INFO/MainProcess] Task monitoring.tasks.collect_all_online_devices_metrics[b6af40e1-c581-4760-b52a-dc7d357e6fb0] received
[2026-03-27 18:55:34,186: INFO/MainProcess] Task configs.tasks.execute_scheduled_backup[a36a0e37-5635-40d2-9532-d56e1b988aa6] received
[2026-03-27 18:55:41,583: INFO/MainProcess] Task configs.tasks.execute_scheduled_backup[21166251-4b23-4ceb-ba10-d53af0d6725a] received
[2026-03-27 18:55:44,213: INFO/MainProcess] Task devices.tasks.check_device_online[2b2bf212-4cb7-45bf-b398-8be2ef9d85eb] received
[2026-03-27 18:56:14,531: INFO/ForkPoolWorker-3] Scan completed for 192.168.50.0/24: 7/254 hosts alive
