[2026-03-27 18:22:21,773: INFO/ForkPoolWorker-1] Task monitoring.tasks.collect_device_metrics[56b6a1c6-4aef-4f49-92c7-51236281e85c] succeeded in 5.028346947998216s: {'success': True, 'device_id': 1, 'stored_count': 42, 'alerts_count': 0}
[2026-03-27 18:22:23,846: INFO/ForkPoolWorker-3] Task monitoring.tasks.collect_device_metrics[7b773f4d-b649-4414-b00e-6861c24f0d56] succeeded in 5.171122953001031s: {'success': True, 'device_id': 1, 'stored_count': 42, 'alerts_count': 0}
[2026-03-27 18:22:24,254: INFO/ForkPoolWorker-1] Connected (version 2.0, client Comware-7.1.064)
[2026-03-27 18:22:24,422: INFO/ForkPoolWorker-1] Authentication (password) successful!
[2026-03-27 18:22:26,371: INFO/ForkPoolWorker-3] Connected (version 2.0, client Comware-7.1.064)
[2026-03-27 18:22:26,492: INFO/ForkPoolWorker-3] Authentication (password) successful!
[2026-03-27 18:22:26,886: INFO/ForkPoolWorker-1] Task monitoring.tasks.collect_device_metrics[6a21bc56-9212-44fb-af91-5c8d3dcdf9c8] succeeded in 5.110014778001641s: {'success': True, 'device_id': 1, 'stored_count': 42, 'alerts_count': 0}
[2026-03-27 18:22:29,020: INFO/ForkPoolWorker-3] Task monitoring.tasks.collect_device_metrics[5d633968-6656-4bf8-8e23-f5d579d01020] succeeded in 5.171125177002978s: {'success': True, 'device_id': 1, 'stored_count': 42, 'alerts_count': 0}
[2026-03-27 18:22:29,362: INFO/ForkPoolWorker-1] Connected (version 2.0, client Comware-7.1.064)
[2026-03-27 18:22:29,475: INFO/ForkPoolWorker-1] Authentication (password) successful!
[2026-03-27 18:22:31,688: INFO/ForkPoolWorker-3] Connected (version 2.0, client Comware-7.1.064)
[2026-03-27 18:22:31,812: INFO/ForkPoolWorker-3] Authentication (password) successful!
[2026-03-27 18:22:32,031: INFO/ForkPoolWorker-1] Task monitoring.tasks.collect_device_metrics[9cb326b4-6db9-4c7e-addc-fe8b24dfa4aa] succeeded in 5.14249847300016s: {'success': True, 'device_id': 1, 'stored_count': 42, 'alerts_count': 0}
[2026-03-27 18:22:33,819: INFO/MainProcess] Task devices.tasks.check_device_online[7c7aa4f3-bd73-4557-9b16-c5952eb0bf0a] received
[2026-03-27 18:22:33,882: INFO/MainProcess] Task monitoring.tasks.collect_all_online_devices_metrics[394782f4-5888-4b29-b916-672177c39984] received
[2026-03-27 18:22:33,888: INFO/MainProcess] Task configs.tasks.execute_scheduled_backup[40869f6f-e457-47bf-ad7d-a4d52f994e4f] received
[2026-03-27 18:22:34,290: INFO/ForkPoolWorker-3] Task monitoring.tasks.collect_device_metrics[b2ba8da5-ca96-41bb-9a7a-23f2219e1d30] succeeded in 5.2659093539987225s: {'success': True, 'device_id': 1, 'stored_count': 42, 'alerts_count': 0}
[2026-03-27 18:22:34,449: INFO/ForkPoolWorker-1] Connected (version 2.0, client Comware-7.1.064)
[2026-03-27 18:22:34,528: INFO/ForkPoolWorker-1] Authentication (password) successful!
[2026-03-27 18:22:36,976: INFO/ForkPoolWorker-3] Connected (version 2.0, client Comware-7.1.064)
[2026-03-27 18:22:37,036: INFO/ForkPoolWorker-1] Task monitoring.tasks.collect_device_metrics[82be3664-5bec-4346-b663-9509b1549b80] succeeded in 5.00235568700009s: {'success': True, 'device_id': 1, 'stored_count': 42, 'alerts_count': 0}
[2026-03-27 18:22:37,056: INFO/ForkPoolWorker-3] Authentication (password) successful!
[2026-03-27 18:22:39,642: INFO/ForkPoolWorker-3] Task monitoring.tasks.collect_device_metrics[8b79e368-9ebf-442d-9d98-3c21d3efb244] succeeded in 5.349260808998224s: {'success': True, 'device_id': 1, 'stored_count': 42, 'alerts_count': 0}
[2026-03-27 18:22:39,953: INFO/ForkPoolWorker-1] Connected (version 2.0, client Comware-7.1.064)
[2026-03-27 18:22:40,026: INFO/ForkPoolWorker-1] Authentication (password) successful!
[2026-03-27 18:22:41,220: INFO/MainProcess] Task devices.tasks.check_device_online[028badce-f791-49d8-ad2b-388be3d6488c] received
[2026-03-27 18:22:41,228: INFO/MainProcess] Task configs.tasks.execute_scheduled_backup[eb5c2c44-465c-4689-8d02-cb1d50708ede] received
[2026-03-27 18:22:41,232: INFO/MainProcess] Task monitoring.tasks.collect_all_online_devices_metrics[8ebfd4fe-d31b-4f19-af87-8235dde4fba1] received
[2026-03-27 18:22:41,714: INFO/ForkPoolWorker-3] Task devices.tasks.check_device_online[7c7aa4f3-bd73-4557-9b16-c5952eb0bf0a] succeeded in 2.063802584001678s: {'success': True, 'total_devices': 7, 'online_count': 1, 'offline_devices': 0, 'offline_ips': []}
[2026-03-27 18:22:41,747: INFO/ForkPoolWorker-3] Task monitoring.tasks.collect_all_online_devices_metrics[394782f4-5888-4b29-b916-672177c39984] succeeded in 0.030142070001602406s: {'success': True, 'devices_count': 1, 'results': [{'device_id': 1, 'device_name': 'router1'}]}
[2026-03-27 18:22:41,747: INFO/MainProcess] Task monitoring.tasks.collect_device_metrics[52f9a398-99cf-4d15-bb49-1c27d0d5c18e] received
[2026-03-27 18:22:41,779: INFO/ForkPoolWorker-3] Task configs.tasks.execute_scheduled_backup[40869f6f-e457-47bf-ad7d-a4d52f994e4f] succeeded in 0.027793126999313245s: {'success': True, 'message': '当前无到期的备份任务', 'triggered_count': 0}
[2026-03-27 18:22:42,389: INFO/ForkPoolWorker-1] Task monitoring.tasks.collect_device_metrics[91c90044-3c3f-48f6-80b6-7e2ec8414637] succeeded in 5.344195159999799s: {'success': True, 'device_id': 1, 'stored_count': 42, 'alerts_count': 0}
[2026-03-27 18:22:42,419: INFO/ForkPoolWorker-1] Task configs.tasks.execute_scheduled_backup[eb5c2c44-465c-4689-8d02-cb1d50708ede] succeeded in 0.02707185699910042s: {'success': True, 'message': '当前无到期的备份任务', 'triggered_count': 0}
[2026-03-27 18:22:42,449: INFO/MainProcess] Task monitoring.tasks.collect_device_metrics[ae1d9a22-edb4-4b37-adbb-afd627e91f7d] received
[2026-03-27 18:22:42,450: INFO/ForkPoolWorker-1] Task monitoring.tasks.collect_all_online_devices_metrics[8ebfd4fe-d31b-4f19-af87-8235dde4fba1] succeeded in 0.027544279000721872s: {'success': True, 'devices_count': 1, 'results': [{'device_id': 1, 'device_name': 'router1'}]}
[2026-03-27 18:22:43,829: INFO/ForkPoolWorker-3] Task devices.tasks.check_device_online[028badce-f791-49d8-ad2b-388be3d6488c] succeeded in 2.0467060349983512s: {'success': True, 'total_devices': 7, 'online_count': 1, 'offline_devices': 0, 'offline_ips': []}
[2026-03-27 18:22:44,963: INFO/ForkPoolWorker-1] Connected (version 2.0, client Comware-7.1.064)
[2026-03-27 18:22:45,035: INFO/ForkPoolWorker-1] Authentication (password) successful!
[2026-03-27 18:22:46,445: INFO/ForkPoolWorker-3] Connected (version 2.0, client Comware-7.1.064)
[2026-03-27 18:22:46,576: INFO/ForkPoolWorker-3] Authentication (password) successful!
[2026-03-27 18:22:47,429: INFO/ForkPoolWorker-1] Task monitoring.tasks.collect_device_metrics[52f9a398-99cf-4d15-bb49-1c27d0d5c18e] succeeded in 4.9762876050008344s: {'success': True, 'device_id': 1, 'stored_count': 42, 'alerts_count': 0}
[2026-03-27 18:22:48,912: INFO/ForkPoolWorker-3] Task monitoring.tasks.collect_device_metrics[ae1d9a22-edb4-4b37-adbb-afd627e91f7d] succeeded in 5.079388654001377s: {'success': True, 'device_id': 1, 'stored_count': 42, 'alerts_count': 0}
[2026-03-27 18:23:21,321: INFO/ForkPoolWorker-4] Scan completed for 192.168.50.0/24: 8/254 hosts alive
[2026-03-27 18:23:21,339: INFO/ForkPoolWorker-2] Scan completed for 22.22.22.0/24: 1/254 hosts alive
[2026-03-27 18:23:21,417: ERROR/ForkPoolWorker-4] Task ipmanagement.tasks.scan_subnet_task[48eb539a-005e-4113-97f3-13c78b0777f5] raised unexpected: IntegrityError('null value in column "hostname" of relation "ipmanagement_allocationlog" violates not-null constraint\nDETAIL:  Failing row contains (91, 192.168.50.32, null, scan_discover, {"status": "available", "hostname": ""}, {"status": "allocated", "hostname": ""}, 2026-03-27 10:23:21.406457+00, 扫描发现，响应时间: 1107.87ms, null).\n')
Traceback (most recent call last):
  File "/opt/network_management/venv/lib/python3.10/site-packages/django/db/backends/utils.py", line 89, in _execute
    return self.cursor.execute(sql, params)
psycopg2.errors.NotNullViolation: null value in column "hostname" of relation "ipmanagement_allocationlog" violates not-null constraint
DETAIL:  Failing row contains (91, 192.168.50.32, null, scan_discover, {"status": "available", "hostname": ""}, {"status": "allocated", "hostname": ""}, 2026-03-27 10:23:21.406457+00, 扫描发现，响应时间: 1107.87ms, null).


The above exception was the direct cause of the following exception:

Traceback (most recent call last):
  File "/opt/network_management/venv/lib/python3.10/site-packages/celery/app/trace.py", line 479, in trace_task
    R = retval = fun(*args, **kwargs)
  File "/opt/network_management/venv/lib/python3.10/site-packages/celery/app/trace.py", line 779, in __protected_call__
    return self.run(*args, **kwargs)
  File "/opt/network_management/ipmanagement/tasks.py", line 36, in scan_subnet_task
    service.sync_scan_results(task.subnet_id, all_results)
  File "/opt/network_management/ipmanagement/services.py", line 685, in sync_scan_results
    AllocationLog.objects.create(
  File "/opt/network_management/venv/lib/python3.10/site-packages/django/db/models/manager.py", line 87, in manager_method
    return getattr(self.get_queryset(), name)(*args, **kwargs)
  File "/opt/network_management/venv/lib/python3.10/site-packages/django/db/models/query.py", line 660, in create
    obj.save(force_insert=True, using=self.db)
  File "/opt/network_management/venv/lib/python3.10/site-packages/django/db/models/base.py", line 814, in save
    self.save_base(
  File "/opt/network_management/venv/lib/python3.10/site-packages/django/db/models/base.py", line 877, in save_base
    updated = self._save_table(
  File "/opt/network_management/venv/lib/python3.10/site-packages/django/db/models/base.py", line 1020, in _save_table
    results = self._do_insert(
  File "/opt/network_management/venv/lib/python3.10/site-packages/django/db/models/base.py", line 1061, in _do_insert
    return manager._insert(
  File "/opt/network_management/venv/lib/python3.10/site-packages/django/db/models/manager.py", line 87, in manager_method
    return getattr(self.get_queryset(), name)(*args, **kwargs)
  File "/opt/network_management/venv/lib/python3.10/site-packages/django/db/models/query.py", line 1810, in _insert
    return query.get_compiler(using=using).execute_sql(returning_fields)
  File "/opt/network_management/venv/lib/python3.10/site-packages/django/db/models/sql/compiler.py", line 1822, in execute_sql
    cursor.execute(sql, params)
  File "/opt/network_management/venv/lib/python3.10/site-packages/django/db/backends/utils.py", line 102, in execute
    return super().execute(sql, params)
  File "/opt/network_management/venv/lib/python3.10/site-packages/django/db/backends/utils.py", line 67, in execute
    return self._execute_with_wrappers(
  File "/opt/network_management/venv/lib/python3.10/site-packages/django/db/backends/utils.py", line 80, in _execute_with_wrappers
    return executor(sql, params, many, context)
  File "/opt/network_management/venv/lib/python3.10/site-packages/django/db/backends/utils.py", line 84, in _execute
    with self.db.wrap_database_errors:
  File "/opt/network_management/venv/lib/python3.10/site-packages/django/db/utils.py", line 91, in __exit__
    raise dj_exc_value.with_traceback(traceback) from exc_value
  File "/opt/network_management/venv/lib/python3.10/site-packages/django/db/backends/utils.py", line 89, in _execute
    return self.cursor.execute(sql, params)
django.db.utils.IntegrityError: null value in column "hostname" of relation "ipmanagement_allocationlog" violates not-null constraint
DETAIL:  Failing row contains (91, 192.168.50.32, null, scan_discover, {"status": "available", "hostname": ""}, {"status": "allocated", "hostname": ""}, 2026-03-27 10:23:21.406457+00, 扫描发现，响应时间: 1107.87ms, null).

[2026-03-27 18:23:21,824: INFO/ForkPoolWorker-2] Task ipmanagement.tasks.scan_subnet_task[f9213c2e-4aab-4c9e-9fd6-c35627811519] succeeded in 80.63946597600079s: {'task_id': 747, 'cidr': '22.22.22.0/24', 'alive_count': 1, 'alive_hosts': [{'ip': '22.22.22.1', 'alive': True, 'hostname': None, 'response_time': 2.09, 'method': 'ICMP'}]}
[2026-03-27 18:23:33,820: INFO/MainProcess] Task devices.tasks.check_device_online[f64d47f5-cb29-4796-9189-4fe97f98c9a0] received
[2026-03-27 18:23:33,866: INFO/ForkPoolWorker-3] Task devices.tasks.check_device_online[f64d47f5-cb29-4796-9189-4fe97f98c9a0] succeeded in 0.04432364600143046s: {'success': True, 'total_devices': 7, 'online_count': 0, 'offline_devices': 0, 'offline_ips': []}
[2026-03-27 18:23:33,890: INFO/MainProcess] Task configs.tasks.execute_scheduled_backup[477483f2-0989-450d-9433-d2819e37fb30] received
[2026-03-27 18:23:33,922: INFO/ForkPoolWorker-3] Task configs.tasks.execute_scheduled_backup[477483f2-0989-450d-9433-d2819e37fb30] succeeded in 0.029746036998403724s: {'success': True, 'message': '当前无到期的备份任务', 'triggered_count': 0}
[2026-03-27 18:23:41,270: INFO/MainProcess] Task configs.tasks.execute_scheduled_backup[e9cb039b-87c9-429b-97a8-876b2899482c] received
[2026-03-27 18:23:41,306: INFO/ForkPoolWorker-3] Task configs.tasks.execute_scheduled_backup[e9cb039b-87c9-429b-97a8-876b2899482c] succeeded in 0.03384385200115503s: {'success': True, 'message': '当前无到期的备份任务', 'triggered_count': 0}
[2026-03-27 18:24:33,828: INFO/MainProcess] Task devices.tasks.check_device_online[20bd4956-af92-40a5-88eb-f4a462c0ccef] received
[2026-03-27 18:24:33,891: INFO/MainProcess] Task configs.tasks.execute_scheduled_backup[b6459c5d-157b-42cf-ae7a-c7d7bdc26c90] received
[2026-03-27 18:24:33,924: INFO/MainProcess] Task monitoring.tasks.collect_device_metrics[d30e38c5-dcb0-459b-b98a-da371ef38fb5] received
[2026-03-27 18:24:33,926: INFO/ForkPoolWorker-1] Task configs.tasks.execute_scheduled_backup[b6459c5d-157b-42cf-ae7a-c7d7bdc26c90] succeeded in 0.03215902100055246s: {'success': True, 'message': '当前无到期的备份任务', 'triggered_count': 0}
[2026-03-27 18:24:33,958: INFO/ForkPoolWorker-1] Task monitoring.tasks.collect_device_metrics[d30e38c5-dcb0-459b-b98a-da371ef38fb5] succeeded in 0.02518715400219662s: {'success': True, 'device_id': 9, 'stored_count': 0, 'alerts_count': 0}
[2026-03-27 18:24:35,880: INFO/ForkPoolWorker-3] Task devices.tasks.check_device_online[20bd4956-af92-40a5-88eb-f4a462c0ccef] succeeded in 2.0495658079998975s: {'success': True, 'total_devices': 7, 'online_count': 2, 'offline_devices': 0, 'offline_ips': []}
[2026-03-27 18:24:41,270: INFO/MainProcess] Task configs.tasks.execute_scheduled_backup[b5dc3b38-a54a-4339-80b8-38747596474f] received
[2026-03-27 18:24:41,300: INFO/ForkPoolWorker-3] Task configs.tasks.execute_scheduled_backup[b5dc3b38-a54a-4339-80b8-38747596474f] succeeded in 0.027580246998695657s: {'success': True, 'message': '当前无到期的备份任务', 'triggered_count': 0}
[2026-03-27 18:24:41,306: INFO/MainProcess] Task monitoring.tasks.collect_device_metrics[b5246b77-d83a-4b16-acb6-9b4f3ec91efc] received
[2026-03-27 18:24:43,915: INFO/ForkPoolWorker-3] Connected (version 2.0, client Comware-7.1.064)
[2026-03-27 18:24:43,985: INFO/ForkPoolWorker-3] Authentication (password) successful!
[2026-03-27 18:24:46,357: INFO/ForkPoolWorker-3] Task monitoring.tasks.collect_device_metrics[b5246b77-d83a-4b16-acb6-9b4f3ec91efc] succeeded in 5.047574980999343s: {'success': True, 'device_id': 1, 'stored_count': 43, 'alerts_count': 0}
[2026-03-27 18:25:33,886: INFO/MainProcess] Task monitoring.tasks.collect_all_online_devices_metrics[c2c6ca26-cc44-44c9-9b7a-447ad8ef360e] received
[2026-03-27 18:25:33,921: INFO/MainProcess] Task monitoring.tasks.collect_device_metrics[d2c096fe-0ffa-429c-99a1-3831045df1e2] received
[2026-03-27 18:25:33,923: INFO/ForkPoolWorker-3] Task monitoring.tasks.collect_all_online_devices_metrics[c2c6ca26-cc44-44c9-9b7a-447ad8ef360e] succeeded in 0.033487287000752985s: {'success': True, 'devices_count': 2, 'results': [{'device_id': 1, 'device_name': 'router1'}, {'device_id': 9, 'device_name': 'scan-test'}]}
[2026-03-27 18:25:36,586: INFO/ForkPoolWorker-1] Connected (version 2.0, client Comware-7.1.064)
[2026-03-27 18:25:36,668: INFO/ForkPoolWorker-1] Authentication (password) successful!
[2026-03-27 18:25:39,081: INFO/ForkPoolWorker-1] Task monitoring.tasks.collect_device_metrics[d2c096fe-0ffa-429c-99a1-3831045df1e2] succeeded in 5.158322469000268s: {'success': True, 'device_id': 1, 'stored_count': 43, 'alerts_count': 0}
[2026-03-27 18:25:41,266: INFO/MainProcess] Task devices.tasks.check_device_online[51e43e6d-a0be-4df9-b52c-747a8b1146a7] received
[2026-03-27 18:25:41,279: INFO/MainProcess] Task monitoring.tasks.collect_all_online_devices_metrics[4765e9ef-168f-4ff3-a407-55dab8f5dfca] received
[2026-03-27 18:25:41,323: INFO/MainProcess] Task monitoring.tasks.collect_device_metrics[f303bba5-4d39-4535-8f83-ea4635732052] received
[2026-03-27 18:25:41,324: INFO/ForkPoolWorker-1] Task monitoring.tasks.collect_all_online_devices_metrics[4765e9ef-168f-4ff3-a407-55dab8f5dfca] succeeded in 0.04230667100273422s: {'success': True, 'devices_count': 2, 'results': [{'device_id': 1, 'device_name': 'router1'}, {'device_id': 9, 'device_name': 'scan-test'}]}
[2026-03-27 18:25:41,356: INFO/ForkPoolWorker-4] Task monitoring.tasks.collect_device_metrics[f303bba5-4d39-4535-8f83-ea4635732052] succeeded in 0.029378211998846382s: {'success': True, 'device_id': 9, 'stored_count': 0, 'alerts_count': 0}
[2026-03-27 18:25:43,328: INFO/ForkPoolWorker-3] Task devices.tasks.check_device_online[51e43e6d-a0be-4df9-b52c-747a8b1146a7] succeeded in 2.0594053090026136s: {'success': True, 'total_devices': 7, 'online_count': 2, 'offline_devices': 0, 'offline_ips': []}
[2026-03-27 18:26:31,167: INFO/MainProcess] Task ipmanagement.tasks.discover_subnets[c07615a3-ed49-4e42-92be-11ec6264d395] received
[2026-03-27 18:26:31,179: INFO/MainProcess] Task ipmanagement.tasks.scan_all_subnets[01aa08f1-8602-447e-993d-465bab8bbe44] received
[2026-03-27 18:26:31,208: INFO/ForkPoolWorker-3] Discovered 5 subnets from device IPs
[2026-03-27 18:26:31,218: INFO/ForkPoolWorker-3] Subnet discovery completed: 0 created, 0 updated
[2026-03-27 18:26:31,220: INFO/ForkPoolWorker-3] Task ipmanagement.tasks.discover_subnets[c07615a3-ed49-4e42-92be-11ec6264d395] succeeded in 0.0487470759981079s: {'discovered_count': 5, 'created_count': 0, 'updated_count': 0}
[2026-03-27 18:26:31,227: INFO/ForkPoolWorker-1] Queued scan for subnet 10.20.2.0/24, task_id: 758
[2026-03-27 18:26:31,234: INFO/MainProcess] Task ipmanagement.tasks.scan_subnet_task[d7201468-8b78-4491-b3e3-0dcdf5a7a532] received
[2026-03-27 18:26:31,251: INFO/MainProcess] Task ipmanagement.tasks.scan_subnet_task[a855a843-1589-4f2b-afe3-1b88e172b258] received
[2026-03-27 18:26:31,253: INFO/ForkPoolWorker-1] Queued scan for subnet 172.16.1.0/24, task_id: 760
[2026-03-27 18:26:31,264: INFO/MainProcess] Task ipmanagement.tasks.scan_subnet_task[6b287f9a-2ad8-458c-a232-affe07797143] received
[2026-03-27 18:26:31,284: INFO/ForkPoolWorker-1] Queued scan for subnet 172.16.2.0/24, task_id: 765
[2026-03-27 18:26:31,288: INFO/MainProcess] Task ipmanagement.tasks.scan_subnet_task[990937c2-1d53-4372-bcc1-28c921319e48] received
[2026-03-27 18:26:31,302: INFO/ForkPoolWorker-1] Queued scan for subnet 192.168.50.0/24, task_id: 766
[2026-03-27 18:26:31,314: INFO/MainProcess] Task ipmanagement.tasks.scan_subnet_task[45bc2adb-4f5f-492f-9268-21091973e12c] received
[2026-03-27 18:26:31,320: INFO/ForkPoolWorker-1] Queued scan for subnet 22.22.22.0/24, task_id: 767
[2026-03-27 18:26:31,320: INFO/ForkPoolWorker-1] Queued 5 subnet scans
[2026-03-27 18:26:31,330: INFO/ForkPoolWorker-3] Starting scan for subnet 10.20.2.0/24, total IPs: 254
[2026-03-27 18:26:31,330: INFO/ForkPoolWorker-1] Task ipmanagement.tasks.scan_all_subnets[01aa08f1-8602-447e-993d-465bab8bbe44] succeeded in 0.14605058199958876s: {'total_subnets': 5, 'queued_tasks': 5}
[2026-03-27 18:26:31,371: INFO/ForkPoolWorker-2] Starting scan for subnet 192.168.50.0/24, total IPs: 254
[2026-03-27 18:26:31,372: INFO/ForkPoolWorker-4] Starting scan for subnet 172.16.1.0/24, total IPs: 254
[2026-03-27 18:26:31,398: INFO/ForkPoolWorker-1] Starting scan for subnet 172.16.2.0/24, total IPs: 254
[2026-03-27 18:26:33,893: INFO/MainProcess] Task monitoring.tasks.collect_all_online_devices_metrics[9e75d628-e15a-4d59-991f-d8e54bcccbe6] received
[2026-03-27 18:26:41,273: INFO/MainProcess] Task configs.tasks.execute_scheduled_backup[5ca1063f-3f1e-4a39-a1c9-524b359b2615] received
[2026-03-27 18:27:33,896: INFO/MainProcess] Task monitoring.tasks.collect_all_online_devices_metrics[cbdd69bc-c62f-4018-9ff0-131725d6bdae] received
[2026-03-27 18:27:41,273: INFO/MainProcess] Task configs.tasks.execute_scheduled_backup[204becc4-b82c-4761-835f-c862022d0cc8] received
[2026-03-27 18:28:33,858: INFO/MainProcess] Task devices.tasks.check_device_online[8a33af2d-52cb-43b1-8312-5289aa43c100] received
[2026-03-27 18:28:33,909: INFO/MainProcess] Task configs.tasks.execute_scheduled_backup[19a11a86-8ff5-4740-8caf-b10e2df7cf7b] received
[2026-03-27 18:28:41,320: INFO/MainProcess] Task devices.tasks.check_device_online[f6a81434-2550-47ee-bb44-83aa0059bb12] received
[2026-03-27 18:28:41,329: INFO/MainProcess] Task monitoring.tasks.collect_all_online_devices_metrics[8e1c9e7d-e2af-474a-b20f-c617953b9bd6] received
[2026-03-27 18:29:33,860: INFO/MainProcess] Task devices.tasks.check_device_online[d3a0d971-9abe-4617-a6ca-9023dade7763] received
[2026-03-27 18:29:33,909: INFO/MainProcess] Task configs.tasks.execute_scheduled_backup[bd8d94a2-9370-4728-8ed1-5cf8cc9eb4ad] received
[2026-03-27 18:29:41,328: INFO/MainProcess] Task configs.tasks.execute_scheduled_backup[cd71c4ba-c12a-4061-88a1-97018cc1ff38] received
[2026-03-27 18:30:33,909: INFO/MainProcess] Task monitoring.tasks.collect_all_online_devices_metrics[726a21d5-edbd-40d7-a529-e84656a8fe9e] received
[2026-03-27 18:30:41,324: INFO/MainProcess] Task devices.tasks.check_device_online[beb33f70-e4aa-4a09-8780-e78d32b66c23] received
[2026-03-27 18:30:41,331: INFO/MainProcess] Task configs.tasks.execute_scheduled_backup[59f6e76c-e8bc-4344-8520-ed9e4ce03b4d] received
[2026-03-27 18:30:41,334: INFO/MainProcess] Task monitoring.tasks.collect_all_online_devices_metrics[a7e4379b-2894-4bac-8dfb-e39418ce3a91] received
[2026-03-27 18:31:14,946: INFO/ForkPoolWorker-2] Scan completed for 192.168.50.0/24: 7/254 hosts alive
[2026-03-27 18:31:15,365: INFO/ForkPoolWorker-2] Task ipmanagement.tasks.scan_subnet_task[6b287f9a-2ad8-458c-a232-affe07797143] succeeded in 284.08102646000043s: {'task_id': 763, 'cidr': '192.168.50.0/24', 'alive_count': 7, 'alive_hosts': [{'ip': '192.168.50.2', 'alive': True, 'hostname': None, 'response_time': 0.397, 'method': 'ICMP'}, {'ip': '192.168.50.1', 'alive': True, 'hostname': None, 'response_time': 0.28, 'method': 'ICMP'}, {'ip': '192.168.50.13', 'alive': True, 'hostname': None, 'response_time': 0.561, 'method': 'ICMP'}, {'ip': '192.168.50.28', 'alive': True, 'hostname': None, 'response_time': 1070.15, 'open_port': 443, 'method': 'TCP'}, {'ip': '192.168.50.100', 'alive': True, 'hostname': None, 'response_time': 0.8, 'method': 'ICMP'}, {'ip': '192.168.50.132', 'alive': True, 'hostname': None, 'response_time': 0.022, 'method': 'ICMP'}, {'ip': '192.168.50.134', 'alive': True, 'hostname': None, 'response_time': 0.729, 'method': 'ICMP'}]}
[2026-03-27 18:31:15,396: INFO/ForkPoolWorker-2] Starting scan for subnet 22.22.22.0/24, total IPs: 254
[2026-03-27 18:31:33,875: INFO/MainProcess] Task devices.tasks.check_device_online[188bcb8d-4782-4f08-8d3c-767c12baf537] received
[2026-03-27 18:32:35,868: INFO/ForkPoolWorker-3] Scan completed for 10.20.2.0/24: 1/254 hosts alive
[2026-03-27 18:32:35,939: INFO/ForkPoolWorker-1] Scan completed for 172.16.2.0/24: 0/254 hosts alive
[2026-03-27 18:32:35,941: INFO/ForkPoolWorker-4] Scan completed for 172.16.1.0/24: 0/254 hosts alive
[2026-03-27 18:32:36,330: INFO/ForkPoolWorker-3] Task ipmanagement.tasks.scan_subnet_task[d7201468-8b78-4491-b3e3-0dcdf5a7a532] succeeded in 365.09245198699864s: {'task_id': 759, 'cidr': '10.20.2.0/24', 'alive_count': 1, 'alive_hosts': [{'ip': '10.20.2.1', 'alive': True, 'hostname': None, 'response_time': 3.9, 'method': 'ICMP'}]}
[2026-03-27 18:32:36,353: INFO/MainProcess] Task monitoring.tasks.collect_all_online_devices_metrics[0d7c845d-a60d-4171-83f6-327b760e0c01] received
[2026-03-27 18:32:36,398: INFO/ForkPoolWorker-3] Task monitoring.tasks.collect_all_online_devices_metrics[9e75d628-e15a-4d59-991f-d8e54bcccbe6] succeeded in 0.06145200900209602s: {'success': True, 'devices_count': 2, 'results': [{'device_id': 1, 'device_name': 'router1'}, {'device_id': 9, 'device_name': 'scan-test'}]}
[2026-03-27 18:32:36,418: INFO/MainProcess] Task configs.tasks.execute_scheduled_backup[da528b2f-553f-46a0-8629-290c04fdc99b] received
[2026-03-27 18:32:36,461: INFO/ForkPoolWorker-3] Task configs.tasks.execute_scheduled_backup[5ca1063f-3f1e-4a39-a1c9-524b359b2615] succeeded in 0.05031265999787138s: {'success': True, 'message': '当前无到期的备份任务', 'triggered_count': 0}
[2026-03-27 18:32:36,476: INFO/MainProcess] Task devices.tasks.check_device_online[353e664c-a993-408c-b602-2720726cefe9] received
[2026-03-27 18:32:36,527: INFO/ForkPoolWorker-3] Task monitoring.tasks.collect_all_online_devices_metrics[cbdd69bc-c62f-4018-9ff0-131725d6bdae] succeeded in 0.05603885000164155s: {'success': True, 'devices_count': 2, 'results': [{'device_id': 1, 'device_name': 'router1'}, {'device_id': 9, 'device_name': 'scan-test'}]}
[2026-03-27 18:32:36,541: INFO/MainProcess] Task monitoring.tasks.collect_all_online_devices_metrics[44fa232d-75f4-4c6c-9b34-ac0a87a2784e] received
[2026-03-27 18:32:36,585: INFO/ForkPoolWorker-3] Task configs.tasks.execute_scheduled_backup[204becc4-b82c-4761-835f-c862022d0cc8] succeeded in 0.050337245000264375s: {'success': True, 'message': '当前无到期的备份任务', 'triggered_count': 0}
[2026-03-27 18:32:36,604: INFO/MainProcess] Task devices.tasks.check_device_online[3015e29b-eec8-4dba-96e8-609766215dc7] received
[2026-03-27 18:32:36,608: INFO/ForkPoolWorker-1] Task ipmanagement.tasks.scan_subnet_task[990937c2-1d53-4372-bcc1-28c921319e48] succeeded in 365.26263842200206s: {'task_id': 765, 'cidr': '172.16.2.0/24', 'alive_count': 0, 'alive_hosts': []}
[2026-03-27 18:32:36,632: INFO/MainProcess] Task monitoring.tasks.collect_all_online_devices_metrics[3c7ca4d2-9d6d-4770-8ead-fb7d90d771c7] received
[2026-03-27 18:32:36,665: INFO/ForkPoolWorker-1] Task configs.tasks.execute_scheduled_backup[19a11a86-8ff5-4740-8caf-b10e2df7cf7b] succeeded in 0.04312387999743805s: {'success': True, 'message': '当前无到期的备份任务', 'triggered_count': 0}
[2026-03-27 18:32:36,676: INFO/MainProcess] Task monitoring.tasks.collect_device_metrics[7c408694-2f7e-4f6b-8268-09a24e4384e0] received
[2026-03-27 18:32:36,789: INFO/ForkPoolWorker-4] Task ipmanagement.tasks.scan_subnet_task[a855a843-1589-4f2b-afe3-1b88e172b258] succeeded in 365.5310049289983s: {'task_id': 760, 'cidr': '172.16.1.0/24', 'alive_count': 0, 'alive_hosts': []}
[2026-03-27 18:32:36,795: INFO/MainProcess] Task monitoring.tasks.collect_device_metrics[fa6c0009-e39b-4fe1-a158-8e4c42bfa1bc] received
[2026-03-27 18:32:36,828: INFO/ForkPoolWorker-4] Task monitoring.tasks.collect_all_online_devices_metrics[8e1c9e7d-e2af-474a-b20f-c617953b9bd6] succeeded in 0.03588719699837384s: {'success': True, 'devices_count': 2, 'results': [{'device_id': 1, 'device_name': 'router1'}, {'device_id': 9, 'device_name': 'scan-test'}]}
[2026-03-27 18:32:36,839: INFO/MainProcess] Task monitoring.tasks.collect_device_metrics[9427ce18-5f40-4964-bbe2-630abbf4dca1] received
[2026-03-27 18:32:38,667: INFO/ForkPoolWorker-3] Task devices.tasks.check_device_online[8a33af2d-52cb-43b1-8312-5289aa43c100] succeeded in 2.073881940999854s: {'success': True, 'total_devices': 7, 'online_count': 2, 'offline_devices': 0, 'offline_ips': []}
[2026-03-27 18:32:38,674: INFO/MainProcess] Task monitoring.tasks.collect_device_metrics[483097d3-03e8-47ac-9c1f-ff64357d68e2] received
[2026-03-27 18:32:38,697: INFO/ForkPoolWorker-3] Task configs.tasks.execute_scheduled_backup[bd8d94a2-9370-4728-8ed1-5cf8cc9eb4ad] succeeded in 0.027045540999097284s: {'success': True, 'message': '当前无到期的备份任务', 'triggered_count': 0}
[2026-03-27 18:32:38,732: INFO/ForkPoolWorker-3] Task configs.tasks.execute_scheduled_backup[cd71c4ba-c12a-4061-88a1-97018cc1ff38] succeeded in 0.031569808001222555s: {'success': True, 'message': '当前无到期的备份任务', 'triggered_count': 0}
[2026-03-27 18:32:38,746: INFO/ForkPoolWorker-1] Task devices.tasks.check_device_online[f6a81434-2550-47ee-bb44-83aa0059bb12] succeeded in 2.0777516640009708s: {'success': True, 'total_devices': 7, 'online_count': 2, 'offline_devices': 0, 'offline_ips': []}
[2026-03-27 18:32:38,768: INFO/MainProcess] Task monitoring.tasks.collect_device_metrics[d5f99de7-276a-463c-aefd-7233fcb9df0e] received
[2026-03-27 18:32:38,771: INFO/ForkPoolWorker-3] Task monitoring.tasks.collect_all_online_devices_metrics[726a21d5-edbd-40d7-a529-e84656a8fe9e] succeeded in 0.03485859899956267s: {'success': True, 'devices_count': 2, 'results': [{'device_id': 1, 'device_name': 'router1'}, {'device_id': 9, 'device_name': 'scan-test'}]}
[2026-03-27 18:32:38,810: INFO/ForkPoolWorker-3] Task configs.tasks.execute_scheduled_backup[59f6e76c-e8bc-4344-8520-ed9e4ce03b4d] succeeded in 0.03518013400025666s: {'success': True, 'message': '当前无到期的备份任务', 'triggered_count': 0}
[2026-03-27 18:32:38,842: INFO/MainProcess] Task monitoring.tasks.collect_device_metrics[fd017fc6-0af8-4492-bc19-badadd094dcc] received
[2026-03-27 18:32:38,850: INFO/MainProcess] Task monitoring.tasks.collect_device_metrics[9255326c-428a-4a37-980a-dbb3b56e772b] received
[2026-03-27 18:32:38,850: INFO/ForkPoolWorker-3] Task monitoring.tasks.collect_all_online_devices_metrics[a7e4379b-2894-4bac-8dfb-e39418ce3a91] succeeded in 0.03399513200201909s: {'success': True, 'devices_count': 2, 'results': [{'device_id': 1, 'device_name': 'router1'}, {'device_id': 9, 'device_name': 'scan-test'}]}
[2026-03-27 18:32:38,884: INFO/MainProcess] Task monitoring.tasks.collect_device_metrics[6b72405e-828e-47c8-9ac4-49f87d5cab29] received
[2026-03-27 18:32:38,893: INFO/ForkPoolWorker-4] Task devices.tasks.check_device_online[d3a0d971-9abe-4617-a6ca-9023dade7763] succeeded in 2.0602520590000495s: {'success': True, 'total_devices': 7, 'online_count': 2, 'offline_devices': 0, 'offline_ips': []}
[2026-03-27 18:32:38,933: INFO/MainProcess] Task monitoring.tasks.collect_device_metrics[6746df7a-18e1-400f-8ab0-1c2ae7312cf6] received
[2026-03-27 18:32:38,938: INFO/MainProcess] Task monitoring.tasks.collect_device_metrics[c754574c-7b47-4c58-af3e-1653a0b38367] received
[2026-03-27 18:32:38,938: INFO/ForkPoolWorker-4] Task monitoring.tasks.collect_all_online_devices_metrics[0d7c845d-a60d-4171-83f6-327b760e0c01] succeeded in 0.036434796998946695s: {'success': True, 'devices_count': 2, 'results': [{'device_id': 1, 'device_name': 'router1'}, {'device_id': 9, 'device_name': 'scan-test'}]}
[2026-03-27 18:32:38,977: INFO/MainProcess] Task monitoring.tasks.collect_device_metrics[bbc8f8ad-f9fe-4dda-9514-6c7555cddcae] received
[2026-03-27 18:32:38,980: INFO/ForkPoolWorker-4] Task configs.tasks.execute_scheduled_backup[da528b2f-553f-46a0-8629-290c04fdc99b] succeeded in 0.031698364997282624s: {'success': True, 'message': '当前无到期的备份任务', 'triggered_count': 0}
[2026-03-27 18:32:40,800: INFO/ForkPoolWorker-1] Task devices.tasks.check_device_online[beb33f70-e4aa-4a09-8780-e78d32b66c23] succeeded in 2.050279020000744s: {'success': True, 'total_devices': 7, 'online_count': 2, 'offline_devices': 0, 'offline_ips': []}
[2026-03-27 18:32:40,830: INFO/MainProcess] Task monitoring.tasks.collect_device_metrics[d53347c6-88b1-40ad-9076-671ddb045c7b] received
[2026-03-27 18:32:40,832: INFO/ForkPoolWorker-1] Task monitoring.tasks.collect_all_online_devices_metrics[44fa232d-75f4-4c6c-9b34-ac0a87a2784e] succeeded in 0.028292475999478484s: {'success': True, 'devices_count': 2, 'results': [{'device_id': 1, 'device_name': 'router1'}, {'device_id': 9, 'device_name': 'scan-test'}]}
[2026-03-27 18:32:40,926: INFO/ForkPoolWorker-3] Task devices.tasks.check_device_online[188bcb8d-4782-4f08-8d3c-767c12baf537] succeeded in 2.0672429440019187s: {'success': True, 'total_devices': 7, 'online_count': 2, 'offline_devices': 0, 'offline_ips': []}
[2026-03-27 18:32:40,959: INFO/MainProcess] Task monitoring.tasks.collect_device_metrics[8f775257-5537-4343-8b96-40c5e40c1dc6] received
[2026-03-27 18:32:40,960: INFO/ForkPoolWorker-3] Task monitoring.tasks.collect_all_online_devices_metrics[3c7ca4d2-9d6d-4770-8ead-fb7d90d771c7] succeeded in 0.03168545700100367s: {'success': True, 'devices_count': 2, 'results': [{'device_id': 1, 'device_name': 'router1'}, {'device_id': 9, 'device_name': 'scan-test'}]}
[2026-03-27 18:32:41,058: INFO/ForkPoolWorker-4] Task devices.tasks.check_device_online[353e664c-a993-408c-b602-2720726cefe9] succeeded in 2.0716087600012543s: {'success': True, 'total_devices': 7, 'online_count': 2, 'offline_devices': 0, 'offline_ips': []}
[2026-03-27 18:32:41,109: INFO/ForkPoolWorker-4] Task monitoring.tasks.collect_device_metrics[fa6c0009-e39b-4fe1-a158-8e4c42bfa1bc] succeeded in 0.04555857699961052s: {'success': True, 'device_id': 9, 'stored_count': 0, 'alerts_count': 0}
[2026-03-27 18:32:41,155: INFO/ForkPoolWorker-4] Task monitoring.tasks.collect_device_metrics[9427ce18-5f40-4964-bbe2-630abbf4dca1] succeeded in 0.04100726000251598s: {'success': True, 'device_id': 9, 'stored_count': 0, 'alerts_count': 0}
[2026-03-27 18:32:41,196: INFO/ForkPoolWorker-4] Task monitoring.tasks.collect_device_metrics[483097d3-03e8-47ac-9c1f-ff64357d68e2] succeeded in 0.031091377000848297s: {'success': True, 'device_id': 9, 'stored_count': 0, 'alerts_count': 0}
[2026-03-27 18:32:41,333: INFO/MainProcess] Task configs.tasks.execute_scheduled_backup[1a12d407-4cfa-4ece-b92e-cb2bec29731d] received
[2026-03-27 18:32:42,894: INFO/ForkPoolWorker-1] Task devices.tasks.check_device_online[3015e29b-eec8-4dba-96e8-609766215dc7] succeeded in 2.0595214419990953s: {'success': True, 'total_devices': 7, 'online_count': 2, 'offline_devices': 0, 'offline_ips': []}
[2026-03-27 18:32:44,433: INFO/ForkPoolWorker-3] Connected (version 2.0, client Comware-7.1.064)
[2026-03-27 18:32:44,536: INFO/ForkPoolWorker-4] Connected (version 2.0, client Comware-7.1.064)
[2026-03-27 18:32:44,992: INFO/ForkPoolWorker-3] Authentication (password) successful!
[2026-03-27 18:32:45,012: INFO/ForkPoolWorker-4] Authentication (password) successful!
[2026-03-27 18:32:46,085: INFO/ForkPoolWorker-1] Connected (version 2.0, client Comware-7.1.064)
[2026-03-27 18:32:46,437: INFO/ForkPoolWorker-1] Authentication (password) successful!
[2026-03-27 18:32:56,594: INFO/ForkPoolWorker-3] Task monitoring.tasks.collect_device_metrics[7c408694-2f7e-4f6b-8268-09a24e4384e0] succeeded in 15.628712955000083s: {'success': True, 'device_id': 1, 'stored_count': 43, 'alerts_count': 0}
[2026-03-27 18:32:56,616: INFO/ForkPoolWorker-4] Task monitoring.tasks.collect_device_metrics[d5f99de7-276a-463c-aefd-7233fcb9df0e] succeeded in 15.411499503999949s: {'success': True, 'device_id': 1, 'stored_count': 43, 'alerts_count': 0}
[2026-03-27 18:32:56,820: INFO/ForkPoolWorker-1] Task monitoring.tasks.collect_device_metrics[fd017fc6-0af8-4492-bc19-badadd094dcc] succeeded in 13.92114343999856s: {'success': True, 'device_id': 1, 'stored_count': 43, 'alerts_count': 0}
[2026-03-27 18:32:59,024: INFO/MainProcess] Task monitoring.tasks.collect_device_metrics[5bfeed08-2cd0-4d9c-817e-3655cd442c0a] received
[2026-03-27 18:33:00,106: INFO/ForkPoolWorker-4] Connected (version 2.0, client Comware-7.1.064)
[2026-03-27 18:33:00,202: INFO/ForkPoolWorker-4] Authentication (password) successful!
[2026-03-27 18:33:00,312: INFO/ForkPoolWorker-3] Connected (version 2.0, client Comware-7.1.064)
[2026-03-27 18:33:00,345: INFO/ForkPoolWorker-1] Connected (version 2.0, client Comware-7.1.064)
[2026-03-27 18:33:00,530: INFO/ForkPoolWorker-3] Authentication (password) successful!
[2026-03-27 18:33:00,557: INFO/ForkPoolWorker-1] Authentication (password) successful!
[2026-03-27 18:33:08,333: INFO/ForkPoolWorker-4] Task monitoring.tasks.collect_device_metrics[6b72405e-828e-47c8-9ac4-49f87d5cab29] succeeded in 11.709128145997965s: {'success': True, 'device_id': 1, 'stored_count': 43, 'alerts_count': 0}
[2026-03-27 18:33:08,367: INFO/ForkPoolWorker-4] Task monitoring.tasks.collect_device_metrics[c754574c-7b47-4c58-af3e-1653a0b38367] succeeded in 0.030591114998969715s: {'success': True, 'device_id': 9, 'stored_count': 0, 'alerts_count': 0}
[2026-03-27 18:33:08,397: INFO/ForkPoolWorker-4] Task monitoring.tasks.collect_device_metrics[bbc8f8ad-f9fe-4dda-9514-6c7555cddcae] succeeded in 0.026748634001705796s: {'success': True, 'device_id': 9, 'stored_count': 0, 'alerts_count': 0}
[2026-03-27 18:33:09,069: INFO/ForkPoolWorker-3] Task monitoring.tasks.collect_device_metrics[9255326c-428a-4a37-980a-dbb3b56e772b] succeeded in 12.469581937999465s: {'success': True, 'device_id': 1, 'stored_count': 43, 'alerts_count': 0}
[2026-03-27 18:33:09,193: INFO/ForkPoolWorker-1] Task monitoring.tasks.collect_device_metrics[6746df7a-18e1-400f-8ab0-1c2ae7312cf6] succeeded in 12.362097130997427s: {'success': True, 'device_id': 1, 'stored_count': 43, 'alerts_count': 0}
[2026-03-27 18:33:09,236: INFO/ForkPoolWorker-1] Task configs.tasks.execute_scheduled_backup[1a12d407-4cfa-4ece-b92e-cb2bec29731d] succeeded in 0.03891243599719019s: {'success': True, 'message': '当前无到期的备份任务', 'triggered_count': 0}
[2026-03-27 18:33:09,272: INFO/ForkPoolWorker-1] Task monitoring.tasks.collect_device_metrics[5bfeed08-2cd0-4d9c-817e-3655cd442c0a] succeeded in 0.0322624979999091s: {'success': True, 'device_id': 9, 'stored_count': 0, 'alerts_count': 0}
[2026-03-27 18:33:11,396: INFO/ForkPoolWorker-4] Connected (version 2.0, client Comware-7.1.064)
[2026-03-27 18:33:11,499: INFO/ForkPoolWorker-4] Authentication (password) successful!
[2026-03-27 18:33:11,898: INFO/ForkPoolWorker-3] Connected (version 2.0, client Comware-7.1.064)
[2026-03-27 18:33:11,971: INFO/ForkPoolWorker-3] Authentication (password) successful!
[2026-03-27 18:33:14,806: INFO/ForkPoolWorker-4] Task monitoring.tasks.collect_device_metrics[d53347c6-88b1-40ad-9076-671ddb045c7b] succeeded in 6.406300626000302s: {'success': True, 'device_id': 1, 'stored_count': 43, 'alerts_count': 0}
[2026-03-27 18:33:15,301: INFO/ForkPoolWorker-3] Task monitoring.tasks.collect_device_metrics[8f775257-5537-4343-8b96-40c5e40c1dc6] succeeded in 6.227789372002007s: {'success': True, 'device_id': 1, 'stored_count': 43, 'alerts_count': 0}
[2026-03-27 18:33:33,893: INFO/MainProcess] Task devices.tasks.check_device_online[7c36daad-d921-44f2-bb7c-cd4cc3e5b26f] received
[2026-03-27 18:33:33,929: INFO/MainProcess] Task configs.tasks.execute_scheduled_backup[973c0648-f621-49ca-b013-96ae3a47ae01] received
[2026-03-27 18:33:33,963: INFO/MainProcess] Task monitoring.tasks.collect_device_metrics[ee7b69c9-8f07-4344-bc48-acd94017eead] received
[2026-03-27 18:33:33,966: INFO/ForkPoolWorker-1] Task configs.tasks.execute_scheduled_backup[973c0648-f621-49ca-b013-96ae3a47ae01] succeeded in 0.03408249999847612s: {'success': True, 'message': '当前无到期的备份任务', 'triggered_count': 0}
[2026-03-27 18:33:33,990: INFO/ForkPoolWorker-4] Task monitoring.tasks.collect_device_metrics[ee7b69c9-8f07-4344-bc48-acd94017eead] succeeded in 0.022187645998201333s: {'success': True, 'device_id': 9, 'stored_count': 0, 'alerts_count': 0}
[2026-03-27 18:33:35,951: INFO/ForkPoolWorker-3] Task devices.tasks.check_device_online[7c36daad-d921-44f2-bb7c-cd4cc3e5b26f] succeeded in 2.05620334500054s: {'success': True, 'total_devices': 7, 'online_count': 2, 'offline_devices': 0, 'offline_ips': []}
[2026-03-27 18:33:41,362: INFO/MainProcess] Task devices.tasks.check_device_online[69b42c32-bb5e-4831-97c7-50df5f2eb032] received
[2026-03-27 18:33:41,373: INFO/MainProcess] Task monitoring.tasks.collect_all_online_devices_metrics[76e06b79-7397-46f4-9131-29ccc7a9b1f7] received
[2026-03-27 18:33:41,404: INFO/ForkPoolWorker-1] Task monitoring.tasks.collect_all_online_devices_metrics[76e06b79-7397-46f4-9131-29ccc7a9b1f7] succeeded in 0.028300890000537038s: {'success': True, 'devices_count': 2, 'results': [{'device_id': 1, 'device_name': 'router1'}, {'device_id': 9, 'device_name': 'scan-test'}]}
[2026-03-27 18:33:41,409: INFO/MainProcess] Task monitoring.tasks.collect_device_metrics[f053ff54-8e33-44db-93f7-a090dac57927] received
[2026-03-27 18:33:41,440: INFO/ForkPoolWorker-1] Task monitoring.tasks.collect_device_metrics[f053ff54-8e33-44db-93f7-a090dac57927] succeeded in 0.027615048998995917s: {'success': True, 'device_id': 9, 'stored_count': 0, 'alerts_count': 0}
[2026-03-27 18:33:43,420: INFO/ForkPoolWorker-3] Task devices.tasks.check_device_online[69b42c32-bb5e-4831-97c7-50df5f2eb032] succeeded in 2.056303179000679s: {'success': True, 'total_devices': 7, 'online_count': 2, 'offline_devices': 0, 'offline_ips': []}
[2026-03-27 18:34:33,892: INFO/MainProcess] Task devices.tasks.check_device_online[93a3f94f-8bde-4be1-b21d-b806da9bf079] received
[2026-03-27 18:34:33,937: INFO/MainProcess] Task configs.tasks.execute_scheduled_backup[8d863236-7428-4745-bbee-dcfeaf1a9660] received
[2026-03-27 18:34:33,975: INFO/MainProcess] Task monitoring.tasks.collect_device_metrics[6fd83c66-cfa0-496d-8bf7-0b8329c92ca4] received
[2026-03-27 18:34:33,978: INFO/ForkPoolWorker-1] Task configs.tasks.execute_scheduled_backup[8d863236-7428-4745-bbee-dcfeaf1a9660] succeeded in 0.0350976929985336s: {'success': True, 'message': '当前无到期的备份任务', 'triggered_count': 0}
[2026-03-27 18:34:34,008: INFO/ForkPoolWorker-4] Task monitoring.tasks.collect_device_metrics[6fd83c66-cfa0-496d-8bf7-0b8329c92ca4] succeeded in 0.028467345000535715s: {'success': True, 'device_id': 9, 'stored_count': 0, 'alerts_count': 0}
[2026-03-27 18:34:35,951: INFO/ForkPoolWorker-3] Task devices.tasks.check_device_online[93a3f94f-8bde-4be1-b21d-b806da9bf079] succeeded in 2.0566642459998548s: {'success': True, 'total_devices': 7, 'online_count': 2, 'offline_devices': 0, 'offline_ips': []}
[2026-03-27 18:34:41,366: INFO/MainProcess] Task devices.tasks.check_device_online[b5c07c71-59e2-46bb-8abd-fc70df21ab0e] received
[2026-03-27 18:34:41,382: INFO/MainProcess] Task monitoring.tasks.collect_all_online_devices_metrics[6fd059bb-8638-4992-b108-a57136d8afff] received
[2026-03-27 18:34:41,414: INFO/ForkPoolWorker-1] Task monitoring.tasks.collect_all_online_devices_metrics[6fd059bb-8638-4992-b108-a57136d8afff] succeeded in 0.029984163000335684s: {'success': True, 'devices_count': 2, 'results': [{'device_id': 1, 'device_name': 'router1'}, {'device_id': 9, 'device_name': 'scan-test'}]}
[2026-03-27 18:34:41,416: INFO/MainProcess] Task monitoring.tasks.collect_device_metrics[b0a727f1-ce93-4b5c-a6b3-672b34f8692e] received
[2026-03-27 18:34:41,446: INFO/ForkPoolWorker-1] Task monitoring.tasks.collect_device_metrics[b0a727f1-ce93-4b5c-a6b3-672b34f8692e] succeeded in 0.026501757998630637s: {'success': True, 'device_id': 9, 'stored_count': 0, 'alerts_count': 0}
[2026-03-27 18:34:43,418: INFO/ForkPoolWorker-3] Task devices.tasks.check_device_online[b5c07c71-59e2-46bb-8abd-fc70df21ab0e] succeeded in 2.048225200000161s: {'success': True, 'total_devices': 7, 'online_count': 2, 'offline_devices': 0, 'offline_ips': []}
[2026-03-27 18:34:51,182: INFO/MainProcess] Task ipmanagement.tasks.scan_all_subnets[5c6023a9-ab9e-4475-965c-613cdf04f7c1] received
[2026-03-27 18:34:51,212: INFO/ForkPoolWorker-3] Queued scan for subnet 10.20.2.0/24, task_id: 769
[2026-03-27 18:34:51,213: INFO/MainProcess] Task ipmanagement.tasks.scan_subnet_task[b8dd3b0a-dbfc-4d66-bd38-7071d633399e] received
[2026-03-27 18:34:51,219: INFO/ForkPoolWorker-3] Queued scan for subnet 172.16.1.0/24, task_id: 771
[2026-03-27 18:34:51,220: INFO/MainProcess] Task ipmanagement.tasks.scan_subnet_task[f696bec5-b0f0-471d-8a5a-398d4ab2c85f] received
[2026-03-27 18:34:51,224: INFO/ForkPoolWorker-3] Queued scan for subnet 172.16.2.0/24, task_id: 773
[2026-03-27 18:34:51,227: INFO/MainProcess] Task ipmanagement.tasks.scan_subnet_task[a56ebd3a-ef16-4ce0-a0fd-09660af9b731] received
[2026-03-27 18:34:51,232: INFO/ForkPoolWorker-3] Queued scan for subnet 192.168.50.0/24, task_id: 774
[2026-03-27 18:34:51,242: INFO/ForkPoolWorker-3] Queued scan for subnet 22.22.22.0/24, task_id: 776
[2026-03-27 18:34:51,244: INFO/ForkPoolWorker-3] Queued 5 subnet scans
[2026-03-27 18:34:51,245: INFO/MainProcess] Task ipmanagement.tasks.scan_subnet_task[9327a3d6-5ef0-4afe-92be-86dc00188942] received
[2026-03-27 18:34:51,247: INFO/ForkPoolWorker-3] Task ipmanagement.tasks.scan_all_subnets[5c6023a9-ab9e-4475-965c-613cdf04f7c1] succeeded in 0.061698796998825856s: {'total_subnets': 5, 'queued_tasks': 5}
[2026-03-27 18:34:51,249: INFO/ForkPoolWorker-1] Starting scan for subnet 10.20.2.0/24, total IPs: 254
[2026-03-27 18:34:51,256: INFO/MainProcess] Task ipmanagement.tasks.scan_subnet_task[f0b3af1e-c9e9-4241-90b6-ad22320ffed9] received
[2026-03-27 18:34:51,303: INFO/ForkPoolWorker-4] Starting scan for subnet 172.16.1.0/24, total IPs: 254
[2026-03-27 18:34:51,323: INFO/ForkPoolWorker-3] Starting scan for subnet 172.16.2.0/24, total IPs: 254
[2026-03-27 18:35:06,015: INFO/ForkPoolWorker-2] Scan completed for 22.22.22.0/24: 2/254 hosts alive
[2026-03-27 18:35:06,393: INFO/ForkPoolWorker-2] Task ipmanagement.tasks.scan_subnet_task[45bc2adb-4f5f-492f-9268-21091973e12c] succeeded in 231.02438569700098s: {'task_id': 767, 'cidr': '22.22.22.0/24', 'alive_count': 2, 'alive_hosts': [{'ip': '22.22.22.2', 'alive': True, 'hostname': None, 'response_time': 9.68, 'method': 'ICMP'}, {'ip': '22.22.22.1', 'alive': True, 'hostname': None, 'response_time': 1.97, 'method': 'ICMP'}]}
[2026-03-27 18:35:06,434: INFO/ForkPoolWorker-2] Starting scan for subnet 192.168.50.0/24, total IPs: 254
[2026-03-27 18:35:08,527: INFO/ForkPoolWorker-1] Scan completed for 10.20.2.0/24: 1/254 hosts alive
[2026-03-27 18:35:08,734: INFO/ForkPoolWorker-4] Scan completed for 172.16.1.0/24: 0/254 hosts alive
[2026-03-27 18:35:08,762: INFO/ForkPoolWorker-3] Scan completed for 172.16.2.0/24: 0/254 hosts alive
[2026-03-27 18:35:09,104: INFO/ForkPoolWorker-1] Task ipmanagement.tasks.scan_subnet_task[b8dd3b0a-dbfc-4d66-bd38-7071d633399e] succeeded in 17.8889795340001s: {'task_id': 769, 'cidr': '10.20.2.0/24', 'alive_count': 1, 'alive_hosts': [{'ip': '10.20.2.1', 'alive': True, 'hostname': None, 'response_time': 2.08, 'method': 'ICMP'}]}
[2026-03-27 18:35:09,176: INFO/ForkPoolWorker-1] Starting scan for subnet 22.22.22.0/24, total IPs: 254
[2026-03-27 18:35:09,329: INFO/ForkPoolWorker-4] Task ipmanagement.tasks.scan_subnet_task[f696bec5-b0f0-471d-8a5a-398d4ab2c85f] succeeded in 18.10755042400342s: {'task_id': 771, 'cidr': '172.16.1.0/24', 'alive_count': 0, 'alive_hosts': []}
[2026-03-27 18:35:09,432: INFO/ForkPoolWorker-3] Task ipmanagement.tasks.scan_subnet_task[a56ebd3a-ef16-4ce0-a0fd-09660af9b731] succeeded in 18.149526463002985s: {'task_id': 773, 'cidr': '172.16.2.0/24', 'alive_count': 0, 'alive_hosts': []}
[2026-03-27 18:35:10,137: INFO/ForkPoolWorker-1] Scan completed for 22.22.22.0/24: 0/254 hosts alive
[2026-03-27 18:35:10,518: INFO/ForkPoolWorker-1] Task ipmanagement.tasks.scan_subnet_task[f0b3af1e-c9e9-4241-90b6-ad22320ffed9] succeeded in 1.4032623809980578s: {'task_id': 777, 'cidr': '22.22.22.0/24', 'alive_count': 0, 'alive_hosts': []}
[2026-03-27 18:35:33,894: INFO/MainProcess] Task devices.tasks.check_device_online[2820d2c9-d7b3-4be2-b470-130219be0b5f] received
[2026-03-27 18:35:33,940: INFO/MainProcess] Task configs.tasks.execute_scheduled_backup[c440ce0a-b662-4c5b-b858-7508df4959b4] received
[2026-03-27 18:35:33,970: INFO/ForkPoolWorker-1] Task configs.tasks.execute_scheduled_backup[c440ce0a-b662-4c5b-b858-7508df4959b4] succeeded in 0.028196921000926523s: {'success': True, 'message': '当前无到期的备份任务', 'triggered_count': 0}
[2026-03-27 18:35:33,972: INFO/MainProcess] Task monitoring.tasks.collect_device_metrics[ab692ca9-8692-4b2e-b0b4-8bec2628b55b] received
[2026-03-27 18:35:34,005: INFO/ForkPoolWorker-1] Task monitoring.tasks.collect_device_metrics[ab692ca9-8692-4b2e-b0b4-8bec2628b55b] succeeded in 0.028280095000809524s: {'success': True, 'device_id': 9, 'stored_count': 0, 'alerts_count': 0}
[2026-03-27 18:35:35,939: INFO/ForkPoolWorker-3] Task devices.tasks.check_device_online[2820d2c9-d7b3-4be2-b470-130219be0b5f] succeeded in 2.0433489870010817s: {'success': True, 'total_devices': 7, 'online_count': 2, 'offline_devices': 0, 'offline_ips': []}
[2026-03-27 18:35:41,372: INFO/MainProcess] Task configs.tasks.execute_scheduled_backup[678c201d-3c6b-4089-b571-4e4013ddea75] received
[2026-03-27 18:35:41,408: INFO/ForkPoolWorker-3] Task configs.tasks.execute_scheduled_backup[678c201d-3c6b-4089-b571-4e4013ddea75] succeeded in 0.03322286500042537s: {'success': True, 'message': '当前无到期的备份任务', 'triggered_count': 0}
[2026-03-27 18:35:41,412: INFO/MainProcess] Task monitoring.tasks.collect_device_metrics[e1abbf10-15b7-49b3-9e29-a0f614e6c0eb] received
[2026-03-27 18:35:43,989: INFO/ForkPoolWorker-3] Connected (version 2.0, client Comware-7.1.064)
[2026-03-27 18:35:44,054: INFO/ForkPoolWorker-3] Authentication (password) successful!
[2026-03-27 18:35:46,423: INFO/ForkPoolWorker-3] Task monitoring.tasks.collect_device_metrics[e1abbf10-15b7-49b3-9e29-a0f614e6c0eb] succeeded in 5.009261107999919s: {'success': True, 'device_id': 1, 'stored_count': 43, 'alerts_count': 0}
[2026-03-27 18:36:33,938: INFO/MainProcess] Task monitoring.tasks.collect_all_online_devices_metrics[2acb5b7f-1053-4668-8a73-0b7a3865e080] received
[2026-03-27 18:36:33,973: INFO/MainProcess] Task monitoring.tasks.collect_device_metrics[abb2bfe7-f310-4471-bb57-9555010aa387] received
[2026-03-27 18:36:33,977: INFO/ForkPoolWorker-3] Task monitoring.tasks.collect_all_online_devices_metrics[2acb5b7f-1053-4668-8a73-0b7a3865e080] succeeded in 0.03679781100072432s: {'success': True, 'devices_count': 2, 'results': [{'device_id': 1, 'device_name': 'router1'}, {'device_id': 9, 'device_name': 'scan-test'}]}
[2026-03-27 18:36:36,607: INFO/ForkPoolWorker-1] Connected (version 2.0, client Comware-7.1.064)
[2026-03-27 18:36:36,683: INFO/ForkPoolWorker-1] Authentication (password) successful!
