    results = self._do_insert(
  File "/opt/network_management/venv/lib/python3.10/site-packages/django/db/models/base.py", line 1061, in _do_insert
    return manager._insert(
  File "/opt/network_management/venv/lib/python3.10/site-packages/django/db/models/manager.py", line 87, in manager_method
    return getattr(self.get_queryset(), name)(*args, **kwargs)
  File "/opt/network_management/venv/lib/python3.10/site-packages/django/db/models/query.py", line 1810, in _insert
    return query.get_compiler(using=using).execute_sql(returning_fields)
  File "/opt/network_management/venv/lib/python3.10/site-packages/django/db/models/sql/compiler.py", line 1822, in execute_sql
    cursor.execute(sql, params)
  File "/opt/network_management/venv/lib/python3.10/site-packages/django/db/backends/utils.py", line 102, in execute
    return super().execute(sql, params)
  File "/opt/network_management/venv/lib/python3.10/site-packages/django/db/backends/utils.py", line 67, in execute
    return self._execute_with_wrappers(
  File "/opt/network_management/venv/lib/python3.10/site-packages/django/db/backends/utils.py", line 80, in _execute_with_wrappers
    return executor(sql, params, many, context)
  File "/opt/network_management/venv/lib/python3.10/site-packages/django/db/backends/utils.py", line 84, in _execute
    with self.db.wrap_database_errors:
  File "/opt/network_management/venv/lib/python3.10/site-packages/django/db/utils.py", line 91, in __exit__
    raise dj_exc_value.with_traceback(traceback) from exc_value
  File "/opt/network_management/venv/lib/python3.10/site-packages/django/db/backends/utils.py", line 89, in _execute
    return self.cursor.execute(sql, params)
django.db.utils.IntegrityError: null value in column "hostname" of relation "ipmanagement_allocationlog" violates not-null constraint
DETAIL:  Failing row contains (89, 192.168.50.34, null, scan_discover, {"status": "available", "hostname": ""}, {"status": "allocated", "hostname": ""}, 2026-03-27 10:06:14.716667+00, 扫描发现，响应时间: 1069.54ms, null).

[2026-03-27 18:06:15,049: INFO/ForkPoolWorker-3] Task ipmanagement.tasks.scan_subnet_task[5bfdf9c5-7125-464a-850c-c86c7ae0c231] succeeded in 283.7872302430005s: {'task_id': 735, 'cidr': '192.168.50.0/24', 'alive_count': 7, 'alive_hosts': [{'ip': '192.168.50.2', 'alive': True, 'hostname': None, 'response_time': 0.331, 'method': 'ICMP'}, {'ip': '192.168.50.1', 'alive': True, 'hostname': None, 'response_time': 0.354, 'method': 'ICMP'}, {'ip': '192.168.50.13', 'alive': True, 'hostname': None, 'response_time': 0.294, 'method': 'ICMP'}, {'ip': '192.168.50.100', 'alive': True, 'hostname': None, 'response_time': 0.485, 'method': 'ICMP'}, {'ip': '192.168.50.132', 'alive': True, 'hostname': None, 'response_time': 0.027, 'method': 'ICMP'}, {'ip': '192.168.50.134', 'alive': True, 'hostname': None, 'response_time': 0.41, 'method': 'ICMP'}, {'ip': '192.168.50.164', 'alive': True, 'hostname': None, 'response_time': 1068.27, 'open_port': 443, 'method': 'TCP'}]}
[2026-03-27 18:06:15,079: INFO/ForkPoolWorker-3] Task configs.tasks.execute_scheduled_backup[a835967d-b32b-4c9d-9e20-e41b6252b0f2] succeeded in 0.025801539999520173s: {'success': True, 'message': '当前无到期的备份任务', 'triggered_count': 0}
[2026-03-27 18:06:15,106: INFO/MainProcess] Task monitoring.tasks.collect_device_metrics[115eb4f0-b532-4630-a5d1-28a7b8c25037] received
[2026-03-27 18:06:15,106: INFO/ForkPoolWorker-3] Task monitoring.tasks.collect_all_online_devices_metrics[6b08d773-7554-4162-bc6c-8c46abe25d63] succeeded in 0.024015557999518933s: {'success': True, 'devices_count': 1, 'results': [{'device_id': 1, 'device_name': 'router1'}]}
[2026-03-27 18:06:15,141: INFO/MainProcess] Task monitoring.tasks.collect_device_metrics[c8d963d4-372f-4e0e-976e-f7df8f7090c2] received
[2026-03-27 18:06:15,142: INFO/ForkPoolWorker-3] Task monitoring.tasks.collect_all_online_devices_metrics[6dca4ba8-54e3-4f0d-8b30-df8f83c22f9f] succeeded in 0.03132682399882469s: {'success': True, 'devices_count': 1, 'results': [{'device_id': 1, 'device_name': 'router1'}]}
[2026-03-27 18:06:15,171: INFO/MainProcess] Task monitoring.tasks.collect_device_metrics[3905b9f6-0316-4397-992d-d1ff405310d1] received
[2026-03-27 18:06:15,171: INFO/ForkPoolWorker-3] Task monitoring.tasks.collect_all_online_devices_metrics[e96d71ae-a387-47a7-8ffb-34d22156b84f] succeeded in 0.025547679000737844s: {'success': True, 'devices_count': 1, 'results': [{'device_id': 1, 'device_name': 'router1'}]}
[2026-03-27 18:06:16,782: INFO/ForkPoolWorker-2] Task devices.tasks.check_device_online[b1b022f5-5190-45a7-ba60-1b88ffc6e0e9] succeeded in 2.0462179650021426s: {'success': True, 'total_devices': 7, 'online_count': 1, 'offline_devices': 0, 'offline_ips': []}
[2026-03-27 18:06:16,812: INFO/ForkPoolWorker-2] Task configs.tasks.execute_scheduled_backup[6ed51456-7e1f-43f3-aa9d-37a362ff9669] succeeded in 0.026306122999812942s: {'success': True, 'message': '当前无到期的备份任务', 'triggered_count': 0}
[2026-03-27 18:06:16,840: INFO/MainProcess] Task monitoring.tasks.collect_device_metrics[9e224b85-fa02-4235-87cd-2ad527b46d61] received
[2026-03-27 18:06:16,841: INFO/ForkPoolWorker-2] Task monitoring.tasks.collect_all_online_devices_metrics[f7fb0ac0-7d28-4d4a-a295-fcde515f7497] succeeded in 0.026059587002237095s: {'success': True, 'devices_count': 1, 'results': [{'device_id': 1, 'device_name': 'router1'}]}
[2026-03-27 18:06:16,872: INFO/ForkPoolWorker-2] Task monitoring.tasks.collect_all_online_devices_metrics[811214c2-950e-4072-9f2a-259d5878482c] succeeded in 0.02759477799918386s: {'success': True, 'devices_count': 1, 'results': [{'device_id': 1, 'device_name': 'router1'}]}
[2026-03-27 18:06:16,872: INFO/MainProcess] Task monitoring.tasks.collect_device_metrics[f3ebece8-045e-47a5-8dc2-b2026b533107] received
[2026-03-27 18:06:16,904: INFO/ForkPoolWorker-2] Task configs.tasks.execute_scheduled_backup[8e1ea8f9-9fa8-45c9-af10-589702e271dc] succeeded in 0.03016926300188061s: {'success': True, 'message': '当前无到期的备份任务', 'triggered_count': 0}
[2026-03-27 18:06:16,936: INFO/ForkPoolWorker-2] Task monitoring.tasks.collect_all_online_devices_metrics[110c1484-fa03-4eac-a772-9e2a12305885] succeeded in 0.029314636001799954s: {'success': True, 'devices_count': 1, 'results': [{'device_id': 1, 'device_name': 'router1'}]}
[2026-03-27 18:06:16,936: INFO/MainProcess] Task monitoring.tasks.collect_device_metrics[e3621cc1-cc79-495b-bd99-a21ec6f1eff2] received
[2026-03-27 18:06:17,215: INFO/ForkPoolWorker-3] Task devices.tasks.check_device_online[26d51568-90f7-4496-88ad-cbb3e8beb147] succeeded in 2.039786766999896s: {'success': True, 'total_devices': 7, 'online_count': 1, 'offline_devices': 0, 'offline_ips': []}
[2026-03-27 18:06:17,246: INFO/MainProcess] Task monitoring.tasks.collect_device_metrics[a58cf829-94b4-4749-83bc-8de9cf9b7fd2] received
[2026-03-27 18:06:17,246: INFO/ForkPoolWorker-3] Task monitoring.tasks.collect_all_online_devices_metrics[614ea1fc-3556-488b-8be5-5ae6c36d379c] succeeded in 0.027979928003333043s: {'success': True, 'devices_count': 1, 'results': [{'device_id': 1, 'device_name': 'router1'}]}
[2026-03-27 18:06:17,280: INFO/ForkPoolWorker-3] Task configs.tasks.execute_scheduled_backup[08f25b5d-7d33-4df6-9e52-b802b278a691] succeeded in 0.029415130000415957s: {'success': True, 'message': '当前无到期的备份任务', 'triggered_count': 0}
[2026-03-27 18:06:17,315: INFO/MainProcess] Task monitoring.tasks.collect_device_metrics[c623918a-2c8d-4450-8829-96ef0f1799b7] received
[2026-03-27 18:06:17,316: INFO/ForkPoolWorker-3] Task monitoring.tasks.collect_all_online_devices_metrics[0a94ce21-b9f9-4d51-a0a0-71af2a10a471] succeeded in 0.031797146002645604s: {'success': True, 'devices_count': 1, 'results': [{'device_id': 1, 'device_name': 'router1'}]}
[2026-03-27 18:06:18,986: INFO/ForkPoolWorker-2] Task devices.tasks.check_device_online[d8672712-602e-47a4-b6f0-eddf74c172a4] succeeded in 2.045175269002357s: {'success': True, 'total_devices': 7, 'online_count': 1, 'offline_devices': 0, 'offline_ips': []}
[2026-03-27 18:06:19,359: INFO/ForkPoolWorker-3] Task devices.tasks.check_device_online[586ddf20-c4cf-4eec-8222-489c2c10db82] succeeded in 2.040522029998101s: {'success': True, 'total_devices': 7, 'online_count': 1, 'offline_devices': 0, 'offline_ips': []}
[2026-03-27 18:06:21,443: INFO/ForkPoolWorker-2] Connected (version 2.0, client Comware-7.1.064)
[2026-03-27 18:06:21,585: INFO/ForkPoolWorker-2] Authentication (password) successful!
[2026-03-27 18:06:21,868: INFO/ForkPoolWorker-3] Connected (version 2.0, client Comware-7.1.064)
[2026-03-27 18:06:21,951: INFO/ForkPoolWorker-3] Authentication (password) successful!
[2026-03-27 18:06:25,536: INFO/ForkPoolWorker-2] Task monitoring.tasks.collect_device_metrics[115eb4f0-b532-4630-a5d1-28a7b8c25037] succeeded in 6.546959536997747s: {'success': True, 'device_id': 1, 'stored_count': 42, 'alerts_count': 0}
[2026-03-27 18:06:25,797: INFO/ForkPoolWorker-3] Task monitoring.tasks.collect_device_metrics[c8d963d4-372f-4e0e-976e-f7df8f7090c2] succeeded in 6.4344208859984064s: {'success': True, 'device_id': 1, 'stored_count': 42, 'alerts_count': 0}
[2026-03-27 18:06:28,437: INFO/ForkPoolWorker-2] Connected (version 2.0, client Comware-7.1.064)
[2026-03-27 18:06:28,511: INFO/ForkPoolWorker-2] Authentication (password) successful!
[2026-03-27 18:06:28,762: INFO/ForkPoolWorker-3] Connected (version 2.0, client Comware-7.1.064)
[2026-03-27 18:06:28,839: INFO/ForkPoolWorker-3] Authentication (password) successful!
[2026-03-27 18:06:32,226: INFO/ForkPoolWorker-2] Task monitoring.tasks.collect_device_metrics[3905b9f6-0316-4397-992d-d1ff405310d1] succeeded in 6.686254235999513s: {'success': True, 'device_id': 1, 'stored_count': 42, 'alerts_count': 0}
[2026-03-27 18:06:32,563: INFO/ForkPoolWorker-3] Task monitoring.tasks.collect_device_metrics[9e224b85-fa02-4235-87cd-2ad527b46d61] succeeded in 6.761210276999918s: {'success': True, 'device_id': 1, 'stored_count': 42, 'alerts_count': 0}
[2026-03-27 18:06:33,772: INFO/MainProcess] Task devices.tasks.check_device_online[77508137-1bed-49fc-9982-29f320dc89e2] received
[2026-03-27 18:06:33,777: INFO/MainProcess] Task monitoring.tasks.collect_all_online_devices_metrics[45561d64-d687-4aa6-befb-c267e858b927] received
[2026-03-27 18:06:33,781: INFO/MainProcess] Task configs.tasks.execute_scheduled_backup[e1a51454-c90f-45f0-9cf2-a7df6e40a6a1] received
[2026-03-27 18:06:34,962: INFO/ForkPoolWorker-2] Connected (version 2.0, client Comware-7.1.064)
[2026-03-27 18:06:35,039: INFO/ForkPoolWorker-2] Authentication (password) successful!
[2026-03-27 18:06:35,304: INFO/ForkPoolWorker-3] Connected (version 2.0, client Comware-7.1.064)
[2026-03-27 18:06:35,383: INFO/ForkPoolWorker-3] Authentication (password) successful!
[2026-03-27 18:06:38,333: INFO/ForkPoolWorker-2] Task monitoring.tasks.collect_device_metrics[f3ebece8-045e-47a5-8dc2-b2026b533107] succeeded in 6.103842521999468s: {'success': True, 'device_id': 1, 'stored_count': 42, 'alerts_count': 0}
[2026-03-27 18:06:38,727: INFO/ForkPoolWorker-3] Task monitoring.tasks.collect_device_metrics[e3621cc1-cc79-495b-bd99-a21ec6f1eff2] succeeded in 6.160571560001699s: {'success': True, 'device_id': 1, 'stored_count': 42, 'alerts_count': 0}
[2026-03-27 18:06:40,986: INFO/ForkPoolWorker-2] Connected (version 2.0, client Comware-7.1.064)
[2026-03-27 18:06:41,036: INFO/MainProcess] Task configs.tasks.execute_scheduled_backup[5f171590-8fff-46d2-aedb-527a3b95a52b] received
[2026-03-27 18:06:41,046: INFO/MainProcess] Task monitoring.tasks.collect_all_online_devices_metrics[5285c82e-b4ad-4d29-97c9-e3a775755a3c] received
[2026-03-27 18:06:41,050: INFO/MainProcess] Task devices.tasks.check_device_online[bad45822-c7a0-4377-a940-1a7bce9611e6] received
[2026-03-27 18:06:41,062: INFO/ForkPoolWorker-2] Authentication (password) successful!
[2026-03-27 18:06:41,336: INFO/ForkPoolWorker-3] Connected (version 2.0, client Comware-7.1.064)
[2026-03-27 18:06:41,416: INFO/ForkPoolWorker-3] Authentication (password) successful!
[2026-03-27 18:06:44,517: INFO/ForkPoolWorker-2] Task monitoring.tasks.collect_device_metrics[a58cf829-94b4-4749-83bc-8de9cf9b7fd2] succeeded in 6.18022875799943s: {'success': True, 'device_id': 1, 'stored_count': 42, 'alerts_count': 0}
[2026-03-27 18:06:45,099: INFO/ForkPoolWorker-3] Task monitoring.tasks.collect_device_metrics[c623918a-2c8d-4450-8829-96ef0f1799b7] succeeded in 6.367364876001375s: {'success': True, 'device_id': 1, 'stored_count': 42, 'alerts_count': 0}
[2026-03-27 18:06:45,137: INFO/MainProcess] Task monitoring.tasks.collect_device_metrics[d347a97a-bf8d-4598-bc6f-cb6cd5260d95] received
[2026-03-27 18:06:45,137: INFO/ForkPoolWorker-3] Task monitoring.tasks.collect_all_online_devices_metrics[45561d64-d687-4aa6-befb-c267e858b927] succeeded in 0.03523359300015727s: {'success': True, 'devices_count': 1, 'results': [{'device_id': 1, 'device_name': 'router1'}]}
[2026-03-27 18:06:45,171: INFO/ForkPoolWorker-3] Task configs.tasks.execute_scheduled_backup[e1a51454-c90f-45f0-9cf2-a7df6e40a6a1] succeeded in 0.030228306000935845s: {'success': True, 'message': '当前无到期的备份任务', 'triggered_count': 0}
[2026-03-27 18:06:45,208: INFO/ForkPoolWorker-3] Task configs.tasks.execute_scheduled_backup[5f171590-8fff-46d2-aedb-527a3b95a52b] succeeded in 0.03406439499667613s: {'success': True, 'message': '当前无到期的备份任务', 'triggered_count': 0}
[2026-03-27 18:06:45,241: INFO/MainProcess] Task monitoring.tasks.collect_device_metrics[d2f8ab09-38f3-4f6e-afa4-15f7fbcfb9aa] received
[2026-03-27 18:06:45,242: INFO/ForkPoolWorker-3] Task monitoring.tasks.collect_all_online_devices_metrics[5285c82e-b4ad-4d29-97c9-e3a775755a3c] succeeded in 0.0315074120007921s: {'success': True, 'devices_count': 1, 'results': [{'device_id': 1, 'device_name': 'router1'}]}
[2026-03-27 18:06:46,568: INFO/ForkPoolWorker-2] Task devices.tasks.check_device_online[77508137-1bed-49fc-9982-29f320dc89e2] succeeded in 2.048549663999438s: {'success': True, 'total_devices': 7, 'online_count': 1, 'offline_devices': 0, 'offline_ips': []}
[2026-03-27 18:06:47,302: INFO/ForkPoolWorker-3] Task devices.tasks.check_device_online[bad45822-c7a0-4377-a940-1a7bce9611e6] succeeded in 2.057529030000296s: {'success': True, 'total_devices': 7, 'online_count': 1, 'offline_devices': 0, 'offline_ips': []}
[2026-03-27 18:06:49,357: INFO/ForkPoolWorker-2] Connected (version 2.0, client Comware-7.1.064)
[2026-03-27 18:06:49,466: INFO/ForkPoolWorker-2] Authentication (password) successful!
[2026-03-27 18:06:50,295: INFO/ForkPoolWorker-3] Connected (version 2.0, client Comware-7.1.064)
[2026-03-27 18:06:50,378: INFO/ForkPoolWorker-3] Authentication (password) successful!
[2026-03-27 18:06:52,619: INFO/ForkPoolWorker-2] Task monitoring.tasks.collect_device_metrics[d347a97a-bf8d-4598-bc6f-cb6cd5260d95] succeeded in 6.047633493999456s: {'success': True, 'device_id': 1, 'stored_count': 42, 'alerts_count': 0}
[2026-03-27 18:06:53,584: INFO/ForkPoolWorker-3] Task monitoring.tasks.collect_device_metrics[d2f8ab09-38f3-4f6e-afa4-15f7fbcfb9aa] succeeded in 6.278590362999239s: {'success': True, 'device_id': 1, 'stored_count': 42, 'alerts_count': 0}
[2026-03-27 18:07:33,769: INFO/MainProcess] Task devices.tasks.check_device_online[eaef880c-f1ed-4d49-9a7d-713dd891aac2] received
[2026-03-27 18:07:33,779: INFO/MainProcess] Task monitoring.tasks.collect_all_online_devices_metrics[0ea5d483-b828-4c7a-a8f5-5c24bdaefc2c] received
[2026-03-27 18:07:33,783: INFO/MainProcess] Task configs.tasks.execute_scheduled_backup[15d4ead2-d901-4b9f-8d41-793fdaca0e1d] received
[2026-03-27 18:07:33,809: INFO/MainProcess] Task monitoring.tasks.collect_device_metrics[f08218f2-bb82-4c46-9493-600e3300b3ef] received
[2026-03-27 18:07:33,809: INFO/ForkPoolWorker-2] Task monitoring.tasks.collect_all_online_devices_metrics[0ea5d483-b828-4c7a-a8f5-5c24bdaefc2c] succeeded in 0.027646747999824584s: {'success': True, 'devices_count': 1, 'results': [{'device_id': 1, 'device_name': 'router1'}]}
[2026-03-27 18:07:33,849: INFO/ForkPoolWorker-2] Task configs.tasks.execute_scheduled_backup[15d4ead2-d901-4b9f-8d41-793fdaca0e1d] succeeded in 0.03417836700100452s: {'success': True, 'message': '当前无到期的备份任务', 'triggered_count': 0}
[2026-03-27 18:07:35,791: INFO/ForkPoolWorker-1] Scan completed for 172.16.1.0/24: 0/254 hosts alive
[2026-03-27 18:07:35,798: INFO/ForkPoolWorker-4] Scan completed for 172.16.2.0/24: 0/254 hosts alive
[2026-03-27 18:07:35,830: INFO/ForkPoolWorker-3] Task devices.tasks.check_device_online[eaef880c-f1ed-4d49-9a7d-713dd891aac2] succeeded in 2.0595954849995906s: {'success': True, 'total_devices': 7, 'online_count': 1, 'offline_devices': 0, 'offline_ips': []}
[2026-03-27 18:07:36,162: INFO/ForkPoolWorker-4] Task ipmanagement.tasks.scan_subnet_task[770fdbc3-b5a7-4224-aa1f-1ef146055440] succeeded in 364.93498448899845s: {'task_id': 731, 'cidr': '172.16.2.0/24', 'alive_count': 0, 'alive_hosts': []}
[2026-03-27 18:07:36,181: INFO/ForkPoolWorker-1] Task ipmanagement.tasks.scan_subnet_task[b4ccf829-bce3-4a12-a08c-a6f44752aa66] succeeded in 364.9639010050014s: {'task_id': 729, 'cidr': '172.16.1.0/24', 'alive_count': 0, 'alive_hosts': []}
[2026-03-27 18:07:36,582: INFO/ForkPoolWorker-2] Connected (version 2.0, client Comware-7.1.064)
[2026-03-27 18:07:36,663: INFO/ForkPoolWorker-2] Authentication (password) successful!
[2026-03-27 18:07:39,203: INFO/ForkPoolWorker-2] Task monitoring.tasks.collect_device_metrics[f08218f2-bb82-4c46-9493-600e3300b3ef] succeeded in 5.351328967000882s: {'success': True, 'device_id': 1, 'stored_count': 42, 'alerts_count': 0}
[2026-03-27 18:07:41,046: INFO/MainProcess] Task monitoring.tasks.collect_all_online_devices_metrics[dbafe422-0f67-4e1c-b0d2-fbeeeb3eb8b1] received
[2026-03-27 18:07:41,050: INFO/MainProcess] Task devices.tasks.check_device_online[900f8a3e-677b-4671-9f20-affc3bc3bdf6] received
[2026-03-27 18:07:41,087: INFO/MainProcess] Task monitoring.tasks.collect_device_metrics[c8d9fd73-fd20-4fa8-bc01-c080bd37d459] received
[2026-03-27 18:07:41,091: INFO/ForkPoolWorker-3] Task monitoring.tasks.collect_all_online_devices_metrics[dbafe422-0f67-4e1c-b0d2-fbeeeb3eb8b1] succeeded in 0.0393457469981513s: {'success': True, 'devices_count': 1, 'results': [{'device_id': 1, 'device_name': 'router1'}]}
[2026-03-27 18:07:43,141: INFO/ForkPoolWorker-1] Task devices.tasks.check_device_online[900f8a3e-677b-4671-9f20-affc3bc3bdf6] succeeded in 2.086357792999479s: {'success': True, 'total_devices': 7, 'online_count': 1, 'offline_devices': 0, 'offline_ips': []}
[2026-03-27 18:07:43,916: INFO/ForkPoolWorker-4] Connected (version 2.0, client Comware-7.1.064)
[2026-03-27 18:07:44,003: INFO/ForkPoolWorker-4] Authentication (password) successful!
[2026-03-27 18:07:46,558: INFO/ForkPoolWorker-4] Task monitoring.tasks.collect_device_metrics[c8d9fd73-fd20-4fa8-bc01-c080bd37d459] succeeded in 5.467686474999937s: {'success': True, 'device_id': 1, 'stored_count': 42, 'alerts_count': 0}
[2026-03-27 18:08:33,771: INFO/MainProcess] Task devices.tasks.check_device_online[89926237-460e-4633-bda9-ccb5e52e4955] received
[2026-03-27 18:08:33,789: INFO/MainProcess] Task monitoring.tasks.collect_all_online_devices_metrics[37155cb7-a505-4449-90aa-591e3ed5ed83] received
[2026-03-27 18:08:33,800: INFO/MainProcess] Task configs.tasks.execute_scheduled_backup[51ae8e84-ec8a-4d67-9d24-71f7cba8d311] received
[2026-03-27 18:08:33,836: INFO/MainProcess] Task monitoring.tasks.collect_device_metrics[620bc423-24e4-42b8-963d-32c5d5d7adcd] received
[2026-03-27 18:08:33,836: INFO/ForkPoolWorker-1] Task monitoring.tasks.collect_all_online_devices_metrics[37155cb7-a505-4449-90aa-591e3ed5ed83] succeeded in 0.04368073599835043s: {'success': True, 'devices_count': 1, 'results': [{'device_id': 1, 'device_name': 'router1'}]}
[2026-03-27 18:08:33,838: INFO/ForkPoolWorker-4] Task configs.tasks.execute_scheduled_backup[51ae8e84-ec8a-4d67-9d24-71f7cba8d311] succeeded in 0.03554395099854446s: {'success': True, 'message': '当前无到期的备份任务', 'triggered_count': 0}
[2026-03-27 18:08:35,847: INFO/ForkPoolWorker-3] Task devices.tasks.check_device_online[89926237-460e-4633-bda9-ccb5e52e4955] succeeded in 2.073671996997291s: {'success': True, 'total_devices': 7, 'online_count': 1, 'offline_devices': 0, 'offline_ips': []}
[2026-03-27 18:08:36,578: INFO/ForkPoolWorker-1] Connected (version 2.0, client Comware-7.1.064)
[2026-03-27 18:08:36,672: INFO/ForkPoolWorker-1] Authentication (password) successful!
[2026-03-27 18:08:39,291: INFO/ForkPoolWorker-1] Task monitoring.tasks.collect_device_metrics[620bc423-24e4-42b8-963d-32c5d5d7adcd] succeeded in 5.450550541001576s: {'success': True, 'device_id': 1, 'stored_count': 42, 'alerts_count': 0}
[2026-03-27 18:08:41,111: INFO/MainProcess] Task devices.tasks.check_device_online[cb47fcf9-2744-46b3-92b6-5b47f8c93d58] received
[2026-03-27 18:08:41,114: INFO/MainProcess] Task configs.tasks.execute_scheduled_backup[87ea9634-92e3-47f1-b0c7-0e61732eeff7] received
[2026-03-27 18:08:41,120: INFO/MainProcess] Task monitoring.tasks.collect_all_online_devices_metrics[91594857-5d47-4627-9048-b2b67daedade] received
[2026-03-27 18:08:41,149: INFO/ForkPoolWorker-1] Task configs.tasks.execute_scheduled_backup[87ea9634-92e3-47f1-b0c7-0e61732eeff7] succeeded in 0.03251028900194797s: {'success': True, 'message': '当前无到期的备份任务', 'triggered_count': 0}
[2026-03-27 18:08:41,161: INFO/MainProcess] Task monitoring.tasks.collect_device_metrics[d4b34d6d-dfa4-418e-b029-a3d52e951a2a] received
[2026-03-27 18:08:41,161: INFO/ForkPoolWorker-4] Task monitoring.tasks.collect_all_online_devices_metrics[91594857-5d47-4627-9048-b2b67daedade] succeeded in 0.03788351700131898s: {'success': True, 'devices_count': 1, 'results': [{'device_id': 1, 'device_name': 'router1'}]}
[2026-03-27 18:08:43,160: INFO/ForkPoolWorker-3] Task devices.tasks.check_device_online[cb47fcf9-2744-46b3-92b6-5b47f8c93d58] succeeded in 2.046977608999441s: {'success': True, 'total_devices': 7, 'online_count': 1, 'offline_devices': 0, 'offline_ips': []}
[2026-03-27 18:08:43,902: INFO/ForkPoolWorker-1] Connected (version 2.0, client Comware-7.1.064)
[2026-03-27 18:08:43,988: INFO/ForkPoolWorker-1] Authentication (password) successful!
[2026-03-27 18:08:46,478: INFO/ForkPoolWorker-1] Task monitoring.tasks.collect_device_metrics[d4b34d6d-dfa4-418e-b029-a3d52e951a2a] succeeded in 5.315376173999539s: {'success': True, 'device_id': 1, 'stored_count': 42, 'alerts_count': 0}
[2026-03-27 18:09:33,789: INFO/MainProcess] Task monitoring.tasks.collect_all_online_devices_metrics[04fc76e4-b0e9-4ba6-92f2-32750e4ff15d] received
[2026-03-27 18:09:33,797: INFO/MainProcess] Task configs.tasks.execute_scheduled_backup[411f112f-fcf0-4e55-b0cf-e173da664783] received
[2026-03-27 18:09:33,821: INFO/MainProcess] Task monitoring.tasks.collect_device_metrics[78a172f2-7b25-4059-ac78-a0862d7817ec] received
[2026-03-27 18:09:33,821: INFO/ForkPoolWorker-3] Task monitoring.tasks.collect_all_online_devices_metrics[04fc76e4-b0e9-4ba6-92f2-32750e4ff15d] succeeded in 0.02964728799997829s: {'success': True, 'devices_count': 1, 'results': [{'device_id': 1, 'device_name': 'router1'}]}
[2026-03-27 18:09:33,826: INFO/ForkPoolWorker-1] Task configs.tasks.execute_scheduled_backup[411f112f-fcf0-4e55-b0cf-e173da664783] succeeded in 0.027603749000263633s: {'success': True, 'message': '当前无到期的备份任务', 'triggered_count': 0}
[2026-03-27 18:09:36,476: INFO/ForkPoolWorker-3] Connected (version 2.0, client Comware-7.1.064)
[2026-03-27 18:09:36,558: INFO/ForkPoolWorker-3] Authentication (password) successful!
[2026-03-27 18:09:38,979: INFO/ForkPoolWorker-3] Task monitoring.tasks.collect_device_metrics[78a172f2-7b25-4059-ac78-a0862d7817ec] succeeded in 5.1555475300010585s: {'success': True, 'device_id': 1, 'stored_count': 42, 'alerts_count': 0}
[2026-03-27 18:09:41,116: INFO/MainProcess] Task devices.tasks.check_device_online[0713426c-d460-476e-867e-e37583d6c7b9] received
[2026-03-27 18:09:41,119: INFO/MainProcess] Task configs.tasks.execute_scheduled_backup[adfa0ff3-c761-448b-a9c0-5f2cdb58ddd8] received
[2026-03-27 18:09:41,123: INFO/MainProcess] Task monitoring.tasks.collect_all_online_devices_metrics[bbfd0086-71bb-453c-9043-45e25b0383c4] received
[2026-03-27 18:09:41,147: INFO/MainProcess] Task monitoring.tasks.collect_device_metrics[af772919-7aae-4ff3-adf8-cf9c1aa88efa] received
[2026-03-27 18:09:41,149: INFO/ForkPoolWorker-4] Task monitoring.tasks.collect_all_online_devices_metrics[bbfd0086-71bb-453c-9043-45e25b0383c4] succeeded in 0.02307054999982938s: {'success': True, 'devices_count': 1, 'results': [{'device_id': 1, 'device_name': 'router1'}]}
[2026-03-27 18:09:41,152: INFO/ForkPoolWorker-1] Task configs.tasks.execute_scheduled_backup[adfa0ff3-c761-448b-a9c0-5f2cdb58ddd8] succeeded in 0.031193664002785226s: {'success': True, 'message': '当前无到期的备份任务', 'triggered_count': 0}
[2026-03-27 18:09:43,166: INFO/ForkPoolWorker-3] Task devices.tasks.check_device_online[0713426c-d460-476e-867e-e37583d6c7b9] succeeded in 2.048208148997219s: {'success': True, 'total_devices': 7, 'online_count': 1, 'offline_devices': 0, 'offline_ips': []}
[2026-03-27 18:09:43,573: INFO/ForkPoolWorker-4] Connected (version 2.0, client Comware-7.1.064)
[2026-03-27 18:09:43,645: INFO/ForkPoolWorker-4] Authentication (password) successful!
[2026-03-27 18:09:45,915: INFO/ForkPoolWorker-4] Task monitoring.tasks.collect_device_metrics[af772919-7aae-4ff3-adf8-cf9c1aa88efa] succeeded in 4.7619303860010405s: {'success': True, 'device_id': 1, 'stored_count': 42, 'alerts_count': 0}
[2026-03-27 18:09:51,176: INFO/MainProcess] Task ipmanagement.tasks.scan_all_subnets[374064bb-9612-44f3-ad0d-4874d59c2e0f] received
[2026-03-27 18:09:51,179: INFO/MainProcess] Task ipmanagement.tasks.scan_all_subnets[116aba74-2610-47d3-8013-7485fbdfedbf] received
[2026-03-27 18:09:51,206: INFO/ForkPoolWorker-3] Queued scan for subnet 10.20.2.0/24, task_id: 738
[2026-03-27 18:09:51,207: INFO/MainProcess] Task ipmanagement.tasks.scan_subnet_task[1d23aa17-0798-4633-a484-fb64e5f1fcf1] received
[2026-03-27 18:09:51,212: INFO/ForkPoolWorker-3] Queued scan for subnet 172.16.1.0/24, task_id: 739
[2026-03-27 18:09:51,214: INFO/MainProcess] Task ipmanagement.tasks.scan_subnet_task[09294da1-709f-4fdb-a99a-1f9380610f3e] received
[2026-03-27 18:09:51,216: INFO/ForkPoolWorker-3] Queued scan for subnet 172.16.2.0/24, task_id: 741
[2026-03-27 18:09:51,217: INFO/MainProcess] Task ipmanagement.tasks.scan_subnet_task[60dd312f-5f96-4464-b567-8ce703b3e491] received
[2026-03-27 18:09:51,218: INFO/ForkPoolWorker-1] Queued scan for subnet 10.20.2.0/24, task_id: 740
[2026-03-27 18:09:51,221: INFO/MainProcess] Task ipmanagement.tasks.scan_subnet_task[baf99b69-b2bc-421e-b466-73c8616ecdd4] received
[2026-03-27 18:09:51,221: INFO/ForkPoolWorker-3] Queued scan for subnet 192.168.50.0/24, task_id: 742
[2026-03-27 18:09:51,224: INFO/MainProcess] Task ipmanagement.tasks.scan_subnet_task[2013ecca-0ec1-4a7e-abbf-ece0c1cccf5e] received
[2026-03-27 18:09:51,224: INFO/ForkPoolWorker-1] Queued scan for subnet 172.16.1.0/24, task_id: 743
[2026-03-27 18:09:51,227: INFO/MainProcess] Task ipmanagement.tasks.scan_subnet_task[4a5d74d2-f557-4dfd-a241-1a57bda1c1ae] received
[2026-03-27 18:09:51,228: INFO/ForkPoolWorker-3] Queued scan for subnet 22.22.22.0/24, task_id: 744
[2026-03-27 18:09:51,228: INFO/ForkPoolWorker-3] Queued 5 subnet scans
[2026-03-27 18:09:51,230: INFO/MainProcess] Task ipmanagement.tasks.scan_subnet_task[9f8841fb-3355-4ded-ac69-6ec0382eca3c] received
[2026-03-27 18:09:51,231: INFO/ForkPoolWorker-3] Task ipmanagement.tasks.scan_all_subnets[374064bb-9612-44f3-ad0d-4874d59c2e0f] succeeded in 0.05121637900083442s: {'total_subnets': 5, 'queued_tasks': 5}
[2026-03-27 18:09:51,231: INFO/ForkPoolWorker-1] Queued scan for subnet 172.16.2.0/24, task_id: 745
[2026-03-27 18:09:51,232: INFO/MainProcess] Task ipmanagement.tasks.scan_subnet_task[01f1a1ba-aa0d-4b13-835e-52492ee37520] received
[2026-03-27 18:09:51,238: INFO/ForkPoolWorker-1] Queued scan for subnet 192.168.50.0/24, task_id: 746
[2026-03-27 18:09:51,239: INFO/MainProcess] Task ipmanagement.tasks.scan_subnet_task[48eb539a-005e-4113-97f3-13c78b0777f5] received
[2026-03-27 18:09:51,244: INFO/MainProcess] Task ipmanagement.tasks.scan_subnet_task[f9213c2e-4aab-4c9e-9fd6-c35627811519] received
[2026-03-27 18:09:51,246: INFO/ForkPoolWorker-1] Queued scan for subnet 22.22.22.0/24, task_id: 747
[2026-03-27 18:09:51,246: INFO/ForkPoolWorker-1] Queued 5 subnet scans
[2026-03-27 18:09:51,247: INFO/ForkPoolWorker-1] Task ipmanagement.tasks.scan_all_subnets[116aba74-2610-47d3-8013-7485fbdfedbf] succeeded in 0.06706130800012033s: {'total_subnets': 5, 'queued_tasks': 5}
[2026-03-27 18:09:51,259: INFO/ForkPoolWorker-4] Starting scan for subnet 10.20.2.0/24, total IPs: 254
[2026-03-27 18:09:51,275: INFO/ForkPoolWorker-3] Starting scan for subnet 172.16.2.0/24, total IPs: 254
[2026-03-27 18:09:51,277: INFO/ForkPoolWorker-2] Starting scan for subnet 172.16.1.0/24, total IPs: 254
[2026-03-27 18:09:51,286: INFO/ForkPoolWorker-1] Starting scan for subnet 10.20.2.0/24, total IPs: 254
[2026-03-27 18:10:33,775: INFO/MainProcess] Task devices.tasks.check_device_online[26c352bc-4265-459d-9d9a-d98f06b19d34] received
[2026-03-27 18:10:33,801: INFO/MainProcess] Task monitoring.tasks.collect_all_online_devices_metrics[e58e5c1a-c4a9-40b5-8fc3-c8c93b14d33d] received
[2026-03-27 18:10:33,810: INFO/MainProcess] Task configs.tasks.execute_scheduled_backup[3d7b50f2-a3f8-4bc8-93ea-f9c7a289184c] received
[2026-03-27 18:10:41,112: INFO/MainProcess] Task devices.tasks.check_device_online[098cda15-2019-4f0b-964e-5c22979e8dc9] received
[2026-03-27 18:10:41,118: INFO/MainProcess] Task configs.tasks.execute_scheduled_backup[52365403-556f-4386-9c0e-0d5a3fef7cb0] received
[2026-03-27 18:10:41,123: INFO/MainProcess] Task monitoring.tasks.collect_all_online_devices_metrics[54f073fe-1faa-4ee5-beb4-04d027baa338] received
[2026-03-27 18:11:26,178: INFO/MainProcess] Task monitoring.tasks.collect_device_metrics[a33ae84f-1812-41a5-870d-1e04b444a497] received
[2026-03-27 18:11:28,371: INFO/MainProcess] Task monitoring.tasks.collect_device_metrics[e85bc9a4-a391-42cd-b5bd-27c58ef6512f] received
[2026-03-27 18:11:33,802: INFO/MainProcess] Task monitoring.tasks.collect_all_online_devices_metrics[d5a6c0b0-a64e-4e8f-8a5f-a2ccd78eb574] received
[2026-03-27 18:11:41,114: INFO/MainProcess] Task devices.tasks.check_device_online[a406543a-a2e1-443a-a135-d7ab1f48fa70] received
[2026-03-27 18:15:55,799: INFO/ForkPoolWorker-2] Scan completed for 172.16.1.0/24: 0/254 hosts alive
[2026-03-27 18:15:55,800: INFO/ForkPoolWorker-4] Scan completed for 10.20.2.0/24: 1/254 hosts alive
[2026-03-27 18:15:55,802: INFO/ForkPoolWorker-3] Scan completed for 172.16.2.0/24: 0/254 hosts alive
[2026-03-27 18:15:55,845: INFO/ForkPoolWorker-1] Scan completed for 10.20.2.0/24: 1/254 hosts alive
[2026-03-27 18:15:56,191: INFO/ForkPoolWorker-4] Task ipmanagement.tasks.scan_subnet_task[1d23aa17-0798-4633-a484-fb64e5f1fcf1] succeeded in 364.9803141270022s: {'task_id': 738, 'cidr': '10.20.2.0/24', 'alive_count': 1, 'alive_hosts': [{'ip': '10.20.2.1', 'alive': True, 'hostname': None, 'response_time': 1.48, 'method': 'ICMP'}]}
[2026-03-27 18:15:56,222: INFO/ForkPoolWorker-2] Task ipmanagement.tasks.scan_subnet_task[09294da1-709f-4fdb-a99a-1f9380610f3e] succeeded in 365.00420668199877s: {'task_id': 739, 'cidr': '172.16.1.0/24', 'alive_count': 0, 'alive_hosts': []}
[2026-03-27 18:15:56,243: INFO/ForkPoolWorker-4] Starting scan for subnet 192.168.50.0/24, total IPs: 254
[2026-03-27 18:15:56,252: INFO/ForkPoolWorker-3] Task ipmanagement.tasks.scan_subnet_task[60dd312f-5f96-4464-b567-8ce703b3e491] succeeded in 365.01176585199937s: {'task_id': 741, 'cidr': '172.16.2.0/24', 'alive_count': 0, 'alive_hosts': []}
[2026-03-27 18:15:56,269: INFO/ForkPoolWorker-2] Starting scan for subnet 172.16.1.0/24, total IPs: 254
[2026-03-27 18:15:56,294: INFO/ForkPoolWorker-3] Starting scan for subnet 22.22.22.0/24, total IPs: 254
[2026-03-27 18:15:56,328: INFO/ForkPoolWorker-1] Task ipmanagement.tasks.scan_subnet_task[baf99b69-b2bc-421e-b466-73c8616ecdd4] succeeded in 365.07755455000006s: {'task_id': 740, 'cidr': '10.20.2.0/24', 'alive_count': 1, 'alive_hosts': [{'ip': '10.20.2.1', 'alive': True, 'hostname': None, 'response_time': 1.84, 'method': 'ICMP'}]}
[2026-03-27 18:15:56,363: INFO/ForkPoolWorker-1] Starting scan for subnet 172.16.2.0/24, total IPs: 254
[2026-03-27 18:16:33,802: INFO/MainProcess] Task devices.tasks.check_device_online[b3809b3f-2e3c-47bd-862d-5fdf8d1482ed] received
[2026-03-27 18:16:33,830: INFO/MainProcess] Task configs.tasks.execute_scheduled_backup[3c6cb28c-70fb-4956-90e5-7e4057db6f3c] received
[2026-03-27 18:16:41,146: INFO/MainProcess] Task devices.tasks.check_device_online[5b81f02a-2cf4-49e4-9e2f-b6675030ab4e] received
[2026-03-27 18:16:41,165: INFO/MainProcess] Task monitoring.tasks.collect_all_online_devices_metrics[455e5a17-a2eb-4273-b50b-b74fe178a6d8] received
[2026-03-27 18:20:40,005: INFO/ForkPoolWorker-4] Scan completed for 192.168.50.0/24: 7/254 hosts alive
[2026-03-27 18:20:40,400: ERROR/ForkPoolWorker-4] Task ipmanagement.tasks.scan_subnet_task[2013ecca-0ec1-4a7e-abbf-ece0c1cccf5e] raised unexpected: IntegrityError('null value in column "hostname" of relation "ipmanagement_allocationlog" violates not-null constraint\nDETAIL:  Failing row contains (90, 192.168.50.248, null, scan_discover, {"status": "available", "hostname": ""}, {"status": "allocated", "hostname": ""}, 2026-03-27 10:20:40.389991+00, 扫描发现，响应时间: 1070.16ms, null).\n')
Traceback (most recent call last):
  File "/opt/network_management/venv/lib/python3.10/site-packages/django/db/backends/utils.py", line 89, in _execute
    return self.cursor.execute(sql, params)
psycopg2.errors.NotNullViolation: null value in column "hostname" of relation "ipmanagement_allocationlog" violates not-null constraint
DETAIL:  Failing row contains (90, 192.168.50.248, null, scan_discover, {"status": "available", "hostname": ""}, {"status": "allocated", "hostname": ""}, 2026-03-27 10:20:40.389991+00, 扫描发现，响应时间: 1070.16ms, null).


The above exception was the direct cause of the following exception:

Traceback (most recent call last):
  File "/opt/network_management/venv/lib/python3.10/site-packages/celery/app/trace.py", line 479, in trace_task
    R = retval = fun(*args, **kwargs)
  File "/opt/network_management/venv/lib/python3.10/site-packages/celery/app/trace.py", line 779, in __protected_call__
    return self.run(*args, **kwargs)
  File "/opt/network_management/ipmanagement/tasks.py", line 36, in scan_subnet_task
    service.sync_scan_results(task.subnet_id, all_results)
  File "/opt/network_management/ipmanagement/services.py", line 685, in sync_scan_results
    AllocationLog.objects.create(
  File "/opt/network_management/venv/lib/python3.10/site-packages/django/db/models/manager.py", line 87, in manager_method
    return getattr(self.get_queryset(), name)(*args, **kwargs)
  File "/opt/network_management/venv/lib/python3.10/site-packages/django/db/models/query.py", line 660, in create
    obj.save(force_insert=True, using=self.db)
  File "/opt/network_management/venv/lib/python3.10/site-packages/django/db/models/base.py", line 814, in save
    self.save_base(
  File "/opt/network_management/venv/lib/python3.10/site-packages/django/db/models/base.py", line 877, in save_base
    updated = self._save_table(
  File "/opt/network_management/venv/lib/python3.10/site-packages/django/db/models/base.py", line 1020, in _save_table
    results = self._do_insert(
  File "/opt/network_management/venv/lib/python3.10/site-packages/django/db/models/base.py", line 1061, in _do_insert
    return manager._insert(
  File "/opt/network_management/venv/lib/python3.10/site-packages/django/db/models/manager.py", line 87, in manager_method
    return getattr(self.get_queryset(), name)(*args, **kwargs)
  File "/opt/network_management/venv/lib/python3.10/site-packages/django/db/models/query.py", line 1810, in _insert
    return query.get_compiler(using=using).execute_sql(returning_fields)
  File "/opt/network_management/venv/lib/python3.10/site-packages/django/db/models/sql/compiler.py", line 1822, in execute_sql
    cursor.execute(sql, params)
  File "/opt/network_management/venv/lib/python3.10/site-packages/django/db/backends/utils.py", line 102, in execute
    return super().execute(sql, params)
  File "/opt/network_management/venv/lib/python3.10/site-packages/django/db/backends/utils.py", line 67, in execute
    return self._execute_with_wrappers(
  File "/opt/network_management/venv/lib/python3.10/site-packages/django/db/backends/utils.py", line 80, in _execute_with_wrappers
    return executor(sql, params, many, context)
  File "/opt/network_management/venv/lib/python3.10/site-packages/django/db/backends/utils.py", line 84, in _execute
    with self.db.wrap_database_errors:
  File "/opt/network_management/venv/lib/python3.10/site-packages/django/db/utils.py", line 91, in __exit__
    raise dj_exc_value.with_traceback(traceback) from exc_value
  File "/opt/network_management/venv/lib/python3.10/site-packages/django/db/backends/utils.py", line 89, in _execute
    return self.cursor.execute(sql, params)
django.db.utils.IntegrityError: null value in column "hostname" of relation "ipmanagement_allocationlog" violates not-null constraint
DETAIL:  Failing row contains (90, 192.168.50.248, null, scan_discover, {"status": "available", "hostname": ""}, {"status": "allocated", "hostname": ""}, 2026-03-27 10:20:40.389991+00, 扫描发现，响应时间: 1070.16ms, null).

[2026-03-27 18:20:40,415: INFO/MainProcess] Task configs.tasks.execute_scheduled_backup[ebb61bee-9bcd-4bd1-a1e7-0e43c97235c8] received
[2026-03-27 18:20:40,436: INFO/ForkPoolWorker-4] Starting scan for subnet 192.168.50.0/24, total IPs: 254
[2026-03-27 18:22:00,802: INFO/ForkPoolWorker-2] Scan completed for 172.16.1.0/24: 0/254 hosts alive
[2026-03-27 18:22:00,821: INFO/ForkPoolWorker-3] Scan completed for 22.22.22.0/24: 1/254 hosts alive
[2026-03-27 18:22:00,933: INFO/ForkPoolWorker-1] Scan completed for 172.16.2.0/24: 0/254 hosts alive
[2026-03-27 18:22:01,180: INFO/ForkPoolWorker-2] Task ipmanagement.tasks.scan_subnet_task[4a5d74d2-f557-4dfd-a241-1a57bda1c1ae] succeeded in 364.94802493500174s: {'task_id': 743, 'cidr': '172.16.1.0/24', 'alive_count': 0, 'alive_hosts': []}
[2026-03-27 18:22:01,184: INFO/ForkPoolWorker-3] Task ipmanagement.tasks.scan_subnet_task[9f8841fb-3355-4ded-ac69-6ec0382eca3c] succeeded in 364.92302343700067s: {'task_id': 744, 'cidr': '22.22.22.0/24', 'alive_count': 1, 'alive_hosts': [{'ip': '22.22.22.1', 'alive': True, 'hostname': None, 'response_time': 1.73, 'method': 'ICMP'}]}
[2026-03-27 18:22:01,193: INFO/MainProcess] Task monitoring.tasks.collect_all_online_devices_metrics[212ce758-b407-47e9-adec-a34c695027a5] received
[2026-03-27 18:22:01,201: INFO/MainProcess] Task devices.tasks.check_device_online[08d8e625-786f-4638-9bbd-295f16937889] received
[2026-03-27 18:22:01,215: INFO/ForkPoolWorker-2] Starting scan for subnet 22.22.22.0/24, total IPs: 254
[2026-03-27 18:22:01,341: INFO/ForkPoolWorker-1] Task ipmanagement.tasks.scan_subnet_task[01f1a1ba-aa0d-4b13-835e-52492ee37520] succeeded in 365.0080844280019s: {'task_id': 745, 'cidr': '172.16.2.0/24', 'alive_count': 0, 'alive_hosts': []}
[2026-03-27 18:22:01,348: INFO/MainProcess] Task monitoring.tasks.collect_all_online_devices_metrics[802d048d-4953-4ab4-9b99-1a93bd22202d] received
[2026-03-27 18:22:01,376: INFO/ForkPoolWorker-1] Task monitoring.tasks.collect_all_online_devices_metrics[e58e5c1a-c4a9-40b5-8fc3-c8c93b14d33d] succeeded in 0.03162083999995957s: {'success': True, 'devices_count': 1, 'results': [{'device_id': 1, 'device_name': 'router1'}]}
[2026-03-27 18:22:01,392: INFO/MainProcess] Task configs.tasks.execute_scheduled_backup[b670bda8-6a28-4cb2-b6e4-f432c7da66b8] received
[2026-03-27 18:22:01,421: INFO/ForkPoolWorker-1] Task configs.tasks.execute_scheduled_backup[3d7b50f2-a3f8-4bc8-93ea-f9c7a289184c] succeeded in 0.03734093900129665s: {'success': True, 'message': '当前无到期的备份任务', 'triggered_count': 0}
[2026-03-27 18:22:01,442: INFO/MainProcess] Task devices.tasks.check_device_online[3ad1fd4b-43c7-4da4-b1ff-005f21b57bc1] received
[2026-03-27 18:22:03,243: INFO/ForkPoolWorker-3] Task devices.tasks.check_device_online[26c352bc-4265-459d-9d9a-d98f06b19d34] succeeded in 2.0486808860005112s: {'success': True, 'total_devices': 7, 'online_count': 1, 'offline_devices': 0, 'offline_ips': []}
[2026-03-27 18:22:03,250: INFO/MainProcess] Task configs.tasks.execute_scheduled_backup[ad22ecf0-faff-44f9-b07d-35480c785075] received
[2026-03-27 18:22:03,275: INFO/ForkPoolWorker-3] Task configs.tasks.execute_scheduled_backup[52365403-556f-4386-9c0e-0d5a3fef7cb0] succeeded in 0.028574383999512065s: {'success': True, 'message': '当前无到期的备份任务', 'triggered_count': 0}
[2026-03-27 18:22:03,283: INFO/MainProcess] Task monitoring.tasks.collect_all_online_devices_metrics[537cd3be-d2d8-4ab9-b425-be155d45021e] received
[2026-03-27 18:22:03,305: INFO/ForkPoolWorker-3] Task monitoring.tasks.collect_all_online_devices_metrics[54f073fe-1faa-4ee5-beb4-04d027baa338] succeeded in 0.02724225500060129s: {'success': True, 'devices_count': 1, 'results': [{'device_id': 1, 'device_name': 'router1'}]}
[2026-03-27 18:22:03,310: INFO/MainProcess] Task devices.tasks.check_device_online[7532b1ab-0d76-477b-9dd2-3e6224fec980] received
[2026-03-27 18:22:03,490: INFO/ForkPoolWorker-1] Task devices.tasks.check_device_online[098cda15-2019-4f0b-964e-5c22979e8dc9] succeeded in 2.0616040690001682s: {'success': True, 'total_devices': 7, 'online_count': 1, 'offline_devices': 0, 'offline_ips': []}
[2026-03-27 18:22:03,499: INFO/MainProcess] Task monitoring.tasks.collect_all_online_devices_metrics[8ed7ca6a-58d9-44b9-935f-2158f463b1bb] received
[2026-03-27 18:22:05,906: INFO/ForkPoolWorker-3] Connected (version 2.0, client Comware-7.1.064)
[2026-03-27 18:22:05,993: INFO/ForkPoolWorker-1] Connected (version 2.0, client Comware-7.1.064)
[2026-03-27 18:22:06,001: INFO/ForkPoolWorker-3] Authentication (password) successful!
[2026-03-27 18:22:06,091: INFO/ForkPoolWorker-1] Authentication (password) successful!
[2026-03-27 18:22:10,328: INFO/ForkPoolWorker-3] Task monitoring.tasks.collect_device_metrics[a33ae84f-1812-41a5-870d-1e04b444a497] succeeded in 7.021094278003147s: {'success': True, 'device_id': 1, 'stored_count': 42, 'alerts_count': 0}
[2026-03-27 18:22:10,335: INFO/MainProcess] Task configs.tasks.execute_scheduled_backup[8bb90e48-a48d-4e1e-b10a-5e28934d3537] received
[2026-03-27 18:22:10,341: INFO/ForkPoolWorker-1] Task monitoring.tasks.collect_device_metrics[e85bc9a4-a391-42cd-b5bd-27c58ef6512f] succeeded in 6.847408807996544s: {'success': True, 'device_id': 1, 'stored_count': 42, 'alerts_count': 0}
[2026-03-27 18:22:10,351: INFO/MainProcess] Task devices.tasks.check_device_online[5ee03d22-4168-4b2a-9566-2dac6850ce69] received
[2026-03-27 18:22:10,362: INFO/ForkPoolWorker-3] Task monitoring.tasks.collect_all_online_devices_metrics[d5a6c0b0-a64e-4e8f-8a5f-a2ccd78eb574] succeeded in 0.030943858000682667s: {'success': True, 'devices_count': 1, 'results': [{'device_id': 1, 'device_name': 'router1'}]}
[2026-03-27 18:22:10,370: INFO/MainProcess] Task configs.tasks.execute_scheduled_backup[bca5339b-ed7d-467e-89b2-abb62794351b] received
[2026-03-27 18:22:12,391: INFO/ForkPoolWorker-1] Task devices.tasks.check_device_online[a406543a-a2e1-443a-a135-d7ab1f48fa70] succeeded in 2.046279502003017s: {'success': True, 'total_devices': 7, 'online_count': 1, 'offline_devices': 0, 'offline_ips': []}
[2026-03-27 18:22:12,398: INFO/MainProcess] Task monitoring.tasks.collect_all_online_devices_metrics[fb1e48b3-c36a-4e7f-92c2-a8e35b96ba1f] received
[2026-03-27 18:22:12,410: INFO/ForkPoolWorker-3] Task devices.tasks.check_device_online[b3809b3f-2e3c-47bd-862d-5fdf8d1482ed] succeeded in 2.043182668996451s: {'success': True, 'total_devices': 7, 'online_count': 1, 'offline_devices': 0, 'offline_ips': []}
[2026-03-27 18:22:12,417: INFO/MainProcess] Task monitoring.tasks.collect_device_metrics[56b6a1c6-4aef-4f49-92c7-51236281e85c] received
[2026-03-27 18:22:12,418: INFO/ForkPoolWorker-1] Task configs.tasks.execute_scheduled_backup[3c6cb28c-70fb-4956-90e5-7e4057db6f3c] succeeded in 0.024219172999437433s: {'success': True, 'message': '当前无到期的备份任务', 'triggered_count': 0}
[2026-03-27 18:22:12,426: INFO/MainProcess] Task monitoring.tasks.collect_device_metrics[7b773f4d-b649-4414-b00e-6861c24f0d56] received
[2026-03-27 18:22:12,452: INFO/ForkPoolWorker-1] Task monitoring.tasks.collect_all_online_devices_metrics[455e5a17-a2eb-4273-b50b-b74fe178a6d8] succeeded in 0.02962491099970066s: {'success': True, 'devices_count': 1, 'results': [{'device_id': 1, 'device_name': 'router1'}]}
[2026-03-27 18:22:12,460: INFO/MainProcess] Task monitoring.tasks.collect_device_metrics[6a21bc56-9212-44fb-af91-5c8d3dcdf9c8] received
[2026-03-27 18:22:12,485: INFO/ForkPoolWorker-1] Task configs.tasks.execute_scheduled_backup[ebb61bee-9bcd-4bd1-a1e7-0e43c97235c8] succeeded in 0.029826066001987783s: {'success': True, 'message': '当前无到期的备份任务', 'triggered_count': 0}
[2026-03-27 18:22:12,491: INFO/MainProcess] Task monitoring.tasks.collect_device_metrics[5d633968-6656-4bf8-8e23-f5d579d01020] received
[2026-03-27 18:22:12,520: INFO/ForkPoolWorker-1] Task monitoring.tasks.collect_all_online_devices_metrics[212ce758-b407-47e9-adec-a34c695027a5] succeeded in 0.031807737999770325s: {'success': True, 'devices_count': 1, 'results': [{'device_id': 1, 'device_name': 'router1'}]}
[2026-03-27 18:22:12,527: INFO/MainProcess] Task monitoring.tasks.collect_device_metrics[9cb326b4-6db9-4c7e-addc-fe8b24dfa4aa] received
[2026-03-27 18:22:14,455: INFO/ForkPoolWorker-3] Task devices.tasks.check_device_online[5b81f02a-2cf4-49e4-9e2f-b6675030ab4e] succeeded in 2.0425148180001997s: {'success': True, 'total_devices': 7, 'online_count': 1, 'offline_devices': 0, 'offline_ips': []}
[2026-03-27 18:22:14,490: INFO/MainProcess] Task monitoring.tasks.collect_device_metrics[b2ba8da5-ca96-41bb-9a7a-23f2219e1d30] received
[2026-03-27 18:22:14,490: INFO/ForkPoolWorker-3] Task monitoring.tasks.collect_all_online_devices_metrics[802d048d-4953-4ab4-9b99-1a93bd22202d] succeeded in 0.032112810000398895s: {'success': True, 'devices_count': 1, 'results': [{'device_id': 1, 'device_name': 'router1'}]}
[2026-03-27 18:22:14,523: INFO/ForkPoolWorker-3] Task configs.tasks.execute_scheduled_backup[b670bda8-6a28-4cb2-b6e4-f432c7da66b8] succeeded in 0.03012861599927419s: {'success': True, 'message': '当前无到期的备份任务', 'triggered_count': 0}
[2026-03-27 18:22:14,568: INFO/ForkPoolWorker-1] Task devices.tasks.check_device_online[08d8e625-786f-4638-9bbd-295f16937889] succeeded in 2.0441868509988126s: {'success': True, 'total_devices': 7, 'online_count': 1, 'offline_devices': 0, 'offline_ips': []}
[2026-03-27 18:22:14,601: INFO/ForkPoolWorker-1] Task configs.tasks.execute_scheduled_backup[ad22ecf0-faff-44f9-b07d-35480c785075] succeeded in 0.030500062999635702s: {'success': True, 'message': '当前无到期的备份任务', 'triggered_count': 0}
[2026-03-27 18:22:14,635: INFO/MainProcess] Task monitoring.tasks.collect_device_metrics[82be3664-5bec-4346-b663-9509b1549b80] received
[2026-03-27 18:22:14,635: INFO/ForkPoolWorker-1] Task monitoring.tasks.collect_all_online_devices_metrics[537cd3be-d2d8-4ab9-b425-be155d45021e] succeeded in 0.030066557999816723s: {'success': True, 'devices_count': 1, 'results': [{'device_id': 1, 'device_name': 'router1'}]}
[2026-03-27 18:22:16,567: INFO/ForkPoolWorker-3] Task devices.tasks.check_device_online[3ad1fd4b-43c7-4da4-b1ff-005f21b57bc1] succeeded in 2.041242103998229s: {'success': True, 'total_devices': 7, 'online_count': 1, 'offline_devices': 0, 'offline_ips': []}
[2026-03-27 18:22:16,597: INFO/MainProcess] Task monitoring.tasks.collect_device_metrics[8b79e368-9ebf-442d-9d98-3c21d3efb244] received
[2026-03-27 18:22:16,597: INFO/ForkPoolWorker-3] Task monitoring.tasks.collect_all_online_devices_metrics[8ed7ca6a-58d9-44b9-935f-2158f463b1bb] succeeded in 0.02744407100180979s: {'success': True, 'devices_count': 1, 'results': [{'device_id': 1, 'device_name': 'router1'}]}
[2026-03-27 18:22:16,626: INFO/ForkPoolWorker-3] Task configs.tasks.execute_scheduled_backup[8bb90e48-a48d-4e1e-b10a-5e28934d3537] succeeded in 0.02629611600059434s: {'success': True, 'message': '当前无到期的备份任务', 'triggered_count': 0}
[2026-03-27 18:22:16,682: INFO/ForkPoolWorker-1] Task devices.tasks.check_device_online[7532b1ab-0d76-477b-9dd2-3e6224fec980] succeeded in 2.0427872319996823s: {'success': True, 'total_devices': 7, 'online_count': 1, 'offline_devices': 0, 'offline_ips': []}
[2026-03-27 18:22:16,714: INFO/ForkPoolWorker-1] Task configs.tasks.execute_scheduled_backup[bca5339b-ed7d-467e-89b2-abb62794351b] succeeded in 0.027571051999984775s: {'success': True, 'message': '当前无到期的备份任务', 'triggered_count': 0}
[2026-03-27 18:22:16,741: INFO/MainProcess] Task monitoring.tasks.collect_device_metrics[91c90044-3c3f-48f6-80b6-7e2ec8414637] received
[2026-03-27 18:22:16,742: INFO/ForkPoolWorker-1] Task monitoring.tasks.collect_all_online_devices_metrics[fb1e48b3-c36a-4e7f-92c2-a8e35b96ba1f] succeeded in 0.02460780800174689s: {'success': True, 'devices_count': 1, 'results': [{'device_id': 1, 'device_name': 'router1'}]}
[2026-03-27 18:22:18,672: INFO/ForkPoolWorker-3] Task devices.tasks.check_device_online[5ee03d22-4168-4b2a-9566-2dac6850ce69] succeeded in 2.0418478140018124s: {'success': True, 'total_devices': 7, 'online_count': 1, 'offline_devices': 0, 'offline_ips': []}
[2026-03-27 18:22:19,162: INFO/ForkPoolWorker-1] Connected (version 2.0, client Comware-7.1.064)
[2026-03-27 18:22:19,262: INFO/ForkPoolWorker-1] Authentication (password) successful!
[2026-03-27 18:22:21,167: INFO/ForkPoolWorker-3] Connected (version 2.0, client Comware-7.1.064)
[2026-03-27 18:22:21,297: INFO/ForkPoolWorker-3] Authentication (password) successful!
